Archive member included to satisfy reference by file (symbol)

../../../libDaisy/build/libdaisy.a(daisy_seed.o)
                              build/oscillator.o (daisy::DaisySeed::Configure())
../../../libDaisy/build/libdaisy.a(codec_ak4556.o)
                              ../../../libDaisy/build/libdaisy.a(daisy_seed.o) (daisy::Ak4556::Init(dsy_gpio_pin))
../../../libDaisy/build/libdaisy.a(codec_wm8731.o)
                              ../../../libDaisy/build/libdaisy.a(daisy_seed.o) (daisy::Wm8731::Init(daisy::Wm8731::Config const&, daisy::I2CHandle))
../../../libDaisy/build/libdaisy.a(sdram.o)
                              ../../../libDaisy/build/libdaisy.a(daisy_seed.o) (SdramHandle::Init())
../../../libDaisy/build/libdaisy.a(audio.o)
                              ../../../libDaisy/build/libdaisy.a(daisy_seed.o) (daisy::AudioHandle::Init(daisy::AudioHandle::Config const&, daisy::SaiHandle))
../../../libDaisy/build/libdaisy.a(adc.o)
                              build/oscillator.o (daisy::AdcChannelConfig::InitSingle(dsy_gpio_pin, daisy::AdcChannelConfig::ConversionSpeed))
../../../libDaisy/build/libdaisy.a(gpio.o)
                              build/oscillator.o (daisy::GPIO::Init(daisy::Pin, daisy::GPIO::Mode, daisy::GPIO::Pull, daisy::GPIO::Speed))
../../../libDaisy/build/libdaisy.a(i2c.o)
                              ../../../libDaisy/build/libdaisy.a(daisy_seed.o) (daisy::I2CHandle::Init(daisy::I2CHandle::Config const&))
../../../libDaisy/build/libdaisy.a(qspi.o)
                              ../../../libDaisy/build/libdaisy.a(daisy_seed.o) (daisy::QSPIHandle::Init(daisy::QSPIHandle::Config const&))
../../../libDaisy/build/libdaisy.a(sai.o)
                              ../../../libDaisy/build/libdaisy.a(daisy_seed.o) (daisy::SaiHandle::Init(daisy::SaiHandle::Config const&))
../../../libDaisy/build/libdaisy.a(system.o)
                              ../../../libDaisy/build/libdaisy.a(daisy_seed.o) (daisy::System::DeInit())
../../../libDaisy/build/libdaisy.a(system_stm32h7xx.o)
                              build/startup_stm32h750xx.o (SystemInit)
../../../libDaisy/build/libdaisy.a(usbd_conf.o)
                              ../../../libDaisy/build/libdaisy.a(system.o) (hpcd_USB_OTG_HS)
../../../libDaisy/build/libdaisy.a(usbh_conf.o)
                              ../../../libDaisy/build/libdaisy.a(system.o) (hhcd_USB_OTG_HS)
../../../libDaisy/build/libdaisy.a(hal_map.o)
                              ../../../libDaisy/build/libdaisy.a(gpio.o) (dsy_hal_map_get_port)
../../../libDaisy/build/libdaisy.a(stm32h7xx_hal.o)
                              ../../../libDaisy/build/libdaisy.a(system.o) (HAL_Init)
../../../libDaisy/build/libdaisy.a(stm32h7xx_hal_adc.o)
                              ../../../libDaisy/build/libdaisy.a(adc.o) (HAL_ADC_ConfigChannel)
../../../libDaisy/build/libdaisy.a(stm32h7xx_hal_adc_ex.o)
                              ../../../libDaisy/build/libdaisy.a(adc.o) (HAL_ADCEx_Calibration_Start)
../../../libDaisy/build/libdaisy.a(stm32h7xx_hal_cortex.o)
                              ../../../libDaisy/build/libdaisy.a(stm32h7xx_hal.o) (HAL_NVIC_SetPriorityGrouping)
../../../libDaisy/build/libdaisy.a(stm32h7xx_hal_dma.o)
                              ../../../libDaisy/build/libdaisy.a(adc.o) (HAL_DMA_Init)
../../../libDaisy/build/libdaisy.a(stm32h7xx_hal_gpio.o)
                              ../../../libDaisy/build/libdaisy.a(sdram.o) (HAL_GPIO_Init)
../../../libDaisy/build/libdaisy.a(stm32h7xx_hal_hcd.o)
                              ../../../libDaisy/build/libdaisy.a(usbh_conf.o) (HAL_HCD_HC_Init)
../../../libDaisy/build/libdaisy.a(stm32h7xx_hal_i2c.o)
                              ../../../libDaisy/build/libdaisy.a(i2c.o) (HAL_I2C_Init)
../../../libDaisy/build/libdaisy.a(stm32h7xx_hal_i2c_ex.o)
                              ../../../libDaisy/build/libdaisy.a(i2c.o) (HAL_I2CEx_ConfigAnalogFilter)
../../../libDaisy/build/libdaisy.a(stm32h7xx_hal_pcd.o)
                              ../../../libDaisy/build/libdaisy.a(usbd_conf.o) (HAL_PCD_Init)
../../../libDaisy/build/libdaisy.a(stm32h7xx_hal_pcd_ex.o)
                              ../../../libDaisy/build/libdaisy.a(usbd_conf.o) (HAL_PCDEx_SetTxFiFo)
../../../libDaisy/build/libdaisy.a(stm32h7xx_hal_pwr_ex.o)
                              ../../../libDaisy/build/libdaisy.a(system.o) (HAL_PWREx_ConfigSupply)
../../../libDaisy/build/libdaisy.a(stm32h7xx_hal_qspi.o)
                              ../../../libDaisy/build/libdaisy.a(qspi.o) (HAL_QSPI_Init)
../../../libDaisy/build/libdaisy.a(stm32h7xx_hal_rcc.o)
                              ../../../libDaisy/build/libdaisy.a(system.o) (HAL_RCC_OscConfig)
../../../libDaisy/build/libdaisy.a(stm32h7xx_hal_rcc_ex.o)
                              ../../../libDaisy/build/libdaisy.a(system.o) (HAL_RCCEx_PeriphCLKConfig)
../../../libDaisy/build/libdaisy.a(stm32h7xx_hal_sai.o)
                              ../../../libDaisy/build/libdaisy.a(sai.o) (HAL_SAI_InitProtocol)
[...]
Memory Configuration

Name             Origin             Length             Attributes
FLASH            0x0000000008000000 0x0000000000020000 xr
DTCMRAM          0x0000000020000000 0x0000000000020000 xrw
SRAM             0x0000000024000000 0x0000000000080000 xrw
RAM_D2           0x0000000030000000 0x0000000000048000 xrw
RAM_D3           0x0000000038000000 0x0000000000010000 xrw
BACKUP_SRAM      0x0000000038800000 0x0000000000001000 xrw
ITCMRAM          0x0000000000000000 0x0000000000010000 xrw
SDRAM            0x00000000c0000000 0x0000000004000000 xrw
QSPIFLASH        0x0000000090000000 0x0000000000800000 xr
*default*        0x0000000000000000 0xffffffffffffffff

Linker script and memory map

LOAD /home/neo/Documents/Developer/gcc-arm-none-eabi-10-2020-q4-major/bin/../lib/gcc/arm-none-eabi/10.2.1/thumb/v7e-m+dp/hard/crti.o
LOAD /home/neo/Documents/Developer/gcc-arm-none-eabi-10-2020-q4-major/bin/../lib/gcc/arm-none-eabi/10.2.1/thumb/v7e-m+dp/hard/crtbegin.o
LOAD /home/neo/Documents/Developer/gcc-arm-none-eabi-10-2020-q4-major/bin/../lib/gcc/arm-none-eabi/10.2.1/../../../../arm-none-eabi/lib/thumb/v7e-m+dp/hard/crt0.o
LOAD build/startup_stm32h750xx.o
LOAD build/oscillator.o
LOAD ../../../libDaisy/build/libdaisy.a
LOAD /home/neo/Documents/Developer/gcc-arm-none-eabi-10-2020-q4-major/bin/../lib/gcc/arm-none-eabi/10.2.1/../../../../arm-none-eabi/lib/thumb/v7e-m+dp/hard/libnosys.a
LOAD ../../../DaisySP/build/libdaisysp.a
LOAD /home/neo/Documents/Developer/gcc-arm-none-eabi-10-2020-q4-major/bin/../lib/gcc/arm-none-eabi/10.2.1/../../../../arm-none-eabi/lib/thumb/v7e-m+dp/hard/libstdc++_nano.a
LOAD /home/neo/Documents/Developer/gcc-arm-none-eabi-10-2020-q4-major/bin/../lib/gcc/arm-none-eabi/10.2.1/../../../../arm-none-eabi/lib/thumb/v7e-m+dp/hard/libm.a
LOAD /home/neo/Documents/Developer/gcc-arm-none-eabi-10-2020-q4-major/bin/../lib/gcc/arm-none-eabi/10.2.1/../../../../arm-none-eabi/lib/thumb/v7e-m+dp/hard/libc_nano.a
START GROUP
LOAD /home/neo/Documents/Developer/gcc-arm-none-eabi-10-2020-q4-major/bin/../lib/gcc/arm-none-eabi/10.2.1/thumb/v7e-m+dp/hard/libgcc.a
LOAD /home/neo/Documents/Developer/gcc-arm-none-eabi-10-2020-q4-major/bin/../lib/gcc/arm-none-eabi/10.2.1/../../../../arm-none-eabi/lib/thumb/v7e-m+dp/hard/libc_nano.a
END GROUP
START GROUP
LOAD /home/neo/Documents/Developer/gcc-arm-none-eabi-10-2020-q4-major/bin/../lib/gcc/arm-none-eabi/10.2.1/thumb/v7e-m+dp/hard/libgcc.a
LOAD /home/neo/Documents/Developer/gcc-arm-none-eabi-10-2020-q4-major/bin/../lib/gcc/arm-none-eabi/10.2.1/../../../../arm-none-eabi/lib/thumb/v7e-m+dp/hard/libc_nano.a
LOAD /home/neo/Documents/Developer/gcc-arm-none-eabi-10-2020-q4-major/bin/../lib/gcc/arm-none-eabi/10.2.1/../../../../arm-none-eabi/lib/thumb/v7e-m+dp/hard/libnosys.a
END GROUP
START GROUP
LOAD /home/neo/Documents/Developer/gcc-arm-none-eabi-10-2020-q4-major/bin/../lib/gcc/arm-none-eabi/10.2.1/thumb/v7e-m+dp/hard/libgcc.a
LOAD /home/neo/Documents/Developer/gcc-arm-none-eabi-10-2020-q4-major/bin/../lib/gcc/arm-none-eabi/10.2.1/../../../../arm-none-eabi/lib/thumb/v7e-m+dp/hard/libc_nano.a
LOAD /home/neo/Documents/Developer/gcc-arm-none-eabi-10-2020-q4-major/bin/../lib/gcc/arm-none-eabi/10.2.1/../../../../arm-none-eabi/lib/thumb/v7e-m+dp/hard/libnosys.a
END GROUP
LOAD /home/neo/Documents/Developer/gcc-arm-none-eabi-10-2020-q4-major/bin/../lib/gcc/arm-none-eabi/10.2.1/thumb/v7e-m+dp/hard/crtend.o
LOAD /home/neo/Documents/Developer/gcc-arm-none-eabi-10-2020-q4-major/bin/../lib/gcc/arm-none-eabi/10.2.1/thumb/v7e-m+dp/hard/crtn.o
                0x0000000020020000                _estack = 0x20020000

.isr_vector     0x0000000008000000      0x298
                0x0000000008000000                . = ALIGN (0x4)
 *(.isr_vector)
 .isr_vector    0x0000000008000000      0x298 build/startup_stm32h750xx.o
                0x0000000008000000                g_pfnVectors
                0x0000000008000298                . = ALIGN (0x4)

.text           0x0000000008000298    0x11618
                0x0000000008000298                . = ALIGN (0x4)
                0x0000000008000298                _stext = .
 *(.text)
 .text          0x0000000008000298       0x40 /home/neo/Documents/Developer/gcc-arm-none-eabi-10-2020-q4-major/bin/../lib/gcc/arm-none-eabi/10.2.1/thumb/v7e-m+dp/hard/crtbegin.o
 .text          0x00000000080002d8      0x378 /home/neo/Documents/Developer/gcc-arm-none-eabi-10-2020-q4-major/bin/../lib/gcc/arm-none-eabi/10.2.1/thumb/v7e-m+dp/hard/libgcc.a(_arm_addsubdf3.o)
                0x00000000080002d8                __aeabi_drsub
                0x00000000080002e0                __aeabi_dsub
                0x00000000080002e0                __subdf3
                0x00000000080002e4                __adddf3
                0x00000000080002e4                __aeabi_dadd
                0x000000000800055c                __aeabi_ui2d
                0x000000000800055c                __floatunsidf
                0x000000000800057c                __floatsidf
                0x000000000800057c                __aeabi_i2d
                0x00000000080005a0                __extendsfdf2
                0x00000000080005a0                __aeabi_f2d
                0x00000000080005e4                __aeabi_ul2d
                0x00000000080005e4                __floatundidf
                0x00000000080005f4                __floatdidf
                0x00000000080005f4                __aeabi_l2d
 .text          0x0000000008000650       0x30 /home/neo/Documents/Developer/gcc-arm-none-eabi-10-2020-q4-major/bin/../lib/gcc/arm-none-eabi/10.2.1/thumb/v7e-m+dp/hard/libgcc.a(_aeabi_uldivmod.o)
                0x0000000008000650                __aeabi_uldivmod
 .text          0x0000000008000680      0x2d0 /home/neo/Documents/Developer/gcc-arm-none-eabi-10-2020-q4-major/bin/../lib/gcc/arm-none-eabi/10.2.1/thumb/v7e-m+dp/hard/libgcc.a(_udivmoddi4.o)
                0x0000000008000680                __udivmoddi4
 .text          0x0000000008000950        0x4 /home/neo/Documents/Developer/gcc-arm-none-eabi-10-2020-q4-major/bin/../lib/gcc/arm-none-eabi/10.2.1/thumb/v7e-m+dp/hard/libgcc.a(_dvmd_tls.o)
                0x0000000008000950                __aeabi_ldiv0
                0x0000000008000950                __aeabi_idiv0
 *(.text*)
 .text.Default_Handler
                0x0000000008000954        0x4 build/startup_stm32h750xx.o
                0x0000000008000954                RTC_Alarm_IRQHandler
                0x0000000008000954                HASH_RNG_IRQHandler
                0x0000000008000954                EXTI2_IRQHandler
                0x0000000008000954                TIM8_CC_IRQHandler
                0x0000000008000954                HRTIM1_Master_IRQHandler
                0x0000000008000954                DebugMon_Handler
                0x0000000008000954                TIM1_CC_IRQHandler
                0x0000000008000954                BDMA_Channel6_IRQHandler
                0x0000000008000954                DMA2_Stream5_IRQHandler
                0x0000000008000954                HRTIM1_FLT_IRQHandler
                0x0000000008000954                JPEG_IRQHandler
                0x0000000008000954                BDMA_Channel1_IRQHandler
                0x0000000008000954                HRTIM1_TIMD_IRQHandler
                0x0000000008000954                TAMP_STAMP_IRQHandler
                0x0000000008000954                PendSV_Handler
                0x0000000008000954                NMI_Handler
                0x0000000008000954                EXTI3_IRQHandler
                0x0000000008000954                LPTIM4_IRQHandler
                0x0000000008000954                TIM8_TRG_COM_TIM14_IRQHandler
                0x0000000008000954                LPTIM2_IRQHandler
                0x0000000008000954                DFSDM1_FLT1_IRQHandler
                0x0000000008000954                DMAMUX2_OVR_IRQHandler
                0x0000000008000954                TIM8_UP_TIM13_IRQHandler
                0x0000000008000954                I2C3_ER_IRQHandler
                0x0000000008000954                DFSDM1_FLT2_IRQHandler
                0x0000000008000954                MDMA_IRQHandler
                0x0000000008000954                LPTIM3_IRQHandler
                0x0000000008000954                HSEM1_IRQHandler
                0x0000000008000954                EXTI0_IRQHandler
                0x0000000008000954                FPU_IRQHandler
                0x0000000008000954                OTG_HS_WKUP_IRQHandler
                0x0000000008000954                FDCAN1_IT1_IRQHandler
                0x0000000008000954                UsageFault_Handler
                0x0000000008000954                LTDC_ER_IRQHandler
                0x0000000008000954                HRTIM1_TIME_IRQHandler
                0x0000000008000954                TIM6_DAC_IRQHandler
                0x0000000008000954                DCMI_IRQHandler
                0x0000000008000954                HRTIM1_TIMC_IRQHandler
                0x0000000008000954                SAI2_IRQHandler
                0x0000000008000954                DFSDM1_FLT3_IRQHandler
                0x0000000008000954                TIM17_IRQHandler
                0x0000000008000954                CRYP_IRQHandler
                0x0000000008000954                BDMA_Channel7_IRQHandler
                0x0000000008000954                LPTIM5_IRQHandler
                0x0000000008000954                ADC3_IRQHandler
                0x0000000008000954                DMA2_Stream0_IRQHandler
                0x0000000008000954                BDMA_Channel2_IRQHandler
                0x0000000008000954                DMAMUX1_OVR_IRQHandler
                0x0000000008000954                TIM16_IRQHandler
                0x0000000008000954                BDMA_Channel5_IRQHandler
                0x0000000008000954                RCC_IRQHandler
                0x0000000008000954                TIM8_BRK_TIM12_IRQHandler
                0x0000000008000954                TIM1_TRG_COM_IRQHandler
                0x0000000008000954                Default_Handler
                0x0000000008000954                ECC_IRQHandler
                0x0000000008000954                CEC_IRQHandler
                0x0000000008000954                EXTI15_10_IRQHandler
                0x0000000008000954                BDMA_Channel0_IRQHandler
                0x0000000008000954                ADC_IRQHandler
                0x0000000008000954                DMA1_Stream7_IRQHandler
                0x0000000008000954                HRTIM1_TIMA_IRQHandler
                0x0000000008000954                TIM7_IRQHandler
                0x0000000008000954                SDMMC1_IRQHandler
                0x0000000008000954                DMA2_Stream7_IRQHandler
                0x0000000008000954                TIM15_IRQHandler
                0x0000000008000954                PVD_AVD_IRQHandler
                0x0000000008000954                EXTI9_5_IRQHandler
                0x0000000008000954                RTC_WKUP_IRQHandler
                0x0000000008000954                LTDC_IRQHandler
                0x0000000008000954                SAI3_IRQHandler
                0x0000000008000954                ETH_WKUP_IRQHandler
                0x0000000008000954                SPDIF_RX_IRQHandler
                0x0000000008000954                MemManage_Handler
                0x0000000008000954                SVC_Handler
                0x0000000008000954                CRS_IRQHandler
                0x0000000008000954                EXTI4_IRQHandler
                0x0000000008000954                HRTIM1_TIMB_IRQHandler
                0x0000000008000954                FDCAN2_IT1_IRQHandler
                0x0000000008000954                ETH_IRQHandler
                0x0000000008000954                TIM1_UP_IRQHandler
                0x0000000008000954                BDMA_Channel4_IRQHandler
                0x0000000008000954                WWDG_IRQHandler
                0x0000000008000954                SPI6_IRQHandler
                0x0000000008000954                I2C4_EV_IRQHandler
                0x0000000008000954                MDIOS_IRQHandler
                0x0000000008000954                FDCAN2_IT0_IRQHandler
                0x0000000008000954                FDCAN1_IT0_IRQHandler
                0x0000000008000954                OTG_FS_WKUP_IRQHandler
                0x0000000008000954                DMA2D_IRQHandler
                0x0000000008000954                TIM1_BRK_IRQHandler
                0x0000000008000954                EXTI1_IRQHandler
                0x0000000008000954                SDMMC2_IRQHandler
                0x0000000008000954                OTG_FS_EP1_OUT_IRQHandler
                0x0000000008000954                BDMA_Channel3_IRQHandler
                0x0000000008000954                MDIOS_WKUP_IRQHandler
                0x0000000008000954                DFSDM1_FLT0_IRQHandler
                0x0000000008000954                SAI4_IRQHandler
                0x0000000008000954                I2C2_ER_IRQHandler
                0x0000000008000954                DMA2_Stream1_IRQHandler
                0x0000000008000954                FLASH_IRQHandler
                0x0000000008000954                BusFault_Handler
                0x0000000008000954                OTG_FS_IRQHandler
                0x0000000008000954                WAKEUP_PIN_IRQHandler
                0x0000000008000954                OTG_FS_EP1_IN_IRQHandler
                0x0000000008000954                I2C1_ER_IRQHandler
                0x0000000008000954                FMC_IRQHandler
                0x0000000008000954                FDCAN_CAL_IRQHandler
                0x0000000008000954                SWPMI1_IRQHandler
                0x0000000008000954                COMP1_IRQHandler
                0x0000000008000954                LPTIM1_IRQHandler
                0x0000000008000954                I2C4_ER_IRQHandler
                0x0000000008000954                DMA2_Stream6_IRQHandler
                0x0000000008000954                SAI1_IRQHandler
 .text.Reset_Handler
                0x0000000008000958       0x44 build/startup_stm32h750xx.o
                0x0000000008000958                Reset_Handler
 .text._ZN7daisysp10OscillatorD2Ev
                0x000000000800099c        0x4 build/oscillator.o
                0x000000000800099c                daisysp::Oscillator::~Oscillator()
                0x000000000800099c                daisysp::Oscillator::~Oscillator()
 .text._ZN5daisy9DaisySeedD2Ev
                0x00000000080009a0        0x4 build/oscillator.o
                0x00000000080009a0                daisy::DaisySeed::~DaisySeed()
                0x00000000080009a0                daisy::DaisySeed::~DaisySeed()
 .text._Z13AudioCallbackPKPKfPPfj
                0x00000000080009a4      0x148 build/oscillator.o
                0x00000000080009a4                AudioCallback(float const* const*, float**, unsigned int)
 .text.startup.main
                0x0000000008000aec      0x274 build/oscillator.o
                0x0000000008000aec                main
 .text.startup._GLOBAL__sub_I_hw
                0x0000000008000d60       0x48 build/oscillator.o
 .text._ZN5daisy9DaisySeed9ConfigureEv
                0x0000000008000da8        0x4 ../../../libDaisy/build/libdaisy.a(daisy_seed.o)
                0x0000000008000da8                daisy::DaisySeed::Configure()
 .text._ZN5daisy9DaisySeed10StartAudioEPFvPKPKfPPfjE
                0x0000000008000dac        0x8 ../../../libDaisy/build/libdaisy.a(daisy_seed.o)
                0x0000000008000dac                daisy::DaisySeed::StartAudio(void (*)(float const* const*, float**, unsigned int))
 .text._ZN5daisy9DaisySeed15AudioSampleRateEv
                0x0000000008000db4        0x8 ../../../libDaisy/build/libdaisy.a(daisy_seed.o)
                0x0000000008000db4                daisy::DaisySeed::AudioSampleRate()
 .text._ZN5daisy9DaisySeed17SetAudioBlockSizeEj
                0x0000000008000dbc       0x38 ../../../libDaisy/build/libdaisy.a(daisy_seed.o)
                0x0000000008000dbc                daisy::DaisySeed::SetAudioBlockSize(unsigned int)
 .text._ZN5daisy9DaisySeed17CheckBoardVersionEv
                0x0000000008000df4       0x6c ../../../libDaisy/build/libdaisy.a(daisy_seed.o)
                0x0000000008000df4                daisy::DaisySeed::CheckBoardVersion()
 .text._ZN5daisy9DaisySeed14ConfigureAudioEv
                0x0000000008000e60      0x10c ../../../libDaisy/build/libdaisy.a(daisy_seed.o)
                0x0000000008000e60                daisy::DaisySeed::ConfigureAudio()
 .text._ZN5daisy9DaisySeed4InitEb
                0x0000000008000f6c      0x108 ../../../libDaisy/build/libdaisy.a(daisy_seed.o)
                0x0000000008000f6c                daisy::DaisySeed::Init(bool)
 .text._ZN5daisy6Ak45564InitE12dsy_gpio_pin
                0x0000000008001074       0x44 ../../../libDaisy/build/libdaisy.a(codec_ak4556.o)
                0x0000000008001074                daisy::Ak4556::Init(dsy_gpio_pin)
 .text._ZN5daisy6Wm873120WriteControlRegisterEht
                0x00000000080010b8       0x3c ../../../libDaisy/build/libdaisy.a(codec_wm8731.o)
                0x00000000080010b8                daisy::Wm8731::WriteControlRegister(unsigned char, unsigned short)
 .text._ZN5daisy6Wm87314InitERKNS0_6ConfigENS_9I2CHandleE
                0x00000000080010f4      0x1bc ../../../libDaisy/build/libdaisy.a(codec_wm8731.o)
                0x00000000080010f4                daisy::Wm8731::Init(daisy::Wm8731::Config const&, daisy::I2CHandle)
 .text._ZN11SdramHandle10DeviceInitEv
                0x00000000080012b0       0x98 ../../../libDaisy/build/libdaisy.a(sdram.o)
                0x00000000080012b0                SdramHandle::DeviceInit()
 .text._ZN11SdramHandle4InitEv
                0x0000000008001348       0x7c ../../../libDaisy/build/libdaisy.a(sdram.o)
                0x0000000008001348                SdramHandle::Init()
 .text.HAL_SDRAM_MspInit
                0x00000000080013c4      0x1a8 ../../../libDaisy/build/libdaisy.a(sdram.o)
                0x00000000080013c4                HAL_SDRAM_MspInit
 .text._ZN5daisy11AudioHandle4Impl16InternalCallbackEPlS2_j
                0x000000000800156c      0xbbc ../../../libDaisy/build/libdaisy.a(audio.o)
                0x000000000800156c                daisy::AudioHandle::Impl::InternalCallback(long*, long*, unsigned int)
 .text._ZN5daisy11AudioHandle4InitERKNS0_6ConfigENS_9SaiHandleE
                0x0000000008002128       0x70 ../../../libDaisy/build/libdaisy.a(audio.o)
                0x0000000008002128                daisy::AudioHandle::Init(daisy::AudioHandle::Config const&, daisy::SaiHandle)
 .text._ZNK5daisy11AudioHandle9GetConfigEv
                0x0000000008002198        0x8 ../../../libDaisy/build/libdaisy.a(audio.o)
                0x0000000008002198                daisy::AudioHandle::GetConfig() const
 .text._ZN5daisy11AudioHandle12SetBlockSizeEj
                0x00000000080021a0       0x1c ../../../libDaisy/build/libdaisy.a(audio.o)
                0x00000000080021a0                daisy::AudioHandle::SetBlockSize(unsigned int)
 .text._ZN5daisy11AudioHandle13GetSampleRateEv
                0x00000000080021bc        0x8 ../../../libDaisy/build/libdaisy.a(audio.o)
                0x00000000080021bc                daisy::AudioHandle::GetSampleRate()
 .text._ZN5daisy11AudioHandle5StartEPFvPKPKfPPfjE
                0x00000000080021c4       0x44 ../../../libDaisy/build/libdaisy.a(audio.o)
                0x00000000080021c4                daisy::AudioHandle::Start(void (*)(float const* const*, float**, unsigned int))
 .text.startup._GLOBAL__sub_I__ZN5daisy11AudioHandle4Impl4InitENS0_6ConfigENS_9SaiHandleE
                0x0000000008002208       0x24 ../../../libDaisy/build/libdaisy.a(audio.o)
 .text._ZN5daisy16AdcChannelConfig10InitSingleE12dsy_gpio_pinNS0_15ConversionSpeedE
                0x000000000800222c       0x28 ../../../libDaisy/build/libdaisy.a(adc.o)
                0x000000000800222c                daisy::AdcChannelConfig::InitSingle(dsy_gpio_pin, daisy::AdcChannelConfig::ConversionSpeed)
 .text._ZN5daisy9AdcHandle4InitEPNS_16AdcChannelConfigEjNS0_12OverSamplingE
                0x0000000008002254      0x41c ../../../libDaisy/build/libdaisy.a(adc.o)
                0x0000000008002254                daisy::AdcHandle::Init(daisy::AdcChannelConfig*, unsigned int, daisy::AdcHandle::OverSampling)
 .text._ZN5daisy9AdcHandle5StartEv
                0x0000000008002670       0x2c ../../../libDaisy/build/libdaisy.a(adc.o)
                0x0000000008002670                daisy::AdcHandle::Start()
 .text._ZNK5daisy9AdcHandle8GetFloatEh
                0x000000000800269c       0x20 ../../../libDaisy/build/libdaisy.a(adc.o)
                0x000000000800269c                daisy::AdcHandle::GetFloat(unsigned char) const
 .text.HAL_ADC_MspInit
                0x00000000080026bc       0x98 ../../../libDaisy/build/libdaisy.a(adc.o)
                0x00000000080026bc                HAL_ADC_MspInit
 .text.DMA1_Stream2_IRQHandler
                0x0000000008002754        0xc ../../../libDaisy/build/libdaisy.a(adc.o)
                0x0000000008002754                DMA1_Stream2_IRQHandler
 .text.HAL_ADC_ConvCpltCallback
                0x0000000008002760      0x148 ../../../libDaisy/build/libdaisy.a(adc.o)
                0x0000000008002760                HAL_ADC_ConvCpltCallback
 .text.HAL_ADC_ErrorCallback
                0x00000000080028a8        0x4 ../../../libDaisy/build/libdaisy.a(adc.o)
                0x00000000080028a8                HAL_ADC_ErrorCallback
 .text._ZN5daisy4GPIO4InitENS_3PinENS0_4ModeENS0_4PullENS0_5SpeedE
                0x00000000080028ac      0x1cc ../../../libDaisy/build/libdaisy.a(gpio.o)
                0x00000000080028ac                daisy::GPIO::Init(daisy::Pin, daisy::GPIO::Mode, daisy::GPIO::Pull, daisy::GPIO::Speed)
 .text._ZN5daisy4GPIO4ReadEv
                0x0000000008002a78       0x18 ../../../libDaisy/build/libdaisy.a(gpio.o)
                0x0000000008002a78                daisy::GPIO::Read()
 .text._ZN5daisy4GPIO5WriteEb
                0x0000000008002a90       0x14 ../../../libDaisy/build/libdaisy.a(gpio.o)
                0x0000000008002a90                daisy::GPIO::Write(bool)
 .text.dsy_gpio_init
                0x0000000008002aa4      0x1b8 ../../../libDaisy/build/libdaisy.a(gpio.o)
                0x0000000008002aa4                dsy_gpio_init
 .text.dsy_gpio_write
                0x0000000008002c5c       0x24 ../../../libDaisy/build/libdaisy.a(gpio.o)
                0x0000000008002c5c                dsy_gpio_write
 .text._ZN5daisy9I2CHandle4Impl8InitPinsEv
                0x0000000008002c80       0x58 ../../../libDaisy/build/libdaisy.a(i2c.o)
                0x0000000008002c80                daisy::I2CHandle::Impl::InitPins()
 .text.HAL_I2C_MspInit
                0x0000000008002cd8      0x1b4 ../../../libDaisy/build/libdaisy.a(i2c.o)
                0x0000000008002cd8                HAL_I2C_MspInit
 .text.dsy_i2c_global_init
                0x0000000008002e8c       0x78 ../../../libDaisy/build/libdaisy.a(i2c.o)
                0x0000000008002e8c                dsy_i2c_global_init
 .text.DMA1_Stream6_IRQHandler
                0x0000000008002f04       0x34 ../../../libDaisy/build/libdaisy.a(i2c.o)
                0x0000000008002f04                DMA1_Stream6_IRQHandler
 .text.I2C1_EV_IRQHandler
                0x0000000008002f38        0xc ../../../libDaisy/build/libdaisy.a(i2c.o)
                0x0000000008002f38                I2C1_EV_IRQHandler
 .text.I2C2_EV_IRQHandler
                0x0000000008002f44        0xc ../../../libDaisy/build/libdaisy.a(i2c.o)
                0x0000000008002f44                I2C2_EV_IRQHandler
 .text.I2C3_EV_IRQHandler
                0x0000000008002f50        0xc ../../../libDaisy/build/libdaisy.a(i2c.o)
                0x0000000008002f50                I2C3_EV_IRQHandler
 .text._ZN5daisy9I2CHandle4InitERKNS0_6ConfigE
                0x0000000008002f5c      0x12c ../../../libDaisy/build/libdaisy.a(i2c.o)
                0x0000000008002f5c                daisy::I2CHandle::Init(daisy::I2CHandle::Config const&)
 .text._ZN5daisy9I2CHandle16TransmitBlockingEtPhtm
                0x0000000008003088       0x50 ../../../libDaisy/build/libdaisy.a(i2c.o)
                0x0000000008003088                daisy::I2CHandle::TransmitBlocking(unsigned short, unsigned char*, unsigned short, unsigned long)
 .text.startup._GLOBAL__sub_I__ZN5daisy9I2CHandle4Impl10GlobalInitEv
                0x00000000080030d8       0x18 ../../../libDaisy/build/libdaisy.a(i2c.o)
 .text._ZN5daisy10QSPIHandle4Impl11WriteEnableEv
                0x00000000080030f0       0x8c ../../../libDaisy/build/libdaisy.a(qspi.o)
                0x00000000080030f0                daisy::QSPIHandle::Impl::WriteEnable()
 *fill*         0x000000000800317c        0x4 
 .text._ZN5daisy10QSPIHandle4Impl17DummyCyclesConfigENS0_6Config6DeviceE
                0x0000000008003180      0x118 ../../../libDaisy/build/libdaisy.a(qspi.o)
                0x0000000008003180                daisy::QSPIHandle::Impl::DummyCyclesConfig(daisy::QSPIHandle::Config::Device)
 .text._ZN5daisy10QSPIHandle4Impl10QuadEnableEv
                0x0000000008003298      0x158 ../../../libDaisy/build/libdaisy.a(qspi.o)
                0x0000000008003298                daisy::QSPIHandle::Impl::QuadEnable()
 .text._ZN5daisy10QSPIHandle4InitERKNS0_6ConfigE
                0x00000000080033f0      0x198 ../../../libDaisy/build/libdaisy.a(qspi.o)
                0x00000000080033f0                daisy::QSPIHandle::Init(daisy::QSPIHandle::Config const&)
 .text.HAL_QSPI_MspInit
                0x0000000008003588      0x11c ../../../libDaisy/build/libdaisy.a(qspi.o)
                0x0000000008003588                HAL_QSPI_MspInit
 .text.HAL_QSPI_MspDeInit
                0x00000000080036a4       0x54 ../../../libDaisy/build/libdaisy.a(qspi.o)
                0x00000000080036a4                HAL_QSPI_MspDeInit
 .text.QUADSPI_IRQHandler
                0x00000000080036f8        0xc ../../../libDaisy/build/libdaisy.a(qspi.o)
                0x00000000080036f8                QUADSPI_IRQHandler
 .text.startup._GLOBAL__sub_I__ZN5daisy10QSPIHandle4Impl4InitERKNS0_6ConfigE
                0x0000000008003704       0x28 ../../../libDaisy/build/libdaisy.a(qspi.o)
 .text._ZN5daisy9SaiHandle4Impl7InitDmaENS1_15PeripheralBlockE
                0x000000000800372c       0xa0 ../../../libDaisy/build/libdaisy.a(sai.o)
                0x000000000800372c                daisy::SaiHandle::Impl::InitDma(daisy::SaiHandle::Impl::PeripheralBlock)
 .text._ZN5daisy9SaiHandle4Impl8InitPinsEv
                0x00000000080037cc       0xa8 ../../../libDaisy/build/libdaisy.a(sai.o)
                0x00000000080037cc                daisy::SaiHandle::Impl::InitPins()
 .text.HAL_SAI_MspInit
                0x0000000008003874      0x164 ../../../libDaisy/build/libdaisy.a(sai.o)
                0x0000000008003874                HAL_SAI_MspInit
 .text.DMA1_Stream0_IRQHandler
                0x00000000080039d8        0xc ../../../libDaisy/build/libdaisy.a(sai.o)
                0x00000000080039d8                DMA1_Stream0_IRQHandler
 .text.DMA1_Stream1_IRQHandler
                0x00000000080039e4        0xc ../../../libDaisy/build/libdaisy.a(sai.o)
                0x00000000080039e4                DMA1_Stream1_IRQHandler
 .text.DMA1_Stream3_IRQHandler
                0x00000000080039f0        0xc ../../../libDaisy/build/libdaisy.a(sai.o)
                0x00000000080039f0                DMA1_Stream3_IRQHandler
 .text.DMA1_Stream4_IRQHandler
                0x00000000080039fc        0xc ../../../libDaisy/build/libdaisy.a(sai.o)
                0x00000000080039fc                DMA1_Stream4_IRQHandler
 .text.HAL_SAI_RxHalfCpltCallback
                0x0000000008003a08       0x78 ../../../libDaisy/build/libdaisy.a(sai.o)
                0x0000000008003a08                HAL_SAI_RxHalfCpltCallback
 .text.HAL_SAI_RxCpltCallback
                0x0000000008003a80       0x70 ../../../libDaisy/build/libdaisy.a(sai.o)
                0x0000000008003a80                HAL_SAI_RxCpltCallback
 .text._ZN5daisy9SaiHandle4InitERKNS0_6ConfigE
                0x0000000008003af0      0x1f0 ../../../libDaisy/build/libdaisy.a(sai.o)
                0x0000000008003af0                daisy::SaiHandle::Init(daisy::SaiHandle::Config const&)
 .text._ZNK5daisy9SaiHandle9GetConfigEv
                0x0000000008003ce0        0x4 ../../../libDaisy/build/libdaisy.a(sai.o)
                0x0000000008003ce0                daisy::SaiHandle::GetConfig() const
 .text._ZN5daisy9SaiHandle8StartDmaEPlS1_jPFvS1_S1_jE
                0x0000000008003ce4       0xbc ../../../libDaisy/build/libdaisy.a(sai.o)
                0x0000000008003ce4                daisy::SaiHandle::StartDma(long*, long*, unsigned int, void (*)(long*, long*, unsigned int))
 .text._ZN5daisy9SaiHandle13GetSampleRateEv
                0x0000000008003da0       0x24 ../../../libDaisy/build/libdaisy.a(sai.o)
                0x0000000008003da0                daisy::SaiHandle::GetSampleRate()
 .text._ZNK5daisy9SaiHandle9GetOffsetEv
                0x0000000008003dc4        0x8 ../../../libDaisy/build/libdaisy.a(sai.o)
                0x0000000008003dc4                daisy::SaiHandle::GetOffset() const
 .text._ZN5daisy11TimerHandleD2Ev
                0x0000000008003dcc        0x4 ../../../libDaisy/build/libdaisy.a(system.o)
                0x0000000008003dcc                daisy::TimerHandle::~TimerHandle()
                0x0000000008003dcc                daisy::TimerHandle::~TimerHandle()
 .text.SysTick_Handler
                0x0000000008003dd0       0x10 ../../../libDaisy/build/libdaisy.a(system.o)
                0x0000000008003dd0                SysTick_Handler
 .text.OTG_HS_EP1_OUT_IRQHandler
                0x0000000008003de0       0x24 ../../../libDaisy/build/libdaisy.a(system.o)
                0x0000000008003de0                OTG_HS_EP1_OUT_IRQHandler
 .text.OTG_HS_EP1_IN_IRQHandler
                0x0000000008003e04       0x24 ../../../libDaisy/build/libdaisy.a(system.o)
                0x0000000008003e04                OTG_HS_EP1_IN_IRQHandler
 .text.OTG_HS_IRQHandler
                0x0000000008003e28       0x24 ../../../libDaisy/build/libdaisy.a(system.o)
                0x0000000008003e28                OTG_HS_IRQHandler
 .text.HardFault_Handler
                0x0000000008003e4c       0xe0 ../../../libDaisy/build/libdaisy.a(system.o)
                0x0000000008003e4c                HardFault_Handler
 .text._ZN5daisy6System5DelayEm
                0x0000000008003f2c        0x4 ../../../libDaisy/build/libdaisy.a(system.o)
                0x0000000008003f2c                daisy::System::Delay(unsigned long)
 .text._ZN5daisy6System20GetBootloaderVersionEv
                0x0000000008003f30       0x34 ../../../libDaisy/build/libdaisy.a(system.o)
                0x0000000008003f30                daisy::System::GetBootloaderVersion()
 .text._ZN5daisy6System15ConfigureClocksEv
                0x0000000008003f64      0x194 ../../../libDaisy/build/libdaisy.a(system.o)
                0x0000000008003f64                daisy::System::ConfigureClocks()
 .text._ZN5daisy6System12ConfigureMpuEv
                0x00000000080040f8       0x7c ../../../libDaisy/build/libdaisy.a(system.o)
                0x00000000080040f8                daisy::System::ConfigureMpu()
 .text._ZN5daisy6System4InitERKNS0_6ConfigE
                0x0000000008004174       0xec ../../../libDaisy/build/libdaisy.a(system.o)
                0x0000000008004174                daisy::System::Init(daisy::System::Config const&)
 .text._ZN5daisy6System12GetPClk1FreqEv
                0x0000000008004260        0x4 ../../../libDaisy/build/libdaisy.a(system.o)
                0x0000000008004260                daisy::System::GetPClk1Freq()
 .text._ZN5daisy6System22GetProgramMemoryRegionEv
                0x0000000008004264       0x78 ../../../libDaisy/build/libdaisy.a(system.o)
                0x0000000008004264                daisy::System::GetProgramMemoryRegion()
 .text.startup._GLOBAL__sub_I__ZN5daisy9boot_infoE
                0x00000000080042dc       0x1c ../../../libDaisy/build/libdaisy.a(system.o)
 .text.SystemInit
                0x00000000080042f8       0x9c ../../../libDaisy/build/libdaisy.a(system_stm32h7xx.o)
                0x00000000080042f8                SystemInit
 .text.HAL_PCD_SetupStageCallback
                0x0000000008004394        0xc ../../../libDaisy/build/libdaisy.a(usbd_conf.o)
                0x0000000008004394                HAL_PCD_SetupStageCallback
 .text.HAL_PCD_DataOutStageCallback
                0x00000000080043a0       0x14 ../../../libDaisy/build/libdaisy.a(usbd_conf.o)
                0x00000000080043a0                HAL_PCD_DataOutStageCallback
 .text.HAL_PCD_DataInStageCallback
                0x00000000080043b4       0x14 ../../../libDaisy/build/libdaisy.a(usbd_conf.o)
                0x00000000080043b4                HAL_PCD_DataInStageCallback
 .text.HAL_PCD_SOFCallback
                0x00000000080043c8        0x8 ../../../libDaisy/build/libdaisy.a(usbd_conf.o)
                0x00000000080043c8                HAL_PCD_SOFCallback
 .text.HAL_PCD_ResetCallback
                0x00000000080043d0       0x24 ../../../libDaisy/build/libdaisy.a(usbd_conf.o)
                0x00000000080043d0                HAL_PCD_ResetCallback
 .text.HAL_PCD_SuspendCallback
                0x00000000080043f4       0x30 ../../../libDaisy/build/libdaisy.a(usbd_conf.o)
                0x00000000080043f4                HAL_PCD_SuspendCallback
 .text.HAL_PCD_ResumeCallback
                0x0000000008004424        0x8 ../../../libDaisy/build/libdaisy.a(usbd_conf.o)
                0x0000000008004424                HAL_PCD_ResumeCallback
 .text.HAL_PCD_ISOOUTIncompleteCallback
                0x000000000800442c        0x8 ../../../libDaisy/build/libdaisy.a(usbd_conf.o)
                0x000000000800442c                HAL_PCD_ISOOUTIncompleteCallback
 .text.HAL_PCD_ISOINIncompleteCallback
                0x0000000008004434        0x8 ../../../libDaisy/build/libdaisy.a(usbd_conf.o)
                0x0000000008004434                HAL_PCD_ISOINIncompleteCallback
 .text.HAL_PCD_ConnectCallback
                0x000000000800443c        0x8 ../../../libDaisy/build/libdaisy.a(usbd_conf.o)
                0x000000000800443c                HAL_PCD_ConnectCallback
 .text.HAL_PCD_DisconnectCallback
                0x0000000008004444        0x8 ../../../libDaisy/build/libdaisy.a(usbd_conf.o)
                0x0000000008004444                HAL_PCD_DisconnectCallback
 .text.USBD_LL_OpenEP
                0x000000000800444c       0x24 ../../../libDaisy/build/libdaisy.a(usbd_conf.o)
                0x000000000800444c                USBD_LL_OpenEP
 .text.USBD_LL_StallEP
                0x0000000008004470       0x1c ../../../libDaisy/build/libdaisy.a(usbd_conf.o)
                0x0000000008004470                USBD_LL_StallEP
 .text.USBD_LL_ClearStallEP
                0x000000000800448c       0x1c ../../../libDaisy/build/libdaisy.a(usbd_conf.o)
                0x000000000800448c                USBD_LL_ClearStallEP
 .text.USBD_LL_IsStallEP
                0x00000000080044a8       0x28 ../../../libDaisy/build/libdaisy.a(usbd_conf.o)
                0x00000000080044a8                USBD_LL_IsStallEP
 .text.USBD_LL_SetUSBAddress
                0x00000000080044d0       0x1c ../../../libDaisy/build/libdaisy.a(usbd_conf.o)
                0x00000000080044d0                USBD_LL_SetUSBAddress
 .text.USBD_LL_Transmit
                0x00000000080044ec       0x1c ../../../libDaisy/build/libdaisy.a(usbd_conf.o)
                0x00000000080044ec                USBD_LL_Transmit
 .text.USBD_LL_PrepareReceive
                0x0000000008004508       0x1c ../../../libDaisy/build/libdaisy.a(usbd_conf.o)
                0x0000000008004508                USBD_LL_PrepareReceive
 .text.HAL_HCD_SOF_Callback
                0x0000000008004524        0x8 ../../../libDaisy/build/libdaisy.a(usbh_conf.o)
                0x0000000008004524                HAL_HCD_SOF_Callback
 .text.HAL_HCD_Connect_Callback
                0x000000000800452c        0x8 ../../../libDaisy/build/libdaisy.a(usbh_conf.o)
                0x000000000800452c                HAL_HCD_Connect_Callback
 .text.HAL_HCD_Disconnect_Callback
                0x0000000008004534        0x8 ../../../libDaisy/build/libdaisy.a(usbh_conf.o)
                0x0000000008004534                HAL_HCD_Disconnect_Callback
 .text.HAL_HCD_HC_NotifyURBChange_Callback
                0x000000000800453c        0x4 ../../../libDaisy/build/libdaisy.a(usbh_conf.o)
                0x000000000800453c                HAL_HCD_HC_NotifyURBChange_Callback
 .text.HAL_HCD_PortEnabled_Callback
                0x0000000008004540        0x8 ../../../libDaisy/build/libdaisy.a(usbh_conf.o)
                0x0000000008004540                HAL_HCD_PortEnabled_Callback
 .text.HAL_HCD_PortDisabled_Callback
                0x0000000008004548        0x8 ../../../libDaisy/build/libdaisy.a(usbh_conf.o)
                0x0000000008004548                HAL_HCD_PortDisabled_Callback
 .text.USBH_LL_Stop
                0x0000000008004550       0x1c ../../../libDaisy/build/libdaisy.a(usbh_conf.o)
                0x0000000008004550                USBH_LL_Stop
 .text.dsy_hal_map_get_port
                0x000000000800456c       0x10 ../../../libDaisy/build/libdaisy.a(hal_map.o)
                0x000000000800456c                dsy_hal_map_get_port
 .text.dsy_hal_map_get_pin
                0x000000000800457c       0x10 ../../../libDaisy/build/libdaisy.a(hal_map.o)
                0x000000000800457c                dsy_hal_map_get_pin
 .text.dsy_hal_map_gpio_clk_enable
                0x000000000800458c      0x150 ../../../libDaisy/build/libdaisy.a(hal_map.o)
                0x000000000800458c                dsy_hal_map_gpio_clk_enable
 .text.HAL_MspInit
                0x00000000080046dc        0x4 ../../../libDaisy/build/libdaisy.a(stm32h7xx_hal.o)
                0x00000000080046dc                HAL_MspInit
 .text.HAL_InitTick
                0x00000000080046e0       0x4c ../../../libDaisy/build/libdaisy.a(stm32h7xx_hal.o)
                0x00000000080046e0                HAL_InitTick
 .text.HAL_Init
                0x000000000800472c       0x60 ../../../libDaisy/build/libdaisy.a(stm32h7xx_hal.o)
                0x000000000800472c                HAL_Init
 .text.HAL_IncTick
                0x000000000800478c       0x18 ../../../libDaisy/build/libdaisy.a(stm32h7xx_hal.o)
                0x000000000800478c                HAL_IncTick
 .text.HAL_GetTick
                0x00000000080047a4        0xc ../../../libDaisy/build/libdaisy.a(stm32h7xx_hal.o)
                0x00000000080047a4                HAL_GetTick
 .text.HAL_Delay
                0x00000000080047b0       0x24 ../../../libDaisy/build/libdaisy.a(stm32h7xx_hal.o)
                0x00000000080047b0                HAL_Delay
 .text.HAL_GetREVID
                0x00000000080047d4        0xc ../../../libDaisy/build/libdaisy.a(stm32h7xx_hal.o)
                0x00000000080047d4                HAL_GetREVID
 .text.HAL_ADC_ConvHalfCpltCallback
                0x00000000080047e0        0x4 ../../../libDaisy/build/libdaisy.a(stm32h7xx_hal_adc.o)
                0x00000000080047e0                HAL_ADC_ConvHalfCpltCallback
 .text.ADC_DMAHalfConvCplt
                0x00000000080047e4        0xc ../../../libDaisy/build/libdaisy.a(stm32h7xx_hal_adc.o)
                0x00000000080047e4                ADC_DMAHalfConvCplt
 .text.ADC_DMAConvCplt
                0x00000000080047f0       0x6c ../../../libDaisy/build/libdaisy.a(stm32h7xx_hal_adc.o)
                0x00000000080047f0                ADC_DMAConvCplt
 .text.ADC_DMAError
                0x000000000800485c       0x1c ../../../libDaisy/build/libdaisy.a(stm32h7xx_hal_adc.o)
                0x000000000800485c                ADC_DMAError
 .text.HAL_ADC_ConfigChannel
                0x0000000008004878      0x3fc ../../../libDaisy/build/libdaisy.a(stm32h7xx_hal_adc.o)
                0x0000000008004878                HAL_ADC_ConfigChannel
 .text.ADC_Enable
                0x0000000008004c74       0xac ../../../libDaisy/build/libdaisy.a(stm32h7xx_hal_adc.o)
                0x0000000008004c74                ADC_Enable
 .text.HAL_ADC_Start_DMA
                0x0000000008004d20      0x114 ../../../libDaisy/build/libdaisy.a(stm32h7xx_hal_adc.o)
                0x0000000008004d20                HAL_ADC_Start_DMA
 .text.ADC_Disable
                0x0000000008004e34       0x68 ../../../libDaisy/build/libdaisy.a(stm32h7xx_hal_adc.o)
                0x0000000008004e34                ADC_Disable
 .text.ADC_ConfigureBoostMode
                0x0000000008004e9c      0x184 ../../../libDaisy/build/libdaisy.a(stm32h7xx_hal_adc.o)
                0x0000000008004e9c                ADC_ConfigureBoostMode
 .text.HAL_ADC_Init
                0x0000000008005020      0x218 ../../../libDaisy/build/libdaisy.a(stm32h7xx_hal_adc.o)
                0x0000000008005020                HAL_ADC_Init
 .text.HAL_ADCEx_Calibration_Start
                0x0000000008005238       0xa4 ../../../libDaisy/build/libdaisy.a(stm32h7xx_hal_adc_ex.o)
                0x0000000008005238                HAL_ADCEx_Calibration_Start
 .text.HAL_ADCEx_MultiModeConfigChannel
                0x00000000080052dc       0xc4 ../../../libDaisy/build/libdaisy.a(stm32h7xx_hal_adc_ex.o)
                0x00000000080052dc                HAL_ADCEx_MultiModeConfigChannel
 .text.HAL_NVIC_SetPriorityGrouping
                0x00000000080053a0       0x24 ../../../libDaisy/build/libdaisy.a(stm32h7xx_hal_cortex.o)
                0x00000000080053a0                HAL_NVIC_SetPriorityGrouping
 .text.HAL_NVIC_SetPriority
                0x00000000080053c4       0x7c ../../../libDaisy/build/libdaisy.a(stm32h7xx_hal_cortex.o)
                0x00000000080053c4                HAL_NVIC_SetPriority
 .text.HAL_NVIC_EnableIRQ
                0x0000000008005440       0x1c ../../../libDaisy/build/libdaisy.a(stm32h7xx_hal_cortex.o)
                0x0000000008005440                HAL_NVIC_EnableIRQ
 .text.HAL_NVIC_DisableIRQ
                0x000000000800545c       0x28 ../../../libDaisy/build/libdaisy.a(stm32h7xx_hal_cortex.o)
                0x000000000800545c                HAL_NVIC_DisableIRQ
 .text.HAL_SYSTICK_Config
                0x0000000008005484       0x2c ../../../libDaisy/build/libdaisy.a(stm32h7xx_hal_cortex.o)
                0x0000000008005484                HAL_SYSTICK_Config
 .text.HAL_MPU_Disable
                0x00000000080054b0       0x1c ../../../libDaisy/build/libdaisy.a(stm32h7xx_hal_cortex.o)
                0x00000000080054b0                HAL_MPU_Disable
 .text.HAL_MPU_Enable
                0x00000000080054cc       0x20 ../../../libDaisy/build/libdaisy.a(stm32h7xx_hal_cortex.o)
                0x00000000080054cc                HAL_MPU_Enable
 .text.HAL_MPU_ConfigRegion
                0x00000000080054ec       0x64 ../../../libDaisy/build/libdaisy.a(stm32h7xx_hal_cortex.o)
                0x00000000080054ec                HAL_MPU_ConfigRegion
 .text.HAL_SYSTICK_Callback
                0x0000000008005550        0x4 ../../../libDaisy/build/libdaisy.a(stm32h7xx_hal_cortex.o)
                0x0000000008005550                HAL_SYSTICK_Callback
 .text.HAL_SYSTICK_IRQHandler
                0x0000000008005554        0x8 ../../../libDaisy/build/libdaisy.a(stm32h7xx_hal_cortex.o)
                0x0000000008005554                HAL_SYSTICK_IRQHandler
 .text.DMA_CalcBaseAndBitshift
                0x000000000800555c       0xf4 ../../../libDaisy/build/libdaisy.a(stm32h7xx_hal_dma.o)
 .text.DMA_CalcDMAMUXChannelBaseAndMask
                0x0000000008005650       0xd8 ../../../libDaisy/build/libdaisy.a(stm32h7xx_hal_dma.o)
 .text.HAL_DMA_Init
                0x0000000008005728      0x37c ../../../libDaisy/build/libdaisy.a(stm32h7xx_hal_dma.o)
                0x0000000008005728                HAL_DMA_Init
 .text.HAL_DMA_Start_IT
                0x0000000008005aa4      0x240 ../../../libDaisy/build/libdaisy.a(stm32h7xx_hal_dma.o)
                0x0000000008005aa4                HAL_DMA_Start_IT
 .text.HAL_DMA_Abort_IT
                0x0000000008005ce4      0x134 ../../../libDaisy/build/libdaisy.a(stm32h7xx_hal_dma.o)
                0x0000000008005ce4                HAL_DMA_Abort_IT
 .text.HAL_DMA_IRQHandler
                0x0000000008005e18      0x6a0 ../../../libDaisy/build/libdaisy.a(stm32h7xx_hal_dma.o)
                0x0000000008005e18                HAL_DMA_IRQHandler
 .text.HAL_DMA_GetError
                0x00000000080064b8        0x4 ../../../libDaisy/build/libdaisy.a(stm32h7xx_hal_dma.o)
                0x00000000080064b8                HAL_DMA_GetError
 .text.HAL_GPIO_Init
                0x00000000080064bc      0x280 ../../../libDaisy/build/libdaisy.a(stm32h7xx_hal_gpio.o)
                0x00000000080064bc                HAL_GPIO_Init
 .text.HAL_GPIO_DeInit
                0x000000000800673c      0x190 ../../../libDaisy/build/libdaisy.a(stm32h7xx_hal_gpio.o)
                0x000000000800673c                HAL_GPIO_DeInit
 .text.HAL_GPIO_ReadPin
                0x00000000080068cc        0xc ../../../libDaisy/build/libdaisy.a(stm32h7xx_hal_gpio.o)
                0x00000000080068cc                HAL_GPIO_ReadPin
 .text.HAL_GPIO_WritePin
                0x00000000080068d8        0x8 ../../../libDaisy/build/libdaisy.a(stm32h7xx_hal_gpio.o)
                0x00000000080068d8                HAL_GPIO_WritePin
 .text.HAL_HCD_IRQHandler
                0x00000000080068e0      0x780 ../../../libDaisy/build/libdaisy.a(stm32h7xx_hal_hcd.o)
                0x00000000080068e0                HAL_HCD_IRQHandler
 .text.HAL_HCD_Stop
                0x0000000008007060       0x28 ../../../libDaisy/build/libdaisy.a(stm32h7xx_hal_hcd.o)
                0x0000000008007060                HAL_HCD_Stop
 .text.I2C_WaitOnTXISFlagUntilTimeout
                0x0000000008007088       0xb8 ../../../libDaisy/build/libdaisy.a(stm32h7xx_hal_i2c.o)
 .text.I2C_WaitOnSTOPFlagUntilTimeout
                0x0000000008007140       0xac ../../../libDaisy/build/libdaisy.a(stm32h7xx_hal_i2c.o)
 .text.HAL_I2C_Init
                0x00000000080071ec       0xac ../../../libDaisy/build/libdaisy.a(stm32h7xx_hal_i2c.o)
                0x00000000080071ec                HAL_I2C_Init
 .text.HAL_I2C_Master_Transmit
                0x0000000008007298      0x1a8 ../../../libDaisy/build/libdaisy.a(stm32h7xx_hal_i2c.o)
                0x0000000008007298                HAL_I2C_Master_Transmit
 .text.HAL_I2C_Slave_Transmit
                0x0000000008007440      0x1c8 ../../../libDaisy/build/libdaisy.a(stm32h7xx_hal_i2c.o)
                0x0000000008007440                HAL_I2C_Slave_Transmit
 .text.HAL_I2C_EV_IRQHandler
                0x0000000008007608       0x10 ../../../libDaisy/build/libdaisy.a(stm32h7xx_hal_i2c.o)
                0x0000000008007608                HAL_I2C_EV_IRQHandler
 .text.HAL_I2C_GetState
                0x0000000008007618        0x8 ../../../libDaisy/build/libdaisy.a(stm32h7xx_hal_i2c.o)
                0x0000000008007618                HAL_I2C_GetState
 .text.HAL_I2CEx_ConfigAnalogFilter
                0x0000000008007620       0x54 ../../../libDaisy/build/libdaisy.a(stm32h7xx_hal_i2c_ex.o)
                0x0000000008007620                HAL_I2CEx_ConfigAnalogFilter
 .text.HAL_I2CEx_ConfigDigitalFilter
                0x0000000008007674       0x58 ../../../libDaisy/build/libdaisy.a(stm32h7xx_hal_i2c_ex.o)
                0x0000000008007674                HAL_I2CEx_ConfigDigitalFilter
 .text.HAL_PCD_IRQHandler
                0x00000000080076cc      0x69c ../../../libDaisy/build/libdaisy.a(stm32h7xx_hal_pcd.o)
                0x00000000080076cc                HAL_PCD_IRQHandler
 .text.HAL_PCD_SetAddress
                0x0000000008007d68       0x2c ../../../libDaisy/build/libdaisy.a(stm32h7xx_hal_pcd.o)
                0x0000000008007d68                HAL_PCD_SetAddress
 .text.HAL_PCD_EP_Open
                0x0000000008007d94       0x7c ../../../libDaisy/build/libdaisy.a(stm32h7xx_hal_pcd.o)
                0x0000000008007d94                HAL_PCD_EP_Open
 .text.HAL_PCD_EP_Receive
                0x0000000008007e10       0x50 ../../../libDaisy/build/libdaisy.a(stm32h7xx_hal_pcd.o)
                0x0000000008007e10                HAL_PCD_EP_Receive
 .text.HAL_PCD_EP_Transmit
                0x0000000008007e60       0x50 ../../../libDaisy/build/libdaisy.a(stm32h7xx_hal_pcd.o)
                0x0000000008007e60                HAL_PCD_EP_Transmit
 .text.HAL_PCD_EP_SetStall
                0x0000000008007eb0       0x88 ../../../libDaisy/build/libdaisy.a(stm32h7xx_hal_pcd.o)
                0x0000000008007eb0                HAL_PCD_EP_SetStall
 .text.HAL_PCD_EP_ClrStall
                0x0000000008007f38       0x78 ../../../libDaisy/build/libdaisy.a(stm32h7xx_hal_pcd.o)
                0x0000000008007f38                HAL_PCD_EP_ClrStall
 .text.HAL_PCDEx_LPM_Callback
                0x0000000008007fb0        0x4 ../../../libDaisy/build/libdaisy.a(stm32h7xx_hal_pcd_ex.o)
                0x0000000008007fb0                HAL_PCDEx_LPM_Callback
 .text.HAL_PWREx_ConfigSupply
                0x0000000008007fb4       0x4c ../../../libDaisy/build/libdaisy.a(stm32h7xx_hal_pwr_ex.o)
                0x0000000008007fb4                HAL_PWREx_ConfigSupply
 .text.HAL_PWREx_EnableUSBVoltageDetector
                0x0000000008008000       0x10 ../../../libDaisy/build/libdaisy.a(stm32h7xx_hal_pwr_ex.o)
                0x0000000008008000                HAL_PWREx_EnableUSBVoltageDetector
 .text.QSPI_Config
                0x0000000008008010      0x174 ../../../libDaisy/build/libdaisy.a(stm32h7xx_hal_qspi.o)
 .text.HAL_QSPI_Init
                0x0000000008008184       0xd8 ../../../libDaisy/build/libdaisy.a(stm32h7xx_hal_qspi.o)
                0x0000000008008184                HAL_QSPI_Init
 .text.HAL_QSPI_DeInit
                0x000000000800825c       0x3c ../../../libDaisy/build/libdaisy.a(stm32h7xx_hal_qspi.o)
                0x000000000800825c                HAL_QSPI_DeInit
 .text.HAL_QSPI_Command
                0x0000000008008298       0xd4 ../../../libDaisy/build/libdaisy.a(stm32h7xx_hal_qspi.o)
                0x0000000008008298                HAL_QSPI_Command
 .text.HAL_QSPI_Transmit
                0x000000000800836c       0xfc ../../../libDaisy/build/libdaisy.a(stm32h7xx_hal_qspi.o)
                0x000000000800836c                HAL_QSPI_Transmit
 .text.HAL_QSPI_Receive
                0x0000000008008468      0x108 ../../../libDaisy/build/libdaisy.a(stm32h7xx_hal_qspi.o)
                0x0000000008008468                HAL_QSPI_Receive
 .text.HAL_QSPI_AutoPolling
                0x0000000008008570       0xf0 ../../../libDaisy/build/libdaisy.a(stm32h7xx_hal_qspi.o)
                0x0000000008008570                HAL_QSPI_AutoPolling
 .text.HAL_QSPI_MemoryMapped
                0x0000000008008660       0xc0 ../../../libDaisy/build/libdaisy.a(stm32h7xx_hal_qspi.o)
                0x0000000008008660                HAL_QSPI_MemoryMapped
 .text.HAL_QSPI_ErrorCallback
                0x0000000008008720        0x4 ../../../libDaisy/build/libdaisy.a(stm32h7xx_hal_qspi.o)
                0x0000000008008720                HAL_QSPI_ErrorCallback
 .text.QSPI_DMAAbortCplt
                0x0000000008008724       0x38 ../../../libDaisy/build/libdaisy.a(stm32h7xx_hal_qspi.o)
 .text.HAL_QSPI_AbortCpltCallback
                0x000000000800875c        0x4 ../../../libDaisy/build/libdaisy.a(stm32h7xx_hal_qspi.o)
                0x000000000800875c                HAL_QSPI_AbortCpltCallback
 .text.HAL_QSPI_CmdCpltCallback
                0x0000000008008760        0x4 ../../../libDaisy/build/libdaisy.a(stm32h7xx_hal_qspi.o)
                0x0000000008008760                HAL_QSPI_CmdCpltCallback
 .text.HAL_QSPI_RxCpltCallback
                0x0000000008008764        0x4 ../../../libDaisy/build/libdaisy.a(stm32h7xx_hal_qspi.o)
                0x0000000008008764                HAL_QSPI_RxCpltCallback
 .text.HAL_QSPI_TxCpltCallback
                0x0000000008008768        0x4 ../../../libDaisy/build/libdaisy.a(stm32h7xx_hal_qspi.o)
                0x0000000008008768                HAL_QSPI_TxCpltCallback
 .text.HAL_QSPI_FifoThresholdCallback
                0x000000000800876c        0x4 ../../../libDaisy/build/libdaisy.a(stm32h7xx_hal_qspi.o)
                0x000000000800876c                HAL_QSPI_FifoThresholdCallback
 .text.HAL_QSPI_StatusMatchCallback
                0x0000000008008770        0x4 ../../../libDaisy/build/libdaisy.a(stm32h7xx_hal_qspi.o)
                0x0000000008008770                HAL_QSPI_StatusMatchCallback
 .text.HAL_QSPI_TimeOutCallback
                0x0000000008008774        0x4 ../../../libDaisy/build/libdaisy.a(stm32h7xx_hal_qspi.o)
                0x0000000008008774                HAL_QSPI_TimeOutCallback
 .text.HAL_QSPI_IRQHandler
                0x0000000008008778      0x210 ../../../libDaisy/build/libdaisy.a(stm32h7xx_hal_qspi.o)
                0x0000000008008778                HAL_QSPI_IRQHandler
 .text.HAL_RCC_OscConfig
                0x0000000008008988      0x51c ../../../libDaisy/build/libdaisy.a(stm32h7xx_hal_rcc.o)
                0x0000000008008988                HAL_RCC_OscConfig
 .text.HAL_RCC_GetSysClockFreq
                0x0000000008008ea4      0x140 ../../../libDaisy/build/libdaisy.a(stm32h7xx_hal_rcc.o)
                0x0000000008008ea4                HAL_RCC_GetSysClockFreq
 .text.HAL_RCC_ClockConfig
                0x0000000008008fe4      0x234 ../../../libDaisy/build/libdaisy.a(stm32h7xx_hal_rcc.o)
                0x0000000008008fe4                HAL_RCC_ClockConfig
 .text.HAL_RCC_GetHCLKFreq
                0x0000000008009218       0x2c ../../../libDaisy/build/libdaisy.a(stm32h7xx_hal_rcc.o)
                0x0000000008009218                HAL_RCC_GetHCLKFreq
 .text.HAL_RCC_GetPCLK1Freq
                0x0000000008009244       0x38 ../../../libDaisy/build/libdaisy.a(stm32h7xx_hal_rcc.o)
                0x0000000008009244                HAL_RCC_GetPCLK1Freq
 .text.HAL_RCC_GetPCLK2Freq
                0x000000000800927c       0x38 ../../../libDaisy/build/libdaisy.a(stm32h7xx_hal_rcc.o)
                0x000000000800927c                HAL_RCC_GetPCLK2Freq
 .text.RCCEx_PLL2_Config
                0x00000000080092b4       0xf4 ../../../libDaisy/build/libdaisy.a(stm32h7xx_hal_rcc_ex.o)
 .text.RCCEx_PLL3_Config
                0x00000000080093a8       0xf4 ../../../libDaisy/build/libdaisy.a(stm32h7xx_hal_rcc_ex.o)
 .text.HAL_RCCEx_PeriphCLKConfig
                0x000000000800949c      0xa7c ../../../libDaisy/build/libdaisy.a(stm32h7xx_hal_rcc_ex.o)
                0x000000000800949c                HAL_RCCEx_PeriphCLKConfig
 .text.HAL_RCCEx_GetD3PCLK1Freq
                0x0000000008009f18       0x24 ../../../libDaisy/build/libdaisy.a(stm32h7xx_hal_rcc_ex.o)
                0x0000000008009f18                HAL_RCCEx_GetD3PCLK1Freq
 .text.HAL_RCCEx_GetPLL2ClockFreq
                0x0000000008009f3c      0x17c ../../../libDaisy/build/libdaisy.a(stm32h7xx_hal_rcc_ex.o)
                0x0000000008009f3c                HAL_RCCEx_GetPLL2ClockFreq
 .text.HAL_RCCEx_GetPLL3ClockFreq
                0x000000000800a0b8      0x17c ../../../libDaisy/build/libdaisy.a(stm32h7xx_hal_rcc_ex.o)
                0x000000000800a0b8                HAL_RCCEx_GetPLL3ClockFreq
 .text.HAL_RCCEx_GetPLL1ClockFreq
                0x000000000800a234      0x17c ../../../libDaisy/build/libdaisy.a(stm32h7xx_hal_rcc_ex.o)
                0x000000000800a234                HAL_RCCEx_GetPLL1ClockFreq
 .text.HAL_RCCEx_GetPeriphCLKFreq
                0x000000000800a3b0      0x198 ../../../libDaisy/build/libdaisy.a(stm32h7xx_hal_rcc_ex.o)
                0x000000000800a3b0                HAL_RCCEx_GetPeriphCLKFreq
 .text.HAL_RCCEx_GetD1SysClockFreq
                0x000000000800a548       0x2c ../../../libDaisy/build/libdaisy.a(stm32h7xx_hal_rcc_ex.o)
                0x000000000800a548                HAL_RCCEx_GetD1SysClockFreq
 .text.HAL_SAI_Init.part.0
                0x000000000800a574      0x348 ../../../libDaisy/build/libdaisy.a(stm32h7xx_hal_sai.o)
 .text.HAL_SAI_InitProtocol
                0x000000000800a8bc      0x178 ../../../libDaisy/build/libdaisy.a(stm32h7xx_hal_sai.o)
                0x000000000800a8bc                HAL_SAI_InitProtocol
 .text.HAL_SAI_Transmit_DMA
                0x000000000800aa34      0x124 ../../../libDaisy/build/libdaisy.a(stm32h7xx_hal_sai.o)
                0x000000000800aa34                HAL_SAI_Transmit_DMA
 .text.HAL_SAI_Receive_DMA
                0x000000000800ab58       0xd0 ../../../libDaisy/build/libdaisy.a(stm32h7xx_hal_sai.o)
                0x000000000800ab58                HAL_SAI_Receive_DMA
 .text.HAL_SAI_TxCpltCallback
                0x000000000800ac28        0x4 ../../../libDaisy/build/libdaisy.a(stm32h7xx_hal_sai.o)
                0x000000000800ac28                HAL_SAI_TxCpltCallback
 .text.SAI_DMATxCplt
                0x000000000800ac2c       0x64 ../../../libDaisy/build/libdaisy.a(stm32h7xx_hal_sai.o)
 .text.HAL_SAI_TxHalfCpltCallback
                0x000000000800ac90        0x4 ../../../libDaisy/build/libdaisy.a(stm32h7xx_hal_sai.o)
                0x000000000800ac90                HAL_SAI_TxHalfCpltCallback
 .text.SAI_DMATxHalfCplt
                0x000000000800ac94        0xc ../../../libDaisy/build/libdaisy.a(stm32h7xx_hal_sai.o)
 .text.SAI_DMARxCplt
                0x000000000800aca0       0x64 ../../../libDaisy/build/libdaisy.a(stm32h7xx_hal_sai.o)
 .text.SAI_DMARxHalfCplt
                0x000000000800ad04        0xc ../../../libDaisy/build/libdaisy.a(stm32h7xx_hal_sai.o)
 .text.HAL_SAI_ErrorCallback
                0x000000000800ad10        0x4 ../../../libDaisy/build/libdaisy.a(stm32h7xx_hal_sai.o)
                0x000000000800ad10                HAL_SAI_ErrorCallback
 .text.SAI_DMAError
                0x000000000800ad14       0x6c ../../../libDaisy/build/libdaisy.a(stm32h7xx_hal_sai.o)
 .text.HAL_SDRAM_Init
                0x000000000800ad80       0x54 ../../../libDaisy/build/libdaisy.a(stm32h7xx_hal_sdram.o)
                0x000000000800ad80                HAL_SDRAM_Init
 .text.HAL_SDRAM_SendCommand
                0x000000000800add4       0x40 ../../../libDaisy/build/libdaisy.a(stm32h7xx_hal_sdram.o)
                0x000000000800add4                HAL_SDRAM_SendCommand
 .text.HAL_SDRAM_ProgramRefreshRate
                0x000000000800ae14       0x30 ../../../libDaisy/build/libdaisy.a(stm32h7xx_hal_sdram.o)
                0x000000000800ae14                HAL_SDRAM_ProgramRefreshRate
 .text.FMC_SDRAM_Init
                0x000000000800ae44       0x7c ../../../libDaisy/build/libdaisy.a(stm32h7xx_ll_fmc.o)
                0x000000000800ae44                FMC_SDRAM_Init
 .text.FMC_SDRAM_Timing_Init
                0x000000000800aec0       0x98 ../../../libDaisy/build/libdaisy.a(stm32h7xx_ll_fmc.o)
                0x000000000800aec0                FMC_SDRAM_Timing_Init
 .text.FMC_SDRAM_SendCommand
                0x000000000800af58       0x28 ../../../libDaisy/build/libdaisy.a(stm32h7xx_ll_fmc.o)
                0x000000000800af58                FMC_SDRAM_SendCommand
 .text.FMC_SDRAM_ProgramRefreshRate
                0x000000000800af80       0x1c ../../../libDaisy/build/libdaisy.a(stm32h7xx_ll_fmc.o)
                0x000000000800af80                FMC_SDRAM_ProgramRefreshRate
 .text.USB_SetTurnaroundTime
                0x000000000800af9c      0x104 ../../../libDaisy/build/libdaisy.a(stm32h7xx_ll_usb.o)
                0x000000000800af9c                USB_SetTurnaroundTime
 .text.USB_FlushTxFifo
                0x000000000800b0a0       0x34 ../../../libDaisy/build/libdaisy.a(stm32h7xx_ll_usb.o)
                0x000000000800b0a0                USB_FlushTxFifo
 .text.USB_GetDevSpeed
                0x000000000800b0d4       0x24 ../../../libDaisy/build/libdaisy.a(stm32h7xx_ll_usb.o)
                0x000000000800b0d4                USB_GetDevSpeed
 .text.USB_ActivateEndpoint
                0x000000000800b0f8       0x90 ../../../libDaisy/build/libdaisy.a(stm32h7xx_ll_usb.o)
                0x000000000800b0f8                USB_ActivateEndpoint
 .text.USB_EPStartXfer
                0x000000000800b188      0x230 ../../../libDaisy/build/libdaisy.a(stm32h7xx_ll_usb.o)
                0x000000000800b188                USB_EPStartXfer
 .text.USB_EP0StartXfer
                0x000000000800b3b8      0x174 ../../../libDaisy/build/libdaisy.a(stm32h7xx_ll_usb.o)
                0x000000000800b3b8                USB_EP0StartXfer
 .text.USB_WritePacket
                0x000000000800b52c       0x2c ../../../libDaisy/build/libdaisy.a(stm32h7xx_ll_usb.o)
                0x000000000800b52c                USB_WritePacket
 .text.USB_ReadPacket
                0x000000000800b558       0x20 ../../../libDaisy/build/libdaisy.a(stm32h7xx_ll_usb.o)
                0x000000000800b558                USB_ReadPacket
 .text.USB_EPSetStall
                0x000000000800b578       0x68 ../../../libDaisy/build/libdaisy.a(stm32h7xx_ll_usb.o)
                0x000000000800b578                USB_EPSetStall
 .text.USB_EPClearStall
                0x000000000800b5e0       0x58 ../../../libDaisy/build/libdaisy.a(stm32h7xx_ll_usb.o)
                0x000000000800b5e0                USB_EPClearStall
 .text.USB_SetDevAddress
                0x000000000800b638       0x24 ../../../libDaisy/build/libdaisy.a(stm32h7xx_ll_usb.o)
                0x000000000800b638                USB_SetDevAddress
 .text.USB_ReadInterrupts
                0x000000000800b65c       0x14 ../../../libDaisy/build/libdaisy.a(stm32h7xx_ll_usb.o)
                0x000000000800b65c                USB_ReadInterrupts
 .text.USB_ReadDevAllOutEpInterrupt
                0x000000000800b670       0x1c ../../../libDaisy/build/libdaisy.a(stm32h7xx_ll_usb.o)
                0x000000000800b670                USB_ReadDevAllOutEpInterrupt
 .text.USB_ReadDevAllInEpInterrupt
                0x000000000800b68c       0x1c ../../../libDaisy/build/libdaisy.a(stm32h7xx_ll_usb.o)
                0x000000000800b68c                USB_ReadDevAllInEpInterrupt
 .text.USB_ReadDevOutEPInterrupt
                0x000000000800b6a8       0x1c ../../../libDaisy/build/libdaisy.a(stm32h7xx_ll_usb.o)
                0x000000000800b6a8                USB_ReadDevOutEPInterrupt
 .text.USB_ReadDevInEPInterrupt
                0x000000000800b6c4       0x38 ../../../libDaisy/build/libdaisy.a(stm32h7xx_ll_usb.o)
                0x000000000800b6c4                USB_ReadDevInEPInterrupt
 .text.USB_GetMode
                0x000000000800b6fc        0x8 ../../../libDaisy/build/libdaisy.a(stm32h7xx_ll_usb.o)
                0x000000000800b6fc                USB_GetMode
 .text.USB_ActivateSetup
                0x000000000800b704       0x38 ../../../libDaisy/build/libdaisy.a(stm32h7xx_ll_usb.o)
                0x000000000800b704                USB_ActivateSetup
 .text.USB_EP0_OutStart
                0x000000000800b73c       0x58 ../../../libDaisy/build/libdaisy.a(stm32h7xx_ll_usb.o)
                0x000000000800b73c                USB_EP0_OutStart
 .text.USB_InitFSLSPClkSel
                0x000000000800b794       0x44 ../../../libDaisy/build/libdaisy.a(stm32h7xx_ll_usb.o)
                0x000000000800b794                USB_InitFSLSPClkSel
 .text.USB_HC_ReadInterrupt
                0x000000000800b7d8        0x8 ../../../libDaisy/build/libdaisy.a(stm32h7xx_ll_usb.o)
                0x000000000800b7d8                USB_HC_ReadInterrupt
 .text.USB_HC_Halt
                0x000000000800b7e0       0xc0 ../../../libDaisy/build/libdaisy.a(stm32h7xx_ll_usb.o)
                0x000000000800b7e0                USB_HC_Halt
 .text.USB_StopHost
                0x000000000800b8a0      0x2ec ../../../libDaisy/build/libdaisy.a(stm32h7xx_ll_usb.o)
                0x000000000800b8a0                USB_StopHost
 .text.USBD_SetClassConfig
                0x000000000800bb8c       0x14 ../../../libDaisy/build/libdaisy.a(usbd_core.o)
                0x000000000800bb8c                USBD_SetClassConfig
 .text.USBD_ClrClassConfig
                0x000000000800bba0       0x10 ../../../libDaisy/build/libdaisy.a(usbd_core.o)
                0x000000000800bba0                USBD_ClrClassConfig
 .text.USBD_LL_SetupStage
                0x000000000800bbb0       0x5c ../../../libDaisy/build/libdaisy.a(usbd_core.o)
                0x000000000800bbb0                USBD_LL_SetupStage
 .text.USBD_LL_DataOutStage
                0x000000000800bc0c       0x7c ../../../libDaisy/build/libdaisy.a(usbd_core.o)
                0x000000000800bc0c                USBD_LL_DataOutStage
 .text.USBD_LL_DataInStage
                0x000000000800bc88       0xcc ../../../libDaisy/build/libdaisy.a(usbd_core.o)
                0x000000000800bc88                USBD_LL_DataInStage
 .text.USBD_LL_Reset
                0x000000000800bd54       0x50 ../../../libDaisy/build/libdaisy.a(usbd_core.o)
                0x000000000800bd54                USBD_LL_Reset
 .text.USBD_LL_SetSpeed
                0x000000000800bda4        0x8 ../../../libDaisy/build/libdaisy.a(usbd_core.o)
                0x000000000800bda4                USBD_LL_SetSpeed
 .text.USBD_LL_Suspend
                0x000000000800bdac       0x14 ../../../libDaisy/build/libdaisy.a(usbd_core.o)
                0x000000000800bdac                USBD_LL_Suspend
 .text.USBD_LL_Resume
                0x000000000800bdc0       0x10 ../../../libDaisy/build/libdaisy.a(usbd_core.o)
                0x000000000800bdc0                USBD_LL_Resume
 .text.USBD_LL_SOF
                0x000000000800bdd0       0x1c ../../../libDaisy/build/libdaisy.a(usbd_core.o)
                0x000000000800bdd0                USBD_LL_SOF
 .text.USBD_LL_IsoINIncomplete
                0x000000000800bdec        0x4 ../../../libDaisy/build/libdaisy.a(usbd_core.o)
                0x000000000800bdec                USBD_LL_IsoINIncomplete
 .text.USBD_LL_IsoOUTIncomplete
                0x000000000800bdf0        0x4 ../../../libDaisy/build/libdaisy.a(usbd_core.o)
                0x000000000800bdf0                USBD_LL_IsoOUTIncomplete
 .text.USBD_LL_DevConnected
                0x000000000800bdf4        0x4 ../../../libDaisy/build/libdaisy.a(usbd_core.o)
                0x000000000800bdf4                USBD_LL_DevConnected
 .text.USBD_LL_DevDisconnected
                0x000000000800bdf8       0x18 ../../../libDaisy/build/libdaisy.a(usbd_core.o)
                0x000000000800bdf8                USBD_LL_DevDisconnected
 .text.USBD_StdDevReq
                0x000000000800be10      0x304 ../../../libDaisy/build/libdaisy.a(usbd_ctlreq.o)
                0x000000000800be10                USBD_StdDevReq
 .text.USBD_StdItfReq
                0x000000000800c114       0x68 ../../../libDaisy/build/libdaisy.a(usbd_ctlreq.o)
                0x000000000800c114                USBD_StdItfReq
 .text.USBD_StdEPReq
                0x000000000800c17c      0x13c ../../../libDaisy/build/libdaisy.a(usbd_ctlreq.o)
                0x000000000800c17c                USBD_StdEPReq
 .text.USBD_ParseSetupRequest
                0x000000000800c2b8       0x28 ../../../libDaisy/build/libdaisy.a(usbd_ctlreq.o)
                0x000000000800c2b8                USBD_ParseSetupRequest
 .text.USBD_CtlSendData
                0x000000000800c2e0       0x1c ../../../libDaisy/build/libdaisy.a(usbd_ioreq.o)
                0x000000000800c2e0                USBD_CtlSendData
 .text.USBD_CtlContinueSendData
                0x000000000800c2fc       0x14 ../../../libDaisy/build/libdaisy.a(usbd_ioreq.o)
                0x000000000800c2fc                USBD_CtlContinueSendData
 .text.USBD_CtlContinueRx
                0x000000000800c310       0x14 ../../../libDaisy/build/libdaisy.a(usbd_ioreq.o)
                0x000000000800c310                USBD_CtlContinueRx
 .text.USBD_CtlSendStatus
                0x000000000800c324       0x18 ../../../libDaisy/build/libdaisy.a(usbd_ioreq.o)
                0x000000000800c324                USBD_CtlSendStatus
 .text.USBD_CtlReceiveStatus
                0x000000000800c33c       0x18 ../../../libDaisy/build/libdaisy.a(usbd_ioreq.o)
                0x000000000800c33c                USBD_CtlReceiveStatus
 .text.USBH_LL_IncTimer
                0x000000000800c354       0x20 ../../../libDaisy/build/libdaisy.a(usbh_core.o)
                0x000000000800c354                USBH_LL_IncTimer
 .text.USBH_LL_PortEnabled
                0x000000000800c374        0x8 ../../../libDaisy/build/libdaisy.a(usbh_core.o)
                0x000000000800c374                USBH_LL_PortEnabled
 .text.USBH_LL_PortDisabled
                0x000000000800c37c        0x8 ../../../libDaisy/build/libdaisy.a(usbh_core.o)
                0x000000000800c37c                USBH_LL_PortDisabled
 .text.USBH_LL_Connect
                0x000000000800c384       0x18 ../../../libDaisy/build/libdaisy.a(usbh_core.o)
                0x000000000800c384                USBH_LL_Connect
 .text.USBH_LL_Disconnect
                0x000000000800c39c       0x2c ../../../libDaisy/build/libdaisy.a(usbh_core.o)
                0x000000000800c39c                USBH_LL_Disconnect
 .text.USBH_FreePipe
                0x000000000800c3c8       0x18 ../../../libDaisy/build/libdaisy.a(usbh_pipes.o)
                0x000000000800c3c8                USBH_FreePipe
 .text._ZN5daisy6Random4InitEv
                0x000000000800c3e0       0x3c ../../../libDaisy/build/libdaisy.a(rng.o)
                0x000000000800c3e0                daisy::Random::Init()
 .text._ZN5daisy9SpiHandle4Impl7InitDmaEv
                0x000000000800c41c       0xec ../../../libDaisy/build/libdaisy.a(spi.o)
                0x000000000800c41c                daisy::SpiHandle::Impl::InitDma()
 .text._ZN5daisy9SpiHandle4Impl10StartDmaTxEPhjPFvPvEPFvS3_NS0_6ResultEES3_
                0x000000000800c508       0xc8 ../../../libDaisy/build/libdaisy.a(spi.o)
                0x000000000800c508                daisy::SpiHandle::Impl::StartDmaTx(unsigned char*, unsigned int, void (*)(void*), void (*)(void*, daisy::SpiHandle::Result), void*)
 .text._ZN5daisy9SpiHandle4Impl10StartDmaRxEPhjPFvPvEPFvS3_NS0_6ResultEES3_
                0x000000000800c5d0       0xc8 ../../../libDaisy/build/libdaisy.a(spi.o)
                0x000000000800c5d0                daisy::SpiHandle::Impl::StartDmaRx(unsigned char*, unsigned int, void (*)(void*), void (*)(void*, daisy::SpiHandle::Result), void*)
 .text._ZN5daisy9SpiHandle4Impl12StartDmaRxTxEPhS2_jPFvPvEPFvS3_NS0_6ResultEES3_
                0x000000000800c698       0xcc ../../../libDaisy/build/libdaisy.a(spi.o)
                0x000000000800c698                daisy::SpiHandle::Impl::StartDmaRxTx(unsigned char*, unsigned char*, unsigned int, void (*)(void*), void (*)(void*, daisy::SpiHandle::Result), void*)
 .text._ZN5daisy9SpiHandle4Impl8InitPinsEv
                0x000000000800c764      0x274 ../../../libDaisy/build/libdaisy.a(spi.o)
                0x000000000800c764                daisy::SpiHandle::Impl::InitPins()
 .text.HAL_SPI_MspInit
                0x000000000800c9d8      0x1a8 ../../../libDaisy/build/libdaisy.a(spi.o)
                0x000000000800c9d8                HAL_SPI_MspInit
 .text.dsy_spi_global_init
                0x000000000800cb80       0x80 ../../../libDaisy/build/libdaisy.a(spi.o)
                0x000000000800cb80                dsy_spi_global_init
 .text.SPI1_IRQHandler
                0x000000000800cc00        0xc ../../../libDaisy/build/libdaisy.a(spi.o)
                0x000000000800cc00                SPI1_IRQHandler
 .text.SPI2_IRQHandler
                0x000000000800cc0c        0xc ../../../libDaisy/build/libdaisy.a(spi.o)
                0x000000000800cc0c                SPI2_IRQHandler
 .text.SPI3_IRQHandler
                0x000000000800cc18        0xc ../../../libDaisy/build/libdaisy.a(spi.o)
                0x000000000800cc18                SPI3_IRQHandler
 .text.SPI4_IRQHandler
                0x000000000800cc24        0xc ../../../libDaisy/build/libdaisy.a(spi.o)
                0x000000000800cc24                SPI4_IRQHandler
 .text.SPI5_IRQHandler
                0x000000000800cc30        0xc ../../../libDaisy/build/libdaisy.a(spi.o)
                0x000000000800cc30                SPI5_IRQHandler
 .text.DMA2_Stream2_IRQHandler
                0x000000000800cc3c       0x34 ../../../libDaisy/build/libdaisy.a(spi.o)
                0x000000000800cc3c                DMA2_Stream2_IRQHandler
 .text.DMA2_Stream3_IRQHandler
                0x000000000800cc70       0x38 ../../../libDaisy/build/libdaisy.a(spi.o)
                0x000000000800cc70                DMA2_Stream3_IRQHandler
 .text.HAL_SPI_TxCpltCallback
                0x000000000800cca8       0xc4 ../../../libDaisy/build/libdaisy.a(spi.o)
                0x000000000800cca8                HAL_SPI_TxCpltCallback
 .text.HAL_SPI_RxCpltCallback
                0x000000000800cd6c       0xc4 ../../../libDaisy/build/libdaisy.a(spi.o)
                0x000000000800cd6c                HAL_SPI_RxCpltCallback
 .text.HAL_SPI_TxRxCpltCallback
                0x000000000800ce30       0xc4 ../../../libDaisy/build/libdaisy.a(spi.o)
                0x000000000800ce30                HAL_SPI_TxRxCpltCallback
 .text.HAL_SPI_ErrorCallback
                0x000000000800cef4       0xc8 ../../../libDaisy/build/libdaisy.a(spi.o)
                0x000000000800cef4                HAL_SPI_ErrorCallback
 .text.startup._GLOBAL__sub_I__Z19MapInstanceToHandleP11SPI_TypeDef
                0x000000000800cfbc      0x1b0 ../../../libDaisy/build/libdaisy.a(spi.o)
 .text.HAL_TIM_Base_MspInit
                0x000000000800d16c      0x1e0 ../../../libDaisy/build/libdaisy.a(tim.o)
                0x000000000800d16c                HAL_TIM_Base_MspInit
 .text.HAL_TIM_PeriodElapsedCallback
                0x000000000800d34c       0x44 ../../../libDaisy/build/libdaisy.a(tim.o)
                0x000000000800d34c                HAL_TIM_PeriodElapsedCallback
 .text.TIM2_IRQHandler
                0x000000000800d390        0xc ../../../libDaisy/build/libdaisy.a(tim.o)
                0x000000000800d390                TIM2_IRQHandler
 .text.TIM3_IRQHandler
                0x000000000800d39c        0xc ../../../libDaisy/build/libdaisy.a(tim.o)
                0x000000000800d39c                TIM3_IRQHandler
 .text.TIM4_IRQHandler
                0x000000000800d3a8        0xc ../../../libDaisy/build/libdaisy.a(tim.o)
                0x000000000800d3a8                TIM4_IRQHandler
 .text.TIM5_IRQHandler
                0x000000000800d3b4        0xc ../../../libDaisy/build/libdaisy.a(tim.o)
                0x000000000800d3b4                TIM5_IRQHandler
 .text._ZN5daisy11TimerHandle4InitERKNS0_6ConfigE
                0x000000000800d3c0       0xd0 ../../../libDaisy/build/libdaisy.a(tim.o)
                0x000000000800d3c0                daisy::TimerHandle::Init(daisy::TimerHandle::Config const&)
 .text._ZN5daisy11TimerHandle5StartEv
                0x000000000800d490       0x24 ../../../libDaisy/build/libdaisy.a(tim.o)
                0x000000000800d490                daisy::TimerHandle::Start()
 .text.startup._GLOBAL__sub_I__ZN5daisy11TimerHandle4Impl4InitERKNS0_6ConfigE
                0x000000000800d4b4       0x38 ../../../libDaisy/build/libdaisy.a(tim.o)
 .text._ZL20UART_CheckRxListenerPN5daisy11UartHandler4ImplE
                0x000000000800d4ec       0x84 ../../../libDaisy/build/libdaisy.a(uart.o)
 .text._ZN5daisy11UartHandler4Impl10StartDmaTxEPhjPFvPvEPFvS3_NS0_6ResultEES3_
                0x000000000800d570      0x184 ../../../libDaisy/build/libdaisy.a(uart.o)
                0x000000000800d570                daisy::UartHandler::Impl::StartDmaTx(unsigned char*, unsigned int, void (*)(void*), void (*)(void*, daisy::UartHandler::Result), void*)
 .text._ZN5daisy11UartHandler4Impl10StartDmaRxEPhjPFvPvEPFvS3_NS0_6ResultEES3_
                0x000000000800d6f4      0x184 ../../../libDaisy/build/libdaisy.a(uart.o)
                0x000000000800d6f4                daisy::UartHandler::Impl::StartDmaRx(unsigned char*, unsigned int, void (*)(void*), void (*)(void*, daisy::UartHandler::Result), void*)
 .text._ZN5daisy11UartHandler4Impl19DmaTransferFinishedEP20__UART_HandleTypeDefNS0_6ResultE
                0x000000000800d878       0xc0 ../../../libDaisy/build/libdaisy.a(uart.o)
                0x000000000800d878                daisy::UartHandler::Impl::DmaTransferFinished(__UART_HandleTypeDef*, daisy::UartHandler::Result)
 .text._ZN5daisy11UartHandler4Impl8InitPinsEv
                0x000000000800d938      0x154 ../../../libDaisy/build/libdaisy.a(uart.o)
                0x000000000800d938                daisy::UartHandler::Impl::InitPins()
 .text.HAL_UART_MspInit
                0x000000000800da8c      0x210 ../../../libDaisy/build/libdaisy.a(uart.o)
                0x000000000800da8c                HAL_UART_MspInit
 .text.dsy_uart_global_init
                0x000000000800dc9c      0x110 ../../../libDaisy/build/libdaisy.a(uart.o)
                0x000000000800dc9c                dsy_uart_global_init
 .text.USART1_IRQHandler
                0x000000000800ddac       0x2c ../../../libDaisy/build/libdaisy.a(uart.o)
                0x000000000800ddac                USART1_IRQHandler
 .text.USART2_IRQHandler
                0x000000000800ddd8       0x34 ../../../libDaisy/build/libdaisy.a(uart.o)
                0x000000000800ddd8                USART2_IRQHandler
 .text.USART3_IRQHandler
                0x000000000800de0c       0x34 ../../../libDaisy/build/libdaisy.a(uart.o)
                0x000000000800de0c                USART3_IRQHandler
 .text.UART4_IRQHandler
                0x000000000800de40       0x34 ../../../libDaisy/build/libdaisy.a(uart.o)
                0x000000000800de40                UART4_IRQHandler
 .text.UART5_IRQHandler
                0x000000000800de74       0x34 ../../../libDaisy/build/libdaisy.a(uart.o)
                0x000000000800de74                UART5_IRQHandler
 .text.USART6_IRQHandler
                0x000000000800dea8       0x34 ../../../libDaisy/build/libdaisy.a(uart.o)
                0x000000000800dea8                USART6_IRQHandler
 .text.UART7_IRQHandler
                0x000000000800dedc       0x34 ../../../libDaisy/build/libdaisy.a(uart.o)
                0x000000000800dedc                UART7_IRQHandler
 .text.UART8_IRQHandler
                0x000000000800df10       0x34 ../../../libDaisy/build/libdaisy.a(uart.o)
                0x000000000800df10                UART8_IRQHandler
 .text.LPUART1_IRQHandler
                0x000000000800df44       0x34 ../../../libDaisy/build/libdaisy.a(uart.o)
                0x000000000800df44                LPUART1_IRQHandler
 .text.DMA1_Stream5_IRQHandler
                0x000000000800df78       0x34 ../../../libDaisy/build/libdaisy.a(uart.o)
                0x000000000800df78                DMA1_Stream5_IRQHandler
 .text.DMA2_Stream4_IRQHandler
                0x000000000800dfac       0x38 ../../../libDaisy/build/libdaisy.a(uart.o)
                0x000000000800dfac                DMA2_Stream4_IRQHandler
 .text.HAL_UART_TxCpltCallback
                0x000000000800dfe4        0x8 ../../../libDaisy/build/libdaisy.a(uart.o)
                0x000000000800dfe4                HAL_UART_TxCpltCallback
 .text.HAL_UART_RxCpltCallback
                0x000000000800dfec       0x94 ../../../libDaisy/build/libdaisy.a(uart.o)
                0x000000000800dfec                HAL_UART_RxCpltCallback
 .text.HAL_UART_RxHalfCpltCallback
                0x000000000800e080       0x90 ../../../libDaisy/build/libdaisy.a(uart.o)
                0x000000000800e080                HAL_UART_RxHalfCpltCallback
 .text.HAL_UART_ErrorCallback
                0x000000000800e110        0x8 ../../../libDaisy/build/libdaisy.a(uart.o)
                0x000000000800e110                HAL_UART_ErrorCallback
 .text.startup._GLOBAL__sub_I__Z19MapInstanceToHandleP13USART_TypeDef
                0x000000000800e118      0x194 ../../../libDaisy/build/libdaisy.a(uart.o)
 .text.dsy_dma_init
                0x000000000800e2ac      0x100 ../../../libDaisy/build/libdaisy.a(dma.o)
                0x000000000800e2ac                dsy_dma_init
 .text.dsy_dma_invalidate_cache_for_buffer
                0x000000000800e3ac       0x2c ../../../libDaisy/build/libdaisy.a(dma.o)
                0x000000000800e3ac                dsy_dma_invalidate_cache_for_buffer
 .text.HAL_MDMA_Abort_IT
                0x000000000800e3d8       0x2c ../../../libDaisy/build/libdaisy.a(stm32h7xx_hal_mdma.o)
                0x000000000800e3d8                HAL_MDMA_Abort_IT
 .text.SPI_CloseTransfer
                0x000000000800e404       0xb8 ../../../libDaisy/build/libdaisy.a(stm32h7xx_hal_spi.o)
 .text.HAL_SPI_Init
                0x000000000800e4bc      0x15c ../../../libDaisy/build/libdaisy.a(stm32h7xx_hal_spi.o)
                0x000000000800e4bc                HAL_SPI_Init
 .text.HAL_SPI_Transmit_DMA
                0x000000000800e618      0x170 ../../../libDaisy/build/libdaisy.a(stm32h7xx_hal_spi.o)
                0x000000000800e618                HAL_SPI_Transmit_DMA
 .text.HAL_SPI_TransmitReceive_DMA
                0x000000000800e788      0x218 ../../../libDaisy/build/libdaisy.a(stm32h7xx_hal_spi.o)
                0x000000000800e788                HAL_SPI_TransmitReceive_DMA
 .text.HAL_SPI_Receive_DMA
                0x000000000800e9a0      0x1b4 ../../../libDaisy/build/libdaisy.a(stm32h7xx_hal_spi.o)
                0x000000000800e9a0                HAL_SPI_Receive_DMA
 .text.SPI_DMATransmitCplt
                0x000000000800eb54       0x28 ../../../libDaisy/build/libdaisy.a(stm32h7xx_hal_spi.o)
 .text.SPI_DMAReceiveCplt
                0x000000000800eb7c       0x28 ../../../libDaisy/build/libdaisy.a(stm32h7xx_hal_spi.o)
 .text.SPI_DMATransmitReceiveCplt
                0x000000000800eba4       0x28 ../../../libDaisy/build/libdaisy.a(stm32h7xx_hal_spi.o)
 .text.HAL_SPI_TxHalfCpltCallback
                0x000000000800ebcc        0x4 ../../../libDaisy/build/libdaisy.a(stm32h7xx_hal_spi.o)
                0x000000000800ebcc                HAL_SPI_TxHalfCpltCallback
 .text.SPI_DMAHalfTransmitCplt
                0x000000000800ebd0        0xc ../../../libDaisy/build/libdaisy.a(stm32h7xx_hal_spi.o)
 .text.HAL_SPI_RxHalfCpltCallback
                0x000000000800ebdc        0x4 ../../../libDaisy/build/libdaisy.a(stm32h7xx_hal_spi.o)
                0x000000000800ebdc                HAL_SPI_RxHalfCpltCallback
 .text.SPI_DMAHalfReceiveCplt
                0x000000000800ebe0        0xc ../../../libDaisy/build/libdaisy.a(stm32h7xx_hal_spi.o)
 .text.HAL_SPI_TxRxHalfCpltCallback
                0x000000000800ebec        0x4 ../../../libDaisy/build/libdaisy.a(stm32h7xx_hal_spi.o)
                0x000000000800ebec                HAL_SPI_TxRxHalfCpltCallback
 .text.SPI_DMAHalfTransmitReceiveCplt
                0x000000000800ebf0        0xc ../../../libDaisy/build/libdaisy.a(stm32h7xx_hal_spi.o)
 .text.SPI_DMAError
                0x000000000800ebfc       0xd8 ../../../libDaisy/build/libdaisy.a(stm32h7xx_hal_spi.o)
 .text.HAL_SPI_IRQHandler
                0x000000000800ecd4      0x23c ../../../libDaisy/build/libdaisy.a(stm32h7xx_hal_spi.o)
                0x000000000800ecd4                HAL_SPI_IRQHandler
 .text.SPI_DMAAbortOnError
                0x000000000800ef10       0x1c ../../../libDaisy/build/libdaisy.a(stm32h7xx_hal_spi.o)
 .text.HAL_SPI_GetState
                0x000000000800ef2c        0x8 ../../../libDaisy/build/libdaisy.a(stm32h7xx_hal_spi.o)
                0x000000000800ef2c                HAL_SPI_GetState
 .text.HAL_TIM_Base_Init
                0x000000000800ef34      0x140 ../../../libDaisy/build/libdaisy.a(stm32h7xx_hal_tim.o)
                0x000000000800ef34                HAL_TIM_Base_Init
 .text.HAL_TIM_Base_Start
                0x000000000800f074       0x34 ../../../libDaisy/build/libdaisy.a(stm32h7xx_hal_tim.o)
                0x000000000800f074                HAL_TIM_Base_Start
 .text.HAL_TIM_Base_Start_IT
                0x000000000800f0a8       0x2c ../../../libDaisy/build/libdaisy.a(stm32h7xx_hal_tim.o)
                0x000000000800f0a8                HAL_TIM_Base_Start_IT
 .text.HAL_TIM_ConfigClockSource
                0x000000000800f0d4      0x17c ../../../libDaisy/build/libdaisy.a(stm32h7xx_hal_tim.o)
                0x000000000800f0d4                HAL_TIM_ConfigClockSource
 .text.HAL_TIM_OC_DelayElapsedCallback
                0x000000000800f250        0x4 ../../../libDaisy/build/libdaisy.a(stm32h7xx_hal_tim.o)
                0x000000000800f250                HAL_TIM_OC_DelayElapsedCallback
 .text.HAL_TIM_IC_CaptureCallback
                0x000000000800f254        0x4 ../../../libDaisy/build/libdaisy.a(stm32h7xx_hal_tim.o)
                0x000000000800f254                HAL_TIM_IC_CaptureCallback
 .text.HAL_TIM_PWM_PulseFinishedCallback
                0x000000000800f258        0x4 ../../../libDaisy/build/libdaisy.a(stm32h7xx_hal_tim.o)
                0x000000000800f258                HAL_TIM_PWM_PulseFinishedCallback
 .text.HAL_TIM_TriggerCallback
                0x000000000800f25c        0x4 ../../../libDaisy/build/libdaisy.a(stm32h7xx_hal_tim.o)
                0x000000000800f25c                HAL_TIM_TriggerCallback
 .text.HAL_TIM_IRQHandler
                0x000000000800f260      0x170 ../../../libDaisy/build/libdaisy.a(stm32h7xx_hal_tim.o)
                0x000000000800f260                HAL_TIM_IRQHandler
 .text.HAL_TIMEx_MasterConfigSynchronization
                0x000000000800f3d0       0x64 ../../../libDaisy/build/libdaisy.a(stm32h7xx_hal_tim_ex.o)
                0x000000000800f3d0                HAL_TIMEx_MasterConfigSynchronization
 .text.HAL_TIMEx_CommutCallback
                0x000000000800f434        0x4 ../../../libDaisy/build/libdaisy.a(stm32h7xx_hal_tim_ex.o)
                0x000000000800f434                HAL_TIMEx_CommutCallback
 .text.HAL_TIMEx_BreakCallback
                0x000000000800f438        0x4 ../../../libDaisy/build/libdaisy.a(stm32h7xx_hal_tim_ex.o)
                0x000000000800f438                HAL_TIMEx_BreakCallback
 .text.HAL_TIMEx_Break2Callback
                0x000000000800f43c        0x4 ../../../libDaisy/build/libdaisy.a(stm32h7xx_hal_tim_ex.o)
                0x000000000800f43c                HAL_TIMEx_Break2Callback
 .text.HAL_UART_Transmit_DMA
                0x000000000800f440       0xa4 ../../../libDaisy/build/libdaisy.a(stm32h7xx_hal_uart.o)
                0x000000000800f440                HAL_UART_Transmit_DMA
 .text.HAL_UART_Receive_DMA
                0x000000000800f4e4       0xac ../../../libDaisy/build/libdaisy.a(stm32h7xx_hal_uart.o)
                0x000000000800f4e4                HAL_UART_Receive_DMA
 .text.UART_DMATransmitCplt
                0x000000000800f590       0x2c ../../../libDaisy/build/libdaisy.a(stm32h7xx_hal_uart.o)
 .text.HAL_UART_TxHalfCpltCallback
                0x000000000800f5bc        0x4 ../../../libDaisy/build/libdaisy.a(stm32h7xx_hal_uart.o)
                0x000000000800f5bc                HAL_UART_TxHalfCpltCallback
 .text.UART_DMATxHalfCplt
                0x000000000800f5c0        0xc ../../../libDaisy/build/libdaisy.a(stm32h7xx_hal_uart.o)
 .text.UART_DMAReceiveCplt
                0x000000000800f5cc       0x38 ../../../libDaisy/build/libdaisy.a(stm32h7xx_hal_uart.o)
 .text.UART_DMARxHalfCplt
                0x000000000800f604        0xc ../../../libDaisy/build/libdaisy.a(stm32h7xx_hal_uart.o)
 .text.UART_DMAError
                0x000000000800f610       0x78 ../../../libDaisy/build/libdaisy.a(stm32h7xx_hal_uart.o)
 .text.HAL_UART_IRQHandler
                0x000000000800f688      0x1d0 ../../../libDaisy/build/libdaisy.a(stm32h7xx_hal_uart.o)
                0x000000000800f688                HAL_UART_IRQHandler
 .text.UART_DMAAbortOnError
                0x000000000800f858       0x14 ../../../libDaisy/build/libdaisy.a(stm32h7xx_hal_uart.o)
 .text.HAL_UART_GetState
                0x000000000800f86c        0xc ../../../libDaisy/build/libdaisy.a(stm32h7xx_hal_uart.o)
                0x000000000800f86c                HAL_UART_GetState
 .text.UART_SetConfig
                0x000000000800f878     0x14b8 ../../../libDaisy/build/libdaisy.a(stm32h7xx_hal_uart.o)
                0x000000000800f878                UART_SetConfig
 .text.UART_AdvFeatureConfig
                0x0000000008010d30       0xb0 ../../../libDaisy/build/libdaisy.a(stm32h7xx_hal_uart.o)
                0x0000000008010d30                UART_AdvFeatureConfig
 .text.UART_CheckIdleState
                0x0000000008010de0       0x84 ../../../libDaisy/build/libdaisy.a(stm32h7xx_hal_uart.o)
                0x0000000008010de0                UART_CheckIdleState
 .text.HAL_UART_Init
                0x0000000008010e64       0x68 ../../../libDaisy/build/libdaisy.a(stm32h7xx_hal_uart.o)
                0x0000000008010e64                HAL_UART_Init
 .text.HAL_UARTEx_WakeupCallback
                0x0000000008010ecc        0x4 ../../../libDaisy/build/libdaisy.a(stm32h7xx_hal_uart_ex.o)
                0x0000000008010ecc                HAL_UARTEx_WakeupCallback
 .text.HAL_UARTEx_RxFifoFullCallback
                0x0000000008010ed0        0x4 ../../../libDaisy/build/libdaisy.a(stm32h7xx_hal_uart_ex.o)
                0x0000000008010ed0                HAL_UARTEx_RxFifoFullCallback
 .text.HAL_UARTEx_TxFifoEmptyCallback
                0x0000000008010ed4        0x4 ../../../libDaisy/build/libdaisy.a(stm32h7xx_hal_uart_ex.o)
                0x0000000008010ed4                HAL_UARTEx_TxFifoEmptyCallback
 .text._ZN7daisysp10Oscillator7ProcessEv
                0x0000000008010ed8      0x374 ../../../DaisySP/build/libdaisysp.a(oscillator.o)
                0x0000000008010ed8                daisysp::Oscillator::Process()
 .text._ZN7daisysp10Oscillator12CalcPhaseIncEf
                0x000000000801124c        0xc ../../../DaisySP/build/libdaisysp.a(oscillator.o)
                0x000000000801124c                daisysp::Oscillator::CalcPhaseInc(float)
 .text.__aeabi_atexit
                0x0000000008011258        0xa /home/neo/Documents/Developer/gcc-arm-none-eabi-10-2020-q4-major/bin/../lib/gcc/arm-none-eabi/10.2.1/../../../../arm-none-eabi/lib/thumb/v7e-m+dp/hard/libstdc++_nano.a(atexit_arm.o)
                0x0000000008011258                __aeabi_atexit
 *fill*         0x0000000008011262        0x6 
 .text.sinf     0x0000000008011268      0x20c /home/neo/Documents/Developer/gcc-arm-none-eabi-10-2020-q4-major/bin/../lib/gcc/arm-none-eabi/10.2.1/../../../../arm-none-eabi/lib/thumb/v7e-m+dp/hard/libm.a(lib_a-sinf.o)
                0x0000000008011268                sinf
 .text.with_errnof
                0x0000000008011474       0x18 /home/neo/Documents/Developer/gcc-arm-none-eabi-10-2020-q4-major/bin/../lib/gcc/arm-none-eabi/10.2.1/../../../../arm-none-eabi/lib/thumb/v7e-m+dp/hard/libm.a(lib_a-math_errf.o)
 .text.__math_invalidf
                0x000000000801148c       0x20 /home/neo/Documents/Developer/gcc-arm-none-eabi-10-2020-q4-major/bin/../lib/gcc/arm-none-eabi/10.2.1/../../../../arm-none-eabi/lib/thumb/v7e-m+dp/hard/libm.a(lib_a-math_errf.o)
                0x000000000801148c                __math_invalidf
 .text.__cxa_atexit
                0x00000000080114ac       0x1c /home/neo/Documents/Developer/gcc-arm-none-eabi-10-2020-q4-major/bin/../lib/gcc/arm-none-eabi/10.2.1/../../../../arm-none-eabi/lib/thumb/v7e-m+dp/hard/libc_nano.a(lib_a-cxa_atexit.o)
                0x00000000080114ac                __cxa_atexit
 .text.__errno  0x00000000080114c8        0xc /home/neo/Documents/Developer/gcc-arm-none-eabi-10-2020-q4-major/bin/../lib/gcc/arm-none-eabi/10.2.1/../../../../arm-none-eabi/lib/thumb/v7e-m+dp/hard/libc_nano.a(lib_a-errno.o)
                0x00000000080114c8                __errno
 .text.__libc_init_array
                0x00000000080114d4       0x48 /home/neo/Documents/Developer/gcc-arm-none-eabi-10-2020-q4-major/bin/../lib/gcc/arm-none-eabi/10.2.1/../../../../arm-none-eabi/lib/thumb/v7e-m+dp/hard/libc_nano.a(lib_a-init.o)
                0x00000000080114d4                __libc_init_array
 .text.memcpy   0x000000000801151c       0x1c /home/neo/Documents/Developer/gcc-arm-none-eabi-10-2020-q4-major/bin/../lib/gcc/arm-none-eabi/10.2.1/../../../../arm-none-eabi/lib/thumb/v7e-m+dp/hard/libc_nano.a(lib_a-memcpy-stub.o)
                0x000000000801151c                memcpy
 .text.memset   0x0000000008011538       0x10 /home/neo/Documents/Developer/gcc-arm-none-eabi-10-2020-q4-major/bin/../lib/gcc/arm-none-eabi/10.2.1/../../../../arm-none-eabi/lib/thumb/v7e-m+dp/hard/libc_nano.a(lib_a-memset.o)
                0x0000000008011538                memset
 *(.rodata)
 .rodata        0x0000000008011548       0x10 ../../../libDaisy/build/libdaisy.a(i2c.o)
 .rodata        0x0000000008011558       0x10 ../../../libDaisy/build/libdaisy.a(tim.o)
 .rodata        0x0000000008011568       0x12 ../../../libDaisy/build/libdaisy.a(uart.o)
 *(.rodata*)
 *fill*         0x000000000801157a        0x2 
 .rodata._ZN5daisy4seedL3D13E
                0x000000000801157c        0x2 build/oscillator.o
 *fill*         0x000000000801157e        0x2 
 .rodata._ZN5daisy4seedL3D14E
                0x0000000008011580        0x2 build/oscillator.o
 *fill*         0x0000000008011582        0x2 
 .rodata._ZL16dsy_adc_rank_map
                0x0000000008011584       0x40 ../../../libDaisy/build/libdaisy.a(adc.o)
 .rodata.CSWTCH.35
                0x00000000080115c4        0x3 ../../../libDaisy/build/libdaisy.a(sai.o)
 *fill*         0x00000000080115c7        0x1 
 .rodata.CSWTCH.36
                0x00000000080115c8        0xc ../../../libDaisy/build/libdaisy.a(sai.o)
 .rodata.CSWTCH.44
                0x00000000080115d4       0x14 ../../../libDaisy/build/libdaisy.a(sai.o)
 .rodata.D1CorePrescTable
                0x00000000080115e8       0x10 ../../../libDaisy/build/libdaisy.a(system_stm32h7xx.o)
                0x00000000080115e8                D1CorePrescTable
 .rodata.CSWTCH.24
                0x00000000080115f8        0x4 ../../../libDaisy/build/libdaisy.a(usbd_conf.o)
 .rodata.CSWTCH.19
                0x00000000080115fc        0x4 ../../../libDaisy/build/libdaisy.a(usbh_conf.o)
 .rodata.gpio_hal_pin_map
                0x0000000008011600       0x20 ../../../libDaisy/build/libdaisy.a(hal_map.o)
 .rodata.gpio_hal_port_map