Archive member included to satisfy reference by file (symbol)

../../../libDaisy/build/libdaisy.a(daisy_seed.o)
                              build/oscillator.o (daisy::DaisySeed::Configure())
../../../libDaisy/build/libdaisy.a(codec_ak4556.o)
                              ../../../libDaisy/build/libdaisy.a(daisy_seed.o) (daisy::Ak4556::Init(dsy_gpio_pin))
../../../libDaisy/build/libdaisy.a(codec_wm8731.o)
                              ../../../libDaisy/build/libdaisy.a(daisy_seed.o) (daisy::Wm8731::Init(daisy::Wm8731::Config const&, daisy::I2CHandle))
../../../libDaisy/build/libdaisy.a(sdram.o)
                              ../../../libDaisy/build/libdaisy.a(daisy_seed.o) (SdramHandle::Init())
../../../libDaisy/build/libdaisy.a(audio.o)
                              ../../../libDaisy/build/libdaisy.a(daisy_seed.o) (daisy::AudioHandle::Init(daisy::AudioHandle::Config const&, daisy::SaiHandle))
../../../libDaisy/build/libdaisy.a(adc.o)
                              build/oscillator.o (daisy::AdcChannelConfig::InitSingle(dsy_gpio_pin, daisy::AdcChannelConfig::ConversionSpeed))
../../../libDaisy/build/libdaisy.a(gpio.o)
                              build/oscillator.o (daisy::GPIO::Init(daisy::Pin, daisy::GPIO::Mode, daisy::GPIO::Pull, daisy::GPIO::Speed))
../../../libDaisy/build/libdaisy.a(i2c.o)
                              ../../../libDaisy/build/libdaisy.a(daisy_seed.o) (daisy::I2CHandle::Init(daisy::I2CHandle::Config const&))
../../../libDaisy/build/libdaisy.a(qspi.o)
                              ../../../libDaisy/build/libdaisy.a(daisy_seed.o) (daisy::QSPIHandle::Init(daisy::QSPIHandle::Config const&))
../../../libDaisy/build/libdaisy.a(sai.o)
                              ../../../libDaisy/build/libdaisy.a(daisy_seed.o) (daisy::SaiHandle::Init(daisy::SaiHandle::Config const&))
../../../libDaisy/build/libdaisy.a(system.o)
                              ../../../libDaisy/build/libdaisy.a(daisy_seed.o) (daisy::System::DeInit())
../../../libDaisy/build/libdaisy.a(system_stm32h7xx.o)
                              build/startup_stm32h750xx.o (SystemInit)
../../../libDaisy/build/libdaisy.a(usbd_conf.o)
                              ../../../libDaisy/build/libdaisy.a(system.o) (hpcd_USB_OTG_HS)
../../../libDaisy/build/libdaisy.a(usbh_conf.o)
                              ../../../libDaisy/build/libdaisy.a(system.o) (hhcd_USB_OTG_HS)
../../../libDaisy/build/libdaisy.a(hal_map.o)
                              ../../../libDaisy/build/libdaisy.a(gpio.o) (dsy_hal_map_get_port)
../../../libDaisy/build/libdaisy.a(stm32h7xx_hal.o)
                              ../../../libDaisy/build/libdaisy.a(system.o) (HAL_Init)
../../../libDaisy/build/libdaisy.a(stm32h7xx_hal_adc.o)
                              ../../../libDaisy/build/libdaisy.a(adc.o) (HAL_ADC_ConfigChannel)
../../../libDaisy/build/libdaisy.a(stm32h7xx_hal_adc_ex.o)
                              ../../../libDaisy/build/libdaisy.a(adc.o) (HAL_ADCEx_Calibration_Start)
../../../libDaisy/build/libdaisy.a(stm32h7xx_hal_cortex.o)
                              ../../../libDaisy/build/libdaisy.a(stm32h7xx_hal.o) (HAL_NVIC_SetPriorityGrouping)
../../../libDaisy/build/libdaisy.a(stm32h7xx_hal_dma.o)
                              ../../../libDaisy/build/libdaisy.a(adc.o) (HAL_DMA_Init)
../../../libDaisy/build/libdaisy.a(stm32h7xx_hal_gpio.o)
                              ../../../libDaisy/build/libdaisy.a(sdram.o) (HAL_GPIO_Init)
../../../libDaisy/build/libdaisy.a(stm32h7xx_hal_hcd.o)
                              ../../../libDaisy/build/libdaisy.a(usbh_conf.o) (HAL_HCD_HC_Init)
../../../libDaisy/build/libdaisy.a(stm32h7xx_hal_i2c.o)
                              ../../../libDaisy/build/libdaisy.a(i2c.o) (HAL_I2C_Init)
../../../libDaisy/build/libdaisy.a(stm32h7xx_hal_i2c_ex.o)
                              ../../../libDaisy/build/libdaisy.a(i2c.o) (HAL_I2CEx_ConfigAnalogFilter)
../../../libDaisy/build/libdaisy.a(stm32h7xx_hal_pcd.o)
                              ../../../libDaisy/build/libdaisy.a(usbd_conf.o) (HAL_PCD_Init)
../../../libDaisy/build/libdaisy.a(stm32h7xx_hal_pcd_ex.o)
                              ../../../libDaisy/build/libdaisy.a(usbd_conf.o) (HAL_PCDEx_SetTxFiFo)
../../../libDaisy/build/libdaisy.a(stm32h7xx_hal_pwr_ex.o)
                              ../../../libDaisy/build/libdaisy.a(system.o) (HAL_PWREx_ConfigSupply)
../../../libDaisy/build/libdaisy.a(stm32h7xx_hal_qspi.o)
                              ../../../libDaisy/build/libdaisy.a(qspi.o) (HAL_QSPI_Init)
../../../libDaisy/build/libdaisy.a(stm32h7xx_hal_rcc.o)
                              ../../../libDaisy/build/libdaisy.a(system.o) (HAL_RCC_OscConfig)
../../../libDaisy/build/libdaisy.a(stm32h7xx_hal_rcc_ex.o)
                              ../../../libDaisy/build/libdaisy.a(system.o) (HAL_RCCEx_PeriphCLKConfig)
../../../libDaisy/build/libdaisy.a(stm32h7xx_hal_sai.o)
                              ../../../libDaisy/build/libdaisy.a(sai.o) (HAL_SAI_InitProtocol)
[...]
Memory Configuration

Name             Origin             Length             Attributes
FLASH            0x0000000008000000 0x0000000000020000 xr
DTCMRAM          0x0000000020000000 0x0000000000020000 xrw
SRAM             0x0000000024000000 0x0000000000080000 xrw
RAM_D2           0x0000000030000000 0x0000000000048000 xrw
RAM_D3           0x0000000038000000 0x0000000000010000 xrw
BACKUP_SRAM      0x0000000038800000 0x0000000000001000 xrw
ITCMRAM          0x0000000000000000 0x0000000000010000 xrw
SDRAM            0x00000000c0000000 0x0000000004000000 xrw
QSPIFLASH        0x0000000090000000 0x0000000000800000 xr
*default*        0x0000000000000000 0xffffffffffffffff

Linker script and memory map

LOAD /home/erzire/Developer/gcc-arm-none-eabi-10-2020-q4-major/bin/../lib/gcc/arm-none-eabi/10.2.1/thumb/v7e-m+dp/hard/crti.o
LOAD /home/erzire/Developer/gcc-arm-none-eabi-10-2020-q4-major/bin/../lib/gcc/arm-none-eabi/10.2.1/thumb/v7e-m+dp/hard/crtbegin.o
LOAD /home/erzire/Developer/gcc-arm-none-eabi-10-2020-q4-major/bin/../lib/gcc/arm-none-eabi/10.2.1/../../../../arm-none-eabi/lib/thumb/v7e-m+dp/hard/crt0.o
LOAD build/startup_stm32h750xx.o
LOAD build/oscillator.o
LOAD ../../../libDaisy/build/libdaisy.a
LOAD /home/erzire/Developer/gcc-arm-none-eabi-10-2020-q4-major/bin/../lib/gcc/arm-none-eabi/10.2.1/../../../../arm-none-eabi/lib/thumb/v7e-m+dp/hard/libnosys.a
LOAD ../../../DaisySP/build/libdaisysp.a
LOAD /home/erzire/Developer/gcc-arm-none-eabi-10-2020-q4-major/bin/../lib/gcc/arm-none-eabi/10.2.1/../../../../arm-none-eabi/lib/thumb/v7e-m+dp/hard/libstdc++_nano.a
LOAD /home/erzire/Developer/gcc-arm-none-eabi-10-2020-q4-major/bin/../lib/gcc/arm-none-eabi/10.2.1/../../../../arm-none-eabi/lib/thumb/v7e-m+dp/hard/libm.a
LOAD /home/erzire/Developer/gcc-arm-none-eabi-10-2020-q4-major/bin/../lib/gcc/arm-none-eabi/10.2.1/../../../../arm-none-eabi/lib/thumb/v7e-m+dp/hard/libc_nano.a
START GROUP
LOAD /home/erzire/Developer/gcc-arm-none-eabi-10-2020-q4-major/bin/../lib/gcc/arm-none-eabi/10.2.1/thumb/v7e-m+dp/hard/libgcc.a
LOAD /home/erzire/Developer/gcc-arm-none-eabi-10-2020-q4-major/bin/../lib/gcc/arm-none-eabi/10.2.1/../../../../arm-none-eabi/lib/thumb/v7e-m+dp/hard/libc_nano.a
END GROUP
START GROUP
LOAD /home/erzire/Developer/gcc-arm-none-eabi-10-2020-q4-major/bin/../lib/gcc/arm-none-eabi/10.2.1/thumb/v7e-m+dp/hard/libgcc.a
LOAD /home/erzire/Developer/gcc-arm-none-eabi-10-2020-q4-major/bin/../lib/gcc/arm-none-eabi/10.2.1/../../../../arm-none-eabi/lib/thumb/v7e-m+dp/hard/libc_nano.a
LOAD /home/erzire/Developer/gcc-arm-none-eabi-10-2020-q4-major/bin/../lib/gcc/arm-none-eabi/10.2.1/../../../../arm-none-eabi/lib/thumb/v7e-m+dp/hard/libnosys.a
END GROUP
START GROUP
LOAD /home/erzire/Developer/gcc-arm-none-eabi-10-2020-q4-major/bin/../lib/gcc/arm-none-eabi/10.2.1/thumb/v7e-m+dp/hard/libgcc.a
LOAD /home/erzire/Developer/gcc-arm-none-eabi-10-2020-q4-major/bin/../lib/gcc/arm-none-eabi/10.2.1/../../../../arm-none-eabi/lib/thumb/v7e-m+dp/hard/libc_nano.a
LOAD /home/erzire/Developer/gcc-arm-none-eabi-10-2020-q4-major/bin/../lib/gcc/arm-none-eabi/10.2.1/../../../../arm-none-eabi/lib/thumb/v7e-m+dp/hard/libnosys.a
END GROUP
LOAD /home/erzire/Developer/gcc-arm-none-eabi-10-2020-q4-major/bin/../lib/gcc/arm-none-eabi/10.2.1/thumb/v7e-m+dp/hard/crtend.o
LOAD /home/erzire/Developer/gcc-arm-none-eabi-10-2020-q4-major/bin/../lib/gcc/arm-none-eabi/10.2.1/thumb/v7e-m+dp/hard/crtn.o
                0x0000000020020000                _estack = 0x20020000

.isr_vector     0x0000000008000000      0x298
                0x0000000008000000                . = ALIGN (0x4)
 *(.isr_vector)
 .isr_vector    0x0000000008000000      0x298 build/startup_stm32h750xx.o
                0x0000000008000000                g_pfnVectors
                0x0000000008000298                . = ALIGN (0x4)

.text           0x0000000008000298    0x11f30
                0x0000000008000298                . = ALIGN (0x4)
                0x0000000008000298                _stext = .
 *(.text)
 .text          0x0000000008000298       0x40 /home/erzire/Developer/gcc-arm-none-eabi-10-2020-q4-major/bin/../lib/gcc/arm-none-eabi/10.2.1/thumb/v7e-m+dp/hard/crtbegin.o
 .text          0x00000000080002d8      0x378 /home/erzire/Developer/gcc-arm-none-eabi-10-2020-q4-major/bin/../lib/gcc/arm-none-eabi/10.2.1/thumb/v7e-m+dp/hard/libgcc.a(_arm_addsubdf3.o)
                0x00000000080002d8                __aeabi_drsub
                0x00000000080002e0                __aeabi_dsub
                0x00000000080002e0                __subdf3
                0x00000000080002e4                __adddf3
                0x00000000080002e4                __aeabi_dadd
                0x000000000800055c                __aeabi_ui2d
                0x000000000800055c                __floatunsidf
                0x000000000800057c                __floatsidf
                0x000000000800057c                __aeabi_i2d
                0x00000000080005a0                __extendsfdf2
                0x00000000080005a0                __aeabi_f2d
                0x00000000080005e4                __aeabi_ul2d
                0x00000000080005e4                __floatundidf
                0x00000000080005f4                __floatdidf
                0x00000000080005f4                __aeabi_l2d
 .text          0x0000000008000650       0x30 /home/erzire/Developer/gcc-arm-none-eabi-10-2020-q4-major/bin/../lib/gcc/arm-none-eabi/10.2.1/thumb/v7e-m+dp/hard/libgcc.a(_aeabi_uldivmod.o)
                0x0000000008000650                __aeabi_uldivmod
 .text          0x0000000008000680      0x2d0 /home/erzire/Developer/gcc-arm-none-eabi-10-2020-q4-major/bin/../lib/gcc/arm-none-eabi/10.2.1/thumb/v7e-m+dp/hard/libgcc.a(_udivmoddi4.o)
                0x0000000008000680                __udivmoddi4
 .text          0x0000000008000950        0x4 /home/erzire/Developer/gcc-arm-none-eabi-10-2020-q4-major/bin/../lib/gcc/arm-none-eabi/10.2.1/thumb/v7e-m+dp/hard/libgcc.a(_dvmd_tls.o)
                0x0000000008000950                __aeabi_ldiv0
                0x0000000008000950                __aeabi_idiv0
 *(.text*)
 .text.Default_Handler
                0x0000000008000954        0x4 build/startup_stm32h750xx.o
                0x0000000008000954                RTC_Alarm_IRQHandler
                0x0000000008000954                HASH_RNG_IRQHandler
                0x0000000008000954                EXTI2_IRQHandler
                0x0000000008000954                TIM8_CC_IRQHandler
                0x0000000008000954                HRTIM1_Master_IRQHandler
                0x0000000008000954                DebugMon_Handler
                0x0000000008000954                TIM1_CC_IRQHandler
                0x0000000008000954                BDMA_Channel6_IRQHandler
                0x0000000008000954                DMA2_Stream5_IRQHandler
                0x0000000008000954                HRTIM1_FLT_IRQHandler
                0x0000000008000954                JPEG_IRQHandler
                0x0000000008000954                BDMA_Channel1_IRQHandler
                0x0000000008000954                HRTIM1_TIMD_IRQHandler
                0x0000000008000954                TAMP_STAMP_IRQHandler
                0x0000000008000954                PendSV_Handler
                0x0000000008000954                NMI_Handler
                0x0000000008000954                EXTI3_IRQHandler
                0x0000000008000954                LPTIM4_IRQHandler
                0x0000000008000954                TIM8_TRG_COM_TIM14_IRQHandler
                0x0000000008000954                LPTIM2_IRQHandler
                0x0000000008000954                DFSDM1_FLT1_IRQHandler
                0x0000000008000954                DMAMUX2_OVR_IRQHandler
                0x0000000008000954                TIM8_UP_TIM13_IRQHandler
                0x0000000008000954                I2C3_ER_IRQHandler
                0x0000000008000954                DFSDM1_FLT2_IRQHandler
                0x0000000008000954                MDMA_IRQHandler
                0x0000000008000954                LPTIM3_IRQHandler
                0x0000000008000954                HSEM1_IRQHandler
                0x0000000008000954                EXTI0_IRQHandler
                0x0000000008000954                FPU_IRQHandler
                0x0000000008000954                OTG_HS_WKUP_IRQHandler
                0x0000000008000954                FDCAN1_IT1_IRQHandler
                0x0000000008000954                UsageFault_Handler
                0x0000000008000954                LTDC_ER_IRQHandler
                0x0000000008000954                HRTIM1_TIME_IRQHandler
                0x0000000008000954                TIM6_DAC_IRQHandler
                0x0000000008000954                DCMI_IRQHandler
                0x0000000008000954                HRTIM1_TIMC_IRQHandler
                0x0000000008000954                SAI2_IRQHandler
                0x0000000008000954                DFSDM1_FLT3_IRQHandler
                0x0000000008000954                TIM17_IRQHandler
                0x0000000008000954                CRYP_IRQHandler
                0x0000000008000954                BDMA_Channel7_IRQHandler
                0x0000000008000954                LPTIM5_IRQHandler
                0x0000000008000954                ADC3_IRQHandler
                0x0000000008000954                DMA2_Stream0_IRQHandler
                0x0000000008000954                BDMA_Channel2_IRQHandler
                0x0000000008000954                DMAMUX1_OVR_IRQHandler
                0x0000000008000954                TIM16_IRQHandler
                0x0000000008000954                BDMA_Channel5_IRQHandler
                0x0000000008000954                RCC_IRQHandler
                0x0000000008000954                TIM8_BRK_TIM12_IRQHandler
                0x0000000008000954                TIM1_TRG_COM_IRQHandler
                0x0000000008000954                Default_Handler
                0x0000000008000954                ECC_IRQHandler
                0x0000000008000954                CEC_IRQHandler
                0x0000000008000954                EXTI15_10_IRQHandler
                0x0000000008000954                BDMA_Channel0_IRQHandler
                0x0000000008000954                ADC_IRQHandler
                0x0000000008000954                DMA1_Stream7_IRQHandler
                0x0000000008000954                HRTIM1_TIMA_IRQHandler
                0x0000000008000954                TIM7_IRQHandler
                0x0000000008000954                SDMMC1_IRQHandler
                0x0000000008000954                DMA2_Stream7_IRQHandler
                0x0000000008000954                TIM15_IRQHandler
                0x0000000008000954                PVD_AVD_IRQHandler
                0x0000000008000954                EXTI9_5_IRQHandler
                0x0000000008000954                RTC_WKUP_IRQHandler
                0x0000000008000954                LTDC_IRQHandler
                0x0000000008000954                SAI3_IRQHandler
                0x0000000008000954                ETH_WKUP_IRQHandler
                0x0000000008000954                SPDIF_RX_IRQHandler
                0x0000000008000954                MemManage_Handler
                0x0000000008000954                SVC_Handler
                0x0000000008000954                CRS_IRQHandler
                0x0000000008000954                EXTI4_IRQHandler
                0x0000000008000954                HRTIM1_TIMB_IRQHandler
                0x0000000008000954                FDCAN2_IT1_IRQHandler
                0x0000000008000954                ETH_IRQHandler
                0x0000000008000954                TIM1_UP_IRQHandler
                0x0000000008000954                BDMA_Channel4_IRQHandler
                0x0000000008000954                WWDG_IRQHandler
                0x0000000008000954                SPI6_IRQHandler
                0x0000000008000954                I2C4_EV_IRQHandler
                0x0000000008000954                MDIOS_IRQHandler
                0x0000000008000954                FDCAN2_IT0_IRQHandler
                0x0000000008000954                FDCAN1_IT0_IRQHandler
                0x0000000008000954                OTG_FS_WKUP_IRQHandler
                0x0000000008000954                DMA2D_IRQHandler
                0x0000000008000954                TIM1_BRK_IRQHandler
                0x0000000008000954                EXTI1_IRQHandler
                0x0000000008000954                SDMMC2_IRQHandler
                0x0000000008000954                OTG_FS_EP1_OUT_IRQHandler
                0x0000000008000954                BDMA_Channel3_IRQHandler
                0x0000000008000954                MDIOS_WKUP_IRQHandler
                0x0000000008000954                DFSDM1_FLT0_IRQHandler
                0x0000000008000954                SAI4_IRQHandler
                0x0000000008000954                I2C2_ER_IRQHandler
                0x0000000008000954                DMA2_Stream1_IRQHandler
                0x0000000008000954                FLASH_IRQHandler
                0x0000000008000954                BusFault_Handler
                0x0000000008000954                OTG_FS_IRQHandler
                0x0000000008000954                WAKEUP_PIN_IRQHandler
                0x0000000008000954                OTG_FS_EP1_IN_IRQHandler
                0x0000000008000954                I2C1_ER_IRQHandler
                0x0000000008000954                FMC_IRQHandler
                0x0000000008000954                FDCAN_CAL_IRQHandler
                0x0000000008000954                SWPMI1_IRQHandler
                0x0000000008000954                COMP1_IRQHandler
                0x0000000008000954                LPTIM1_IRQHandler
                0x0000000008000954                I2C4_ER_IRQHandler
                0x0000000008000954                DMA2_Stream6_IRQHandler
                0x0000000008000954                SAI1_IRQHandler
 .text.Reset_Handler
                0x0000000008000958       0x44 build/startup_stm32h750xx.o
                0x0000000008000958                Reset_Handler
 .text._ZN7daisysp10OscillatorD2Ev
                0x000000000800099c        0x4 build/oscillator.o
                0x000000000800099c                daisysp::Oscillator::~Oscillator()
                0x000000000800099c                daisysp::Oscillator::~Oscillator()
 .text._ZN5daisy9DaisySeedD2Ev
                0x00000000080009a0        0x4 build/oscillator.o
                0x00000000080009a0                daisy::DaisySeed::~DaisySeed()
                0x00000000080009a0                daisy::DaisySeed::~DaisySeed()
 .text._Z13QuantizePitchf9QuantModei
                0x00000000080009a4      0x160 build/oscillator.o
                0x00000000080009a4                QuantizePitch(float, QuantMode, int)
 .text._Z13AudioCallbackPKPKfPPfj
                0x0000000008000b04      0x210 build/oscillator.o
                0x0000000008000b04                AudioCallback(float const* const*, float**, unsigned int)
 .text.startup.main
                0x0000000008000d14      0x328 build/oscillator.o
                0x0000000008000d14                main
 .text.startup._GLOBAL__sub_I_hw
                0x000000000800103c       0x48 build/oscillator.o
 .text._ZN5daisy9DaisySeed9ConfigureEv
                0x0000000008001084        0x4 ../../../libDaisy/build/libdaisy.a(daisy_seed.o)
                0x0000000008001084                daisy::DaisySeed::Configure()
 .text._ZN5daisy9DaisySeed10StartAudioEPFvPKPKfPPfjE
                0x0000000008001088        0x8 ../../../libDaisy/build/libdaisy.a(daisy_seed.o)
                0x0000000008001088                daisy::DaisySeed::StartAudio(void (*)(float const* const*, float**, unsigned int))
 .text._ZN5daisy9DaisySeed15AudioSampleRateEv
                0x0000000008001090        0x8 ../../../libDaisy/build/libdaisy.a(daisy_seed.o)
                0x0000000008001090                daisy::DaisySeed::AudioSampleRate()
 .text._ZN5daisy9DaisySeed17SetAudioBlockSizeEj
                0x0000000008001098       0x38 ../../../libDaisy/build/libdaisy.a(daisy_seed.o)
                0x0000000008001098                daisy::DaisySeed::SetAudioBlockSize(unsigned int)
 .text._ZN5daisy9DaisySeed17CheckBoardVersionEv
                0x00000000080010d0       0x6c ../../../libDaisy/build/libdaisy.a(daisy_seed.o)
                0x00000000080010d0                daisy::DaisySeed::CheckBoardVersion()
 .text._ZN5daisy9DaisySeed14ConfigureAudioEv
                0x000000000800113c      0x10c ../../../libDaisy/build/libdaisy.a(daisy_seed.o)
                0x000000000800113c                daisy::DaisySeed::ConfigureAudio()
 .text._ZN5daisy9DaisySeed4InitEb
                0x0000000008001248      0x108 ../../../libDaisy/build/libdaisy.a(daisy_seed.o)
                0x0000000008001248                daisy::DaisySeed::Init(bool)
 .text._ZN5daisy6Ak45564InitE12dsy_gpio_pin
                0x0000000008001350       0x44 ../../../libDaisy/build/libdaisy.a(codec_ak4556.o)
                0x0000000008001350                daisy::Ak4556::Init(dsy_gpio_pin)
 .text._ZN5daisy6Wm873120WriteControlRegisterEht
                0x0000000008001394       0x3c ../../../libDaisy/build/libdaisy.a(codec_wm8731.o)
                0x0000000008001394                daisy::Wm8731::WriteControlRegister(unsigned char, unsigned short)
 .text._ZN5daisy6Wm87314InitERKNS0_6ConfigENS_9I2CHandleE
                0x00000000080013d0      0x1bc ../../../libDaisy/build/libdaisy.a(codec_wm8731.o)
                0x00000000080013d0                daisy::Wm8731::Init(daisy::Wm8731::Config const&, daisy::I2CHandle)
 .text._ZN11SdramHandle10DeviceInitEv
                0x000000000800158c       0x98 ../../../libDaisy/build/libdaisy.a(sdram.o)
                0x000000000800158c                SdramHandle::DeviceInit()
 .text._ZN11SdramHandle4InitEv
                0x0000000008001624       0x7c ../../../libDaisy/build/libdaisy.a(sdram.o)
                0x0000000008001624                SdramHandle::Init()
 .text.HAL_SDRAM_MspInit
                0x00000000080016a0      0x1a8 ../../../libDaisy/build/libdaisy.a(sdram.o)
                0x00000000080016a0                HAL_SDRAM_MspInit
 .text._ZN5daisy11AudioHandle4Impl16InternalCallbackEPlS2_j
                0x0000000008001848      0xbbc ../../../libDaisy/build/libdaisy.a(audio.o)
                0x0000000008001848                daisy::AudioHandle::Impl::InternalCallback(long*, long*, unsigned int)
 .text._ZN5daisy11AudioHandle4InitERKNS0_6ConfigENS_9SaiHandleE
                0x0000000008002404       0x70 ../../../libDaisy/build/libdaisy.a(audio.o)
                0x0000000008002404                daisy::AudioHandle::Init(daisy::AudioHandle::Config const&, daisy::SaiHandle)
 .text._ZNK5daisy11AudioHandle9GetConfigEv
                0x0000000008002474        0x8 ../../../libDaisy/build/libdaisy.a(audio.o)
                0x0000000008002474                daisy::AudioHandle::GetConfig() const
 .text._ZN5daisy11AudioHandle12SetBlockSizeEj
                0x000000000800247c       0x1c ../../../libDaisy/build/libdaisy.a(audio.o)
                0x000000000800247c                daisy::AudioHandle::SetBlockSize(unsigned int)
 .text._ZN5daisy11AudioHandle13GetSampleRateEv
                0x0000000008002498        0x8 ../../../libDaisy/build/libdaisy.a(audio.o)
                0x0000000008002498                daisy::AudioHandle::GetSampleRate()
 .text._ZN5daisy11AudioHandle5StartEPFvPKPKfPPfjE
                0x00000000080024a0       0x44 ../../../libDaisy/build/libdaisy.a(audio.o)
                0x00000000080024a0                daisy::AudioHandle::Start(void (*)(float const* const*, float**, unsigned int))
 .text.startup._GLOBAL__sub_I__ZN5daisy11AudioHandle4Impl4InitENS0_6ConfigENS_9SaiHandleE
                0x00000000080024e4       0x24 ../../../libDaisy/build/libdaisy.a(audio.o)
 .text._ZN5daisy16AdcChannelConfig10InitSingleE12dsy_gpio_pinNS0_15ConversionSpeedE
                0x0000000008002508       0x28 ../../../libDaisy/build/libdaisy.a(adc.o)
                0x0000000008002508                daisy::AdcChannelConfig::InitSingle(dsy_gpio_pin, daisy::AdcChannelConfig::ConversionSpeed)
 .text._ZN5daisy9AdcHandle4InitEPNS_16AdcChannelConfigEjNS0_12OverSamplingE
                0x0000000008002530      0x41c ../../../libDaisy/build/libdaisy.a(adc.o)
                0x0000000008002530                daisy::AdcHandle::Init(daisy::AdcChannelConfig*, unsigned int, daisy::AdcHandle::OverSampling)
 .text._ZN5daisy9AdcHandle5StartEv
                0x000000000800294c       0x2c ../../../libDaisy/build/libdaisy.a(adc.o)
                0x000000000800294c                daisy::AdcHandle::Start()
 .text._ZNK5daisy9AdcHandle8GetFloatEh
                0x0000000008002978       0x20 ../../../libDaisy/build/libdaisy.a(adc.o)
                0x0000000008002978                daisy::AdcHandle::GetFloat(unsigned char) const
 .text.HAL_ADC_MspInit
                0x0000000008002998       0x98 ../../../libDaisy/build/libdaisy.a(adc.o)
                0x0000000008002998                HAL_ADC_MspInit
 .text.DMA1_Stream2_IRQHandler
                0x0000000008002a30        0xc ../../../libDaisy/build/libdaisy.a(adc.o)
                0x0000000008002a30                DMA1_Stream2_IRQHandler
 .text.HAL_ADC_ConvCpltCallback
                0x0000000008002a3c      0x148 ../../../libDaisy/build/libdaisy.a(adc.o)
                0x0000000008002a3c                HAL_ADC_ConvCpltCallback
 .text.HAL_ADC_ErrorCallback
                0x0000000008002b84        0x4 ../../../libDaisy/build/libdaisy.a(adc.o)
                0x0000000008002b84                HAL_ADC_ErrorCallback
 .text._ZN5daisy4GPIO4InitENS_3PinENS0_4ModeENS0_4PullENS0_5SpeedE
                0x0000000008002b88      0x1cc ../../../libDaisy/build/libdaisy.a(gpio.o)
                0x0000000008002b88                daisy::GPIO::Init(daisy::Pin, daisy::GPIO::Mode, daisy::GPIO::Pull, daisy::GPIO::Speed)
 .text._ZN5daisy4GPIO4ReadEv
                0x0000000008002d54       0x18 ../../../libDaisy/build/libdaisy.a(gpio.o)
                0x0000000008002d54                daisy::GPIO::Read()
 .text._ZN5daisy4GPIO5WriteEb
                0x0000000008002d6c       0x14 ../../../libDaisy/build/libdaisy.a(gpio.o)
                0x0000000008002d6c                daisy::GPIO::Write(bool)
 .text.dsy_gpio_init
                0x0000000008002d80      0x1b8 ../../../libDaisy/build/libdaisy.a(gpio.o)
                0x0000000008002d80                dsy_gpio_init
 .text.dsy_gpio_write
                0x0000000008002f38       0x24 ../../../libDaisy/build/libdaisy.a(gpio.o)
                0x0000000008002f38                dsy_gpio_write
 .text._ZN5daisy9I2CHandle4Impl8InitPinsEv
                0x0000000008002f5c       0x58 ../../../libDaisy/build/libdaisy.a(i2c.o)
                0x0000000008002f5c                daisy::I2CHandle::Impl::InitPins()
 .text.HAL_I2C_MspInit
                0x0000000008002fb4      0x1b4 ../../../libDaisy/build/libdaisy.a(i2c.o)
                0x0000000008002fb4                HAL_I2C_MspInit
 .text.dsy_i2c_global_init
                0x0000000008003168       0x78 ../../../libDaisy/build/libdaisy.a(i2c.o)
                0x0000000008003168                dsy_i2c_global_init
 .text.DMA1_Stream6_IRQHandler
                0x00000000080031e0       0x34 ../../../libDaisy/build/libdaisy.a(i2c.o)
                0x00000000080031e0                DMA1_Stream6_IRQHandler
 .text.I2C1_EV_IRQHandler
                0x0000000008003214        0xc ../../../libDaisy/build/libdaisy.a(i2c.o)
                0x0000000008003214                I2C1_EV_IRQHandler
 .text.I2C2_EV_IRQHandler
                0x0000000008003220        0xc ../../../libDaisy/build/libdaisy.a(i2c.o)
                0x0000000008003220                I2C2_EV_IRQHandler
 .text.I2C3_EV_IRQHandler
                0x000000000800322c        0xc ../../../libDaisy/build/libdaisy.a(i2c.o)
                0x000000000800322c                I2C3_EV_IRQHandler
 .text._ZN5daisy9I2CHandle4InitERKNS0_6ConfigE
                0x0000000008003238      0x12c ../../../libDaisy/build/libdaisy.a(i2c.o)
                0x0000000008003238                daisy::I2CHandle::Init(daisy::I2CHandle::Config const&)
 .text._ZN5daisy9I2CHandle16TransmitBlockingEtPhtm
                0x0000000008003364       0x50 ../../../libDaisy/build/libdaisy.a(i2c.o)
                0x0000000008003364                daisy::I2CHandle::TransmitBlocking(unsigned short, unsigned char*, unsigned short, unsigned long)
 .text.startup._GLOBAL__sub_I__ZN5daisy9I2CHandle4Impl10GlobalInitEv
                0x00000000080033b4       0x18 ../../../libDaisy/build/libdaisy.a(i2c.o)
 .text._ZN5daisy10QSPIHandle4Impl11WriteEnableEv
                0x00000000080033cc       0x8c ../../../libDaisy/build/libdaisy.a(qspi.o)
                0x00000000080033cc                daisy::QSPIHandle::Impl::WriteEnable()
 .text._ZN5daisy10QSPIHandle4Impl17DummyCyclesConfigENS0_6Config6DeviceE
                0x0000000008003458      0x118 ../../../libDaisy/build/libdaisy.a(qspi.o)
                0x0000000008003458                daisy::QSPIHandle::Impl::DummyCyclesConfig(daisy::QSPIHandle::Config::Device)
 .text._ZN5daisy10QSPIHandle4Impl10QuadEnableEv
                0x0000000008003570      0x158 ../../../libDaisy/build/libdaisy.a(qspi.o)
                0x0000000008003570                daisy::QSPIHandle::Impl::QuadEnable()
 .text._ZN5daisy10QSPIHandle4InitERKNS0_6ConfigE
                0x00000000080036c8      0x198 ../../../libDaisy/build/libdaisy.a(qspi.o)
                0x00000000080036c8                daisy::QSPIHandle::Init(daisy::QSPIHandle::Config const&)
 .text.HAL_QSPI_MspInit
                0x0000000008003860      0x11c ../../../libDaisy/build/libdaisy.a(qspi.o)
                0x0000000008003860                HAL_QSPI_MspInit
 .text.HAL_QSPI_MspDeInit
                0x000000000800397c       0x54 ../../../libDaisy/build/libdaisy.a(qspi.o)
                0x000000000800397c                HAL_QSPI_MspDeInit
 .text.QUADSPI_IRQHandler
                0x00000000080039d0        0xc ../../../libDaisy/build/libdaisy.a(qspi.o)
                0x00000000080039d0                QUADSPI_IRQHandler
 .text.startup._GLOBAL__sub_I__ZN5daisy10QSPIHandle4Impl4InitERKNS0_6ConfigE
                0x00000000080039dc       0x28 ../../../libDaisy/build/libdaisy.a(qspi.o)
 .text._ZN5daisy9SaiHandle4Impl7InitDmaENS1_15PeripheralBlockE
                0x0000000008003a04       0xa0 ../../../libDaisy/build/libdaisy.a(sai.o)
                0x0000000008003a04                daisy::SaiHandle::Impl::InitDma(daisy::SaiHandle::Impl::PeripheralBlock)
 .text._ZN5daisy9SaiHandle4Impl8InitPinsEv
                0x0000000008003aa4       0xa8 ../../../libDaisy/build/libdaisy.a(sai.o)
                0x0000000008003aa4                daisy::SaiHandle::Impl::InitPins()
 .text.HAL_SAI_MspInit
                0x0000000008003b4c      0x164 ../../../libDaisy/build/libdaisy.a(sai.o)
                0x0000000008003b4c                HAL_SAI_MspInit
 .text.DMA1_Stream0_IRQHandler
                0x0000000008003cb0        0xc ../../../libDaisy/build/libdaisy.a(sai.o)
                0x0000000008003cb0                DMA1_Stream0_IRQHandler
 .text.DMA1_Stream1_IRQHandler
                0x0000000008003cbc        0xc ../../../libDaisy/build/libdaisy.a(sai.o)
                0x0000000008003cbc                DMA1_Stream1_IRQHandler
 .text.DMA1_Stream3_IRQHandler
                0x0000000008003cc8        0xc ../../../libDaisy/build/libdaisy.a(sai.o)
                0x0000000008003cc8                DMA1_Stream3_IRQHandler
 .text.DMA1_Stream4_IRQHandler
                0x0000000008003cd4        0xc ../../../libDaisy/build/libdaisy.a(sai.o)
                0x0000000008003cd4                DMA1_Stream4_IRQHandler
 .text.HAL_SAI_RxHalfCpltCallback
                0x0000000008003ce0       0x78 ../../../libDaisy/build/libdaisy.a(sai.o)
                0x0000000008003ce0                HAL_SAI_RxHalfCpltCallback
 .text.HAL_SAI_RxCpltCallback
                0x0000000008003d58       0x70 ../../../libDaisy/build/libdaisy.a(sai.o)
                0x0000000008003d58                HAL_SAI_RxCpltCallback
 .text._ZN5daisy9SaiHandle4InitERKNS0_6ConfigE
                0x0000000008003dc8      0x1f0 ../../../libDaisy/build/libdaisy.a(sai.o)
                0x0000000008003dc8                daisy::SaiHandle::Init(daisy::SaiHandle::Config const&)
 .text._ZNK5daisy9SaiHandle9GetConfigEv
                0x0000000008003fb8        0x4 ../../../libDaisy/build/libdaisy.a(sai.o)
                0x0000000008003fb8                daisy::SaiHandle::GetConfig() const
 .text._ZN5daisy9SaiHandle8StartDmaEPlS1_jPFvS1_S1_jE
                0x0000000008003fbc       0xbc ../../../libDaisy/build/libdaisy.a(sai.o)
                0x0000000008003fbc                daisy::SaiHandle::StartDma(long*, long*, unsigned int, void (*)(long*, long*, unsigned int))
 .text._ZN5daisy9SaiHandle13GetSampleRateEv
                0x0000000008004078       0x24 ../../../libDaisy/build/libdaisy.a(sai.o)
                0x0000000008004078                daisy::SaiHandle::GetSampleRate()
 .text._ZNK5daisy9SaiHandle9GetOffsetEv
                0x000000000800409c        0x8 ../../../libDaisy/build/libdaisy.a(sai.o)
                0x000000000800409c                daisy::SaiHandle::GetOffset() const
 .text._ZN5daisy11TimerHandleD2Ev
                0x00000000080040a4        0x4 ../../../libDaisy/build/libdaisy.a(system.o)
                0x00000000080040a4                daisy::TimerHandle::~TimerHandle()
                0x00000000080040a4                daisy::TimerHandle::~TimerHandle()
 .text.SysTick_Handler
                0x00000000080040a8       0x10 ../../../libDaisy/build/libdaisy.a(system.o)
                0x00000000080040a8                SysTick_Handler
 .text.OTG_HS_EP1_OUT_IRQHandler
                0x00000000080040b8       0x24 ../../../libDaisy/build/libdaisy.a(system.o)
                0x00000000080040b8                OTG_HS_EP1_OUT_IRQHandler
 .text.OTG_HS_EP1_IN_IRQHandler
                0x00000000080040dc       0x24 ../../../libDaisy/build/libdaisy.a(system.o)
                0x00000000080040dc                OTG_HS_EP1_IN_IRQHandler
 .text.OTG_HS_IRQHandler
                0x0000000008004100       0x24 ../../../libDaisy/build/libdaisy.a(system.o)
                0x0000000008004100                OTG_HS_IRQHandler
 .text.HardFault_Handler
                0x0000000008004124       0xe0 ../../../libDaisy/build/libdaisy.a(system.o)
                0x0000000008004124                HardFault_Handler
 .text._ZN5daisy6System5DelayEm
                0x0000000008004204        0x4 ../../../libDaisy/build/libdaisy.a(system.o)
                0x0000000008004204                daisy::System::Delay(unsigned long)
 .text._ZN5daisy6System20GetBootloaderVersionEv
                0x0000000008004208       0x34 ../../../libDaisy/build/libdaisy.a(system.o)
                0x0000000008004208                daisy::System::GetBootloaderVersion()
 .text._ZN5daisy6System15ConfigureClocksEv
                0x000000000800423c      0x194 ../../../libDaisy/build/libdaisy.a(system.o)
                0x000000000800423c                daisy::System::ConfigureClocks()
 .text._ZN5daisy6System12ConfigureMpuEv
                0x00000000080043d0       0x7c ../../../libDaisy/build/libdaisy.a(system.o)
                0x00000000080043d0                daisy::System::ConfigureMpu()
 .text._ZN5daisy6System4InitERKNS0_6ConfigE
                0x000000000800444c       0xec ../../../libDaisy/build/libdaisy.a(system.o)
                0x000000000800444c                daisy::System::Init(daisy::System::Config const&)
 .text._ZN5daisy6System12GetPClk1FreqEv
                0x0000000008004538        0x4 ../../../libDaisy/build/libdaisy.a(system.o)
                0x0000000008004538                daisy::System::GetPClk1Freq()
 .text._ZN5daisy6System22GetProgramMemoryRegionEv
                0x000000000800453c       0x78 ../../../libDaisy/build/libdaisy.a(system.o)
                0x000000000800453c                daisy::System::GetProgramMemoryRegion()
 .text.startup._GLOBAL__sub_I__ZN5daisy9boot_infoE
                0x00000000080045b4       0x1c ../../../libDaisy/build/libdaisy.a(system.o)
 .text.SystemInit
                0x00000000080045d0       0x9c ../../../libDaisy/build/libdaisy.a(system_stm32h7xx.o)
                0x00000000080045d0                SystemInit
 .text.HAL_PCD_SetupStageCallback
                0x000000000800466c        0xc ../../../libDaisy/build/libdaisy.a(usbd_conf.o)
                0x000000000800466c                HAL_PCD_SetupStageCallback
 .text.HAL_PCD_DataOutStageCallback
                0x0000000008004678       0x14 ../../../libDaisy/build/libdaisy.a(usbd_conf.o)
                0x0000000008004678                HAL_PCD_DataOutStageCallback
 .text.HAL_PCD_DataInStageCallback
                0x000000000800468c       0x14 ../../../libDaisy/build/libdaisy.a(usbd_conf.o)
                0x000000000800468c                HAL_PCD_DataInStageCallback
 .text.HAL_PCD_SOFCallback
                0x00000000080046a0        0x8 ../../../libDaisy/build/libdaisy.a(usbd_conf.o)
                0x00000000080046a0                HAL_PCD_SOFCallback
 .text.HAL_PCD_ResetCallback
                0x00000000080046a8       0x24 ../../../libDaisy/build/libdaisy.a(usbd_conf.o)
                0x00000000080046a8                HAL_PCD_ResetCallback
 .text.HAL_PCD_SuspendCallback
                0x00000000080046cc       0x30 ../../../libDaisy/build/libdaisy.a(usbd_conf.o)
                0x00000000080046cc                HAL_PCD_SuspendCallback
 .text.HAL_PCD_ResumeCallback
                0x00000000080046fc        0x8 ../../../libDaisy/build/libdaisy.a(usbd_conf.o)
                0x00000000080046fc                HAL_PCD_ResumeCallback
 .text.HAL_PCD_ISOOUTIncompleteCallback
                0x0000000008004704        0x8 ../../../libDaisy/build/libdaisy.a(usbd_conf.o)
                0x0000000008004704                HAL_PCD_ISOOUTIncompleteCallback
 .text.HAL_PCD_ISOINIncompleteCallback
                0x000000000800470c        0x8 ../../../libDaisy/build/libdaisy.a(usbd_conf.o)
                0x000000000800470c                HAL_PCD_ISOINIncompleteCallback
 .text.HAL_PCD_ConnectCallback
                0x0000000008004714        0x8 ../../../libDaisy/build/libdaisy.a(usbd_conf.o)
                0x0000000008004714                HAL_PCD_ConnectCallback
 .text.HAL_PCD_DisconnectCallback
                0x000000000800471c        0x8 ../../../libDaisy/build/libdaisy.a(usbd_conf.o)
                0x000000000800471c                HAL_PCD_DisconnectCallback
 .text.USBD_LL_OpenEP
                0x0000000008004724       0x24 ../../../libDaisy/build/libdaisy.a(usbd_conf.o)
                0x0000000008004724                USBD_LL_OpenEP
 .text.USBD_LL_StallEP
                0x0000000008004748       0x1c ../../../libDaisy/build/libdaisy.a(usbd_conf.o)
                0x0000000008004748                USBD_LL_StallEP
 .text.USBD_LL_ClearStallEP
                0x0000000008004764       0x1c ../../../libDaisy/build/libdaisy.a(usbd_conf.o)
                0x0000000008004764                USBD_LL_ClearStallEP
 .text.USBD_LL_IsStallEP
                0x0000000008004780       0x28 ../../../libDaisy/build/libdaisy.a(usbd_conf.o)
                0x0000000008004780                USBD_LL_IsStallEP
 .text.USBD_LL_SetUSBAddress
                0x00000000080047a8       0x1c ../../../libDaisy/build/libdaisy.a(usbd_conf.o)
                0x00000000080047a8                USBD_LL_SetUSBAddress
 .text.USBD_LL_Transmit
                0x00000000080047c4       0x1c ../../../libDaisy/build/libdaisy.a(usbd_conf.o)
                0x00000000080047c4                USBD_LL_Transmit
 .text.USBD_LL_PrepareReceive
                0x00000000080047e0       0x1c ../../../libDaisy/build/libdaisy.a(usbd_conf.o)
                0x00000000080047e0                USBD_LL_PrepareReceive
 .text.HAL_HCD_SOF_Callback
                0x00000000080047fc        0x8 ../../../libDaisy/build/libdaisy.a(usbh_conf.o)
                0x00000000080047fc                HAL_HCD_SOF_Callback
 .text.HAL_HCD_Connect_Callback
                0x0000000008004804        0x8 ../../../libDaisy/build/libdaisy.a(usbh_conf.o)
                0x0000000008004804                HAL_HCD_Connect_Callback
 .text.HAL_HCD_Disconnect_Callback
                0x000000000800480c        0x8 ../../../libDaisy/build/libdaisy.a(usbh_conf.o)
                0x000000000800480c                HAL_HCD_Disconnect_Callback
 .text.HAL_HCD_HC_NotifyURBChange_Callback
                0x0000000008004814        0x4 ../../../libDaisy/build/libdaisy.a(usbh_conf.o)
                0x0000000008004814                HAL_HCD_HC_NotifyURBChange_Callback
 .text.HAL_HCD_PortEnabled_Callback
                0x0000000008004818        0x8 ../../../libDaisy/build/libdaisy.a(usbh_conf.o)
                0x0000000008004818                HAL_HCD_PortEnabled_Callback
 .text.HAL_HCD_PortDisabled_Callback
                0x0000000008004820        0x8 ../../../libDaisy/build/libdaisy.a(usbh_conf.o)
                0x0000000008004820                HAL_HCD_PortDisabled_Callback
 .text.USBH_LL_Stop
                0x0000000008004828       0x1c ../../../libDaisy/build/libdaisy.a(usbh_conf.o)
                0x0000000008004828                USBH_LL_Stop
 .text.dsy_hal_map_get_port
                0x0000000008004844       0x10 ../../../libDaisy/build/libdaisy.a(hal_map.o)
                0x0000000008004844                dsy_hal_map_get_port
 .text.dsy_hal_map_get_pin
                0x0000000008004854       0x10 ../../../libDaisy/build/libdaisy.a(hal_map.o)
                0x0000000008004854                dsy_hal_map_get_pin
 .text.dsy_hal_map_gpio_clk_enable
                0x0000000008004864      0x150 ../../../libDaisy/build/libdaisy.a(hal_map.o)
                0x0000000008004864                dsy_hal_map_gpio_clk_enable
 .text.HAL_MspInit
                0x00000000080049b4        0x4 ../../../libDaisy/build/libdaisy.a(stm32h7xx_hal.o)
                0x00000000080049b4                HAL_MspInit
 .text.HAL_InitTick
                0x00000000080049b8       0x4c ../../../libDaisy/build/libdaisy.a(stm32h7xx_hal.o)
                0x00000000080049b8                HAL_InitTick
 .text.HAL_Init
                0x0000000008004a04       0x60 ../../../libDaisy/build/libdaisy.a(stm32h7xx_hal.o)
                0x0000000008004a04                HAL_Init
 .text.HAL_IncTick
                0x0000000008004a64       0x18 ../../../libDaisy/build/libdaisy.a(stm32h7xx_hal.o)
                0x0000000008004a64                HAL_IncTick
 .text.HAL_GetTick
                0x0000000008004a7c        0xc ../../../libDaisy/build/libdaisy.a(stm32h7xx_hal.o)
                0x0000000008004a7c                HAL_GetTick
 .text.HAL_Delay
                0x0000000008004a88       0x24 ../../../libDaisy/build/libdaisy.a(stm32h7xx_hal.o)
                0x0000000008004a88                HAL_Delay
 .text.HAL_GetREVID
                0x0000000008004aac        0xc ../../../libDaisy/build/libdaisy.a(stm32h7xx_hal.o)
                0x0000000008004aac                HAL_GetREVID
 .text.HAL_ADC_ConvHalfCpltCallback
                0x0000000008004ab8        0x4 ../../../libDaisy/build/libdaisy.a(stm32h7xx_hal_adc.o)
                0x0000000008004ab8                HAL_ADC_ConvHalfCpltCallback
 .text.ADC_DMAHalfConvCplt
                0x0000000008004abc        0xc ../../../libDaisy/build/libdaisy.a(stm32h7xx_hal_adc.o)
                0x0000000008004abc                ADC_DMAHalfConvCplt
 .text.ADC_DMAConvCplt
                0x0000000008004ac8       0x6c ../../../libDaisy/build/libdaisy.a(stm32h7xx_hal_adc.o)
                0x0000000008004ac8                ADC_DMAConvCplt
 .text.ADC_DMAError
                0x0000000008004b34       0x1c ../../../libDaisy/build/libdaisy.a(stm32h7xx_hal_adc.o)
                0x0000000008004b34                ADC_DMAError
 .text.HAL_ADC_ConfigChannel
                0x0000000008004b50      0x3fc ../../../libDaisy/build/libdaisy.a(stm32h7xx_hal_adc.o)
                0x0000000008004b50                HAL_ADC_ConfigChannel
 .text.ADC_Enable
                0x0000000008004f4c       0xac ../../../libDaisy/build/libdaisy.a(stm32h7xx_hal_adc.o)
                0x0000000008004f4c                ADC_Enable
 .text.HAL_ADC_Start_DMA
                0x0000000008004ff8      0x114 ../../../libDaisy/build/libdaisy.a(stm32h7xx_hal_adc.o)
                0x0000000008004ff8                HAL_ADC_Start_DMA
 .text.ADC_Disable
                0x000000000800510c       0x68 ../../../libDaisy/build/libdaisy.a(stm32h7xx_hal_adc.o)
                0x000000000800510c                ADC_Disable
 .text.ADC_ConfigureBoostMode
                0x0000000008005174      0x184 ../../../libDaisy/build/libdaisy.a(stm32h7xx_hal_adc.o)
                0x0000000008005174                ADC_ConfigureBoostMode
 .text.HAL_ADC_Init
                0x00000000080052f8      0x218 ../../../libDaisy/build/libdaisy.a(stm32h7xx_hal_adc.o)
                0x00000000080052f8                HAL_ADC_Init
 .text.HAL_ADCEx_Calibration_Start
                0x0000000008005510       0xa4 ../../../libDaisy/build/libdaisy.a(stm32h7xx_hal_adc_ex.o)
                0x0000000008005510                HAL_ADCEx_Calibration_Start
 .text.HAL_ADCEx_MultiModeConfigChannel
                0x00000000080055b4       0xc4 ../../../libDaisy/build/libdaisy.a(stm32h7xx_hal_adc_ex.o)
                0x00000000080055b4                HAL_ADCEx_MultiModeConfigChannel
 .text.HAL_NVIC_SetPriorityGrouping
                0x0000000008005678       0x24 ../../../libDaisy/build/libdaisy.a(stm32h7xx_hal_cortex.o)
                0x0000000008005678                HAL_NVIC_SetPriorityGrouping
 .text.HAL_NVIC_SetPriority
                0x000000000800569c       0x7c ../../../libDaisy/build/libdaisy.a(stm32h7xx_hal_cortex.o)
                0x000000000800569c                HAL_NVIC_SetPriority
 .text.HAL_NVIC_EnableIRQ
                0x0000000008005718       0x1c ../../../libDaisy/build/libdaisy.a(stm32h7xx_hal_cortex.o)
                0x0000000008005718                HAL_NVIC_EnableIRQ
 .text.HAL_NVIC_DisableIRQ
                0x0000000008005734       0x28 ../../../libDaisy/build/libdaisy.a(stm32h7xx_hal_cortex.o)
                0x0000000008005734                HAL_NVIC_DisableIRQ
 .text.HAL_SYSTICK_Config
                0x000000000800575c       0x2c ../../../libDaisy/build/libdaisy.a(stm32h7xx_hal_cortex.o)
                0x000000000800575c                HAL_SYSTICK_Config
 .text.HAL_MPU_Disable
                0x0000000008005788       0x1c ../../../libDaisy/build/libdaisy.a(stm32h7xx_hal_cortex.o)
                0x0000000008005788                HAL_MPU_Disable
 .text.HAL_MPU_Enable
                0x00000000080057a4       0x20 ../../../libDaisy/build/libdaisy.a(stm32h7xx_hal_cortex.o)
                0x00000000080057a4                HAL_MPU_Enable
 .text.HAL_MPU_ConfigRegion
                0x00000000080057c4       0x64 ../../../libDaisy/build/libdaisy.a(stm32h7xx_hal_cortex.o)
                0x00000000080057c4                HAL_MPU_ConfigRegion
 .text.HAL_SYSTICK_Callback
                0x0000000008005828        0x4 ../../../libDaisy/build/libdaisy.a(stm32h7xx_hal_cortex.o)
                0x0000000008005828                HAL_SYSTICK_Callback
 .text.HAL_SYSTICK_IRQHandler
                0x000000000800582c        0x8 ../../../libDaisy/build/libdaisy.a(stm32h7xx_hal_cortex.o)
                0x000000000800582c                HAL_SYSTICK_IRQHandler
 .text.DMA_CalcBaseAndBitshift
                0x0000000008005834       0xf4 ../../../libDaisy/build/libdaisy.a(stm32h7xx_hal_dma.o)
 .text.DMA_CalcDMAMUXChannelBaseAndMask
                0x0000000008005928       0xd8 ../../../libDaisy/build/libdaisy.a(stm32h7xx_hal_dma.o)
 .text.HAL_DMA_Init
                0x0000000008005a00      0x37c ../../../libDaisy/build/libdaisy.a(stm32h7xx_hal_dma.o)
                0x0000000008005a00                HAL_DMA_Init
 .text.HAL_DMA_Start_IT
                0x0000000008005d7c      0x240 ../../../libDaisy/build/libdaisy.a(stm32h7xx_hal_dma.o)
                0x0000000008005d7c                HAL_DMA_Start_IT
 .text.HAL_DMA_Abort_IT
                0x0000000008005fbc      0x134 ../../../libDaisy/build/libdaisy.a(stm32h7xx_hal_dma.o)
                0x0000000008005fbc                HAL_DMA_Abort_IT
 .text.HAL_DMA_IRQHandler
                0x00000000080060f0      0x6a0 ../../../libDaisy/build/libdaisy.a(stm32h7xx_hal_dma.o)
                0x00000000080060f0                HAL_DMA_IRQHandler
 .text.HAL_DMA_GetError
                0x0000000008006790        0x4 ../../../libDaisy/build/libdaisy.a(stm32h7xx_hal_dma.o)
                0x0000000008006790                HAL_DMA_GetError
 .text.HAL_GPIO_Init
                0x0000000008006794      0x280 ../../../libDaisy/build/libdaisy.a(stm32h7xx_hal_gpio.o)
                0x0000000008006794                HAL_GPIO_Init
 .text.HAL_GPIO_DeInit
                0x0000000008006a14      0x190 ../../../libDaisy/build/libdaisy.a(stm32h7xx_hal_gpio.o)
                0x0000000008006a14                HAL_GPIO_DeInit
 .text.HAL_GPIO_ReadPin
                0x0000000008006ba4        0xc ../../../libDaisy/build/libdaisy.a(stm32h7xx_hal_gpio.o)
                0x0000000008006ba4                HAL_GPIO_ReadPin
 .text.HAL_GPIO_WritePin
                0x0000000008006bb0        0x8 ../../../libDaisy/build/libdaisy.a(stm32h7xx_hal_gpio.o)
                0x0000000008006bb0                HAL_GPIO_WritePin
 .text.HAL_HCD_IRQHandler
                0x0000000008006bb8      0x780 ../../../libDaisy/build/libdaisy.a(stm32h7xx_hal_hcd.o)
                0x0000000008006bb8                HAL_HCD_IRQHandler
 .text.HAL_HCD_Stop
                0x0000000008007338       0x28 ../../../libDaisy/build/libdaisy.a(stm32h7xx_hal_hcd.o)
                0x0000000008007338                HAL_HCD_Stop
 .text.I2C_WaitOnTXISFlagUntilTimeout
                0x0000000008007360       0xb8 ../../../libDaisy/build/libdaisy.a(stm32h7xx_hal_i2c.o)
 .text.I2C_WaitOnSTOPFlagUntilTimeout
                0x0000000008007418       0xac ../../../libDaisy/build/libdaisy.a(stm32h7xx_hal_i2c.o)
 .text.HAL_I2C_Init
                0x00000000080074c4       0xac ../../../libDaisy/build/libdaisy.a(stm32h7xx_hal_i2c.o)
                0x00000000080074c4                HAL_I2C_Init
 .text.HAL_I2C_Master_Transmit
                0x0000000008007570      0x1a8 ../../../libDaisy/build/libdaisy.a(stm32h7xx_hal_i2c.o)
                0x0000000008007570                HAL_I2C_Master_Transmit
 .text.HAL_I2C_Slave_Transmit
                0x0000000008007718      0x1c8 ../../../libDaisy/build/libdaisy.a(stm32h7xx_hal_i2c.o)
                0x0000000008007718                HAL_I2C_Slave_Transmit
 .text.HAL_I2C_EV_IRQHandler
                0x00000000080078e0       0x10 ../../../libDaisy/build/libdaisy.a(stm32h7xx_hal_i2c.o)
                0x00000000080078e0                HAL_I2C_EV_IRQHandler
 .text.HAL_I2C_GetState
                0x00000000080078f0        0x8 ../../../libDaisy/build/libdaisy.a(stm32h7xx_hal_i2c.o)
                0x00000000080078f0                HAL_I2C_GetState
 .text.HAL_I2CEx_ConfigAnalogFilter
                0x00000000080078f8       0x54 ../../../libDaisy/build/libdaisy.a(stm32h7xx_hal_i2c_ex.o)
                0x00000000080078f8                HAL_I2CEx_ConfigAnalogFilter
 .text.HAL_I2CEx_ConfigDigitalFilter
                0x000000000800794c       0x58 ../../../libDaisy/build/libdaisy.a(stm32h7xx_hal_i2c_ex.o)
                0x000000000800794c                HAL_I2CEx_ConfigDigitalFilter
 .text.HAL_PCD_IRQHandler
                0x00000000080079a4      0x69c ../../../libDaisy/build/libdaisy.a(stm32h7xx_hal_pcd.o)
                0x00000000080079a4                HAL_PCD_IRQHandler
 .text.HAL_PCD_SetAddress
                0x0000000008008040       0x2c ../../../libDaisy/build/libdaisy.a(stm32h7xx_hal_pcd.o)
                0x0000000008008040                HAL_PCD_SetAddress
 .text.HAL_PCD_EP_Open
                0x000000000800806c       0x7c ../../../libDaisy/build/libdaisy.a(stm32h7xx_hal_pcd.o)
                0x000000000800806c                HAL_PCD_EP_Open
 .text.HAL_PCD_EP_Receive
                0x00000000080080e8       0x50 ../../../libDaisy/build/libdaisy.a(stm32h7xx_hal_pcd.o)
                0x00000000080080e8                HAL_PCD_EP_Receive
 .text.HAL_PCD_EP_Transmit
                0x0000000008008138       0x50 ../../../libDaisy/build/libdaisy.a(stm32h7xx_hal_pcd.o)
                0x0000000008008138                HAL_PCD_EP_Transmit
 .text.HAL_PCD_EP_SetStall
                0x0000000008008188       0x88 ../../../libDaisy/build/libdaisy.a(stm32h7xx_hal_pcd.o)
                0x0000000008008188                HAL_PCD_EP_SetStall
 .text.HAL_PCD_EP_ClrStall
                0x0000000008008210       0x78 ../../../libDaisy/build/libdaisy.a(stm32h7xx_hal_pcd.o)
                0x0000000008008210                HAL_PCD_EP_ClrStall
 .text.HAL_PCDEx_LPM_Callback
                0x0000000008008288        0x4 ../../../libDaisy/build/libdaisy.a(stm32h7xx_hal_pcd_ex.o)
                0x0000000008008288                HAL_PCDEx_LPM_Callback
 .text.HAL_PWREx_ConfigSupply
                0x000000000800828c       0x4c ../../../libDaisy/build/libdaisy.a(stm32h7xx_hal_pwr_ex.o)
                0x000000000800828c                HAL_PWREx_ConfigSupply
 .text.HAL_PWREx_EnableUSBVoltageDetector
                0x00000000080082d8       0x10 ../../../libDaisy/build/libdaisy.a(stm32h7xx_hal_pwr_ex.o)
                0x00000000080082d8                HAL_PWREx_EnableUSBVoltageDetector
 .text.QSPI_Config
                0x00000000080082e8      0x174 ../../../libDaisy/build/libdaisy.a(stm32h7xx_hal_qspi.o)
 .text.HAL_QSPI_Init
                0x000000000800845c       0xd8 ../../../libDaisy/build/libdaisy.a(stm32h7xx_hal_qspi.o)
                0x000000000800845c                HAL_QSPI_Init
 .text.HAL_QSPI_DeInit
                0x0000000008008534       0x3c ../../../libDaisy/build/libdaisy.a(stm32h7xx_hal_qspi.o)
                0x0000000008008534                HAL_QSPI_DeInit
 .text.HAL_QSPI_Command
                0x0000000008008570       0xd4 ../../../libDaisy/build/libdaisy.a(stm32h7xx_hal_qspi.o)
                0x0000000008008570                HAL_QSPI_Command
 .text.HAL_QSPI_Transmit
                0x0000000008008644       0xfc ../../../libDaisy/build/libdaisy.a(stm32h7xx_hal_qspi.o)
                0x0000000008008644                HAL_QSPI_Transmit
 .text.HAL_QSPI_Receive
                0x0000000008008740      0x108 ../../../libDaisy/build/libdaisy.a(stm32h7xx_hal_qspi.o)
                0x0000000008008740                HAL_QSPI_Receive
 .text.HAL_QSPI_AutoPolling
                0x0000000008008848       0xf0 ../../../libDaisy/build/libdaisy.a(stm32h7xx_hal_qspi.o)
                0x0000000008008848                HAL_QSPI_AutoPolling
 .text.HAL_QSPI_MemoryMapped
                0x0000000008008938       0xc0 ../../../libDaisy/build/libdaisy.a(stm32h7xx_hal_qspi.o)
                0x0000000008008938                HAL_QSPI_MemoryMapped
 .text.HAL_QSPI_ErrorCallback
                0x00000000080089f8        0x4 ../../../libDaisy/build/libdaisy.a(stm32h7xx_hal_qspi.o)
                0x00000000080089f8                HAL_QSPI_ErrorCallback
 .text.QSPI_DMAAbortCplt
                0x00000000080089fc       0x38 ../../../libDaisy/build/libdaisy.a(stm32h7xx_hal_qspi.o)
 .text.HAL_QSPI_AbortCpltCallback
                0x0000000008008a34        0x4 ../../../libDaisy/build/libdaisy.a(stm32h7xx_hal_qspi.o)
                0x0000000008008a34                HAL_QSPI_AbortCpltCallback
 .text.HAL_QSPI_CmdCpltCallback
                0x0000000008008a38        0x4 ../../../libDaisy/build/libdaisy.a(stm32h7xx_hal_qspi.o)
                0x0000000008008a38                HAL_QSPI_CmdCpltCallback
 .text.HAL_QSPI_RxCpltCallback
                0x0000000008008a3c        0x4 ../../../libDaisy/build/libdaisy.a(stm32h7xx_hal_qspi.o)
                0x0000000008008a3c                HAL_QSPI_RxCpltCallback
 .text.HAL_QSPI_TxCpltCallback
                0x0000000008008a40        0x4 ../../../libDaisy/build/libdaisy.a(stm32h7xx_hal_qspi.o)
                0x0000000008008a40                HAL_QSPI_TxCpltCallback
 .text.HAL_QSPI_FifoThresholdCallback
                0x0000000008008a44        0x4 ../../../libDaisy/build/libdaisy.a(stm32h7xx_hal_qspi.o)
                0x0000000008008a44                HAL_QSPI_FifoThresholdCallback
 .text.HAL_QSPI_StatusMatchCallback
                0x0000000008008a48        0x4 ../../../libDaisy/build/libdaisy.a(stm32h7xx_hal_qspi.o)
                0x0000000008008a48                HAL_QSPI_StatusMatchCallback
 .text.HAL_QSPI_TimeOutCallback
                0x0000000008008a4c        0x4 ../../../libDaisy/build/libdaisy.a(stm32h7xx_hal_qspi.o)
                0x0000000008008a4c                HAL_QSPI_TimeOutCallback
 .text.HAL_QSPI_IRQHandler
                0x0000000008008a50      0x210 ../../../libDaisy/build/libdaisy.a(stm32h7xx_hal_qspi.o)
                0x0000000008008a50                HAL_QSPI_IRQHandler
 .text.HAL_RCC_OscConfig
                0x0000000008008c60      0x51c ../../../libDaisy/build/libdaisy.a(stm32h7xx_hal_rcc.o)
                0x0000000008008c60                HAL_RCC_OscConfig
 .text.HAL_RCC_GetSysClockFreq
                0x000000000800917c      0x140 ../../../libDaisy/build/libdaisy.a(stm32h7xx_hal_rcc.o)
                0x000000000800917c                HAL_RCC_GetSysClockFreq
 .text.HAL_RCC_ClockConfig
                0x00000000080092bc      0x234 ../../../libDaisy/build/libdaisy.a(stm32h7xx_hal_rcc.o)
                0x00000000080092bc                HAL_RCC_ClockConfig
 .text.HAL_RCC_GetHCLKFreq
                0x00000000080094f0       0x2c ../../../libDaisy/build/libdaisy.a(stm32h7xx_hal_rcc.o)
                0x00000000080094f0                HAL_RCC_GetHCLKFreq
 .text.HAL_RCC_GetPCLK1Freq
                0x000000000800951c       0x38 ../../../libDaisy/build/libdaisy.a(stm32h7xx_hal_rcc.o)
                0x000000000800951c                HAL_RCC_GetPCLK1Freq
 .text.HAL_RCC_GetPCLK2Freq
                0x0000000008009554       0x38 ../../../libDaisy/build/libdaisy.a(stm32h7xx_hal_rcc.o)
                0x0000000008009554                HAL_RCC_GetPCLK2Freq
 .text.RCCEx_PLL2_Config
                0x000000000800958c       0xf4 ../../../libDaisy/build/libdaisy.a(stm32h7xx_hal_rcc_ex.o)
 .text.RCCEx_PLL3_Config
                0x0000000008009680       0xf4 ../../../libDaisy/build/libdaisy.a(stm32h7xx_hal_rcc_ex.o)
 .text.HAL_RCCEx_PeriphCLKConfig
                0x0000000008009774      0xa7c ../../../libDaisy/build/libdaisy.a(stm32h7xx_hal_rcc_ex.o)
                0x0000000008009774                HAL_RCCEx_PeriphCLKConfig
 .text.HAL_RCCEx_GetD3PCLK1Freq
                0x000000000800a1f0       0x24 ../../../libDaisy/build/libdaisy.a(stm32h7xx_hal_rcc_ex.o)
                0x000000000800a1f0                HAL_RCCEx_GetD3PCLK1Freq
 .text.HAL_RCCEx_GetPLL2ClockFreq
                0x000000000800a214      0x17c ../../../libDaisy/build/libdaisy.a(stm32h7xx_hal_rcc_ex.o)
                0x000000000800a214                HAL_RCCEx_GetPLL2ClockFreq
 .text.HAL_RCCEx_GetPLL3ClockFreq
                0x000000000800a390      0x17c ../../../libDaisy/build/libdaisy.a(stm32h7xx_hal_rcc_ex.o)
                0x000000000800a390                HAL_RCCEx_GetPLL3ClockFreq
 .text.HAL_RCCEx_GetPLL1ClockFreq
                0x000000000800a50c      0x17c ../../../libDaisy/build/libdaisy.a(stm32h7xx_hal_rcc_ex.o)
                0x000000000800a50c                HAL_RCCEx_GetPLL1ClockFreq
 .text.HAL_RCCEx_GetPeriphCLKFreq
                0x000000000800a688      0x198 ../../../libDaisy/build/libdaisy.a(stm32h7xx_hal_rcc_ex.o)
                0x000000000800a688                HAL_RCCEx_GetPeriphCLKFreq
 .text.HAL_RCCEx_GetD1SysClockFreq
                0x000000000800a820       0x2c ../../../libDaisy/build/libdaisy.a(stm32h7xx_hal_rcc_ex.o)
                0x000000000800a820                HAL_RCCEx_GetD1SysClockFreq
 .text.HAL_SAI_Init.part.0
                0x000000000800a84c      0x348 ../../../libDaisy/build/libdaisy.a(stm32h7xx_hal_sai.o)
 .text.HAL_SAI_InitProtocol
                0x000000000800ab94      0x178 ../../../libDaisy/build/libdaisy.a(stm32h7xx_hal_sai.o)
                0x000000000800ab94                HAL_SAI_InitProtocol
 .text.HAL_SAI_Transmit_DMA
                0x000000000800ad0c      0x124 ../../../libDaisy/build/libdaisy.a(stm32h7xx_hal_sai.o)
                0x000000000800ad0c                HAL_SAI_Transmit_DMA
 .text.HAL_SAI_Receive_DMA
                0x000000000800ae30       0xd0 ../../../libDaisy/build/libdaisy.a(stm32h7xx_hal_sai.o)
                0x000000000800ae30                HAL_SAI_Receive_DMA
 .text.HAL_SAI_TxCpltCallback
                0x000000000800af00        0x4 ../../../libDaisy/build/libdaisy.a(stm32h7xx_hal_sai.o)
                0x000000000800af00                HAL_SAI_TxCpltCallback
 .text.SAI_DMATxCplt
                0x000000000800af04       0x64 ../../../libDaisy/build/libdaisy.a(stm32h7xx_hal_sai.o)
 .text.HAL_SAI_TxHalfCpltCallback
                0x000000000800af68        0x4 ../../../libDaisy/build/libdaisy.a(stm32h7xx_hal_sai.o)
                0x000000000800af68                HAL_SAI_TxHalfCpltCallback
 .text.SAI_DMATxHalfCplt
                0x000000000800af6c        0xc ../../../libDaisy/build/libdaisy.a(stm32h7xx_hal_sai.o)
 .text.SAI_DMARxCplt
                0x000000000800af78       0x64 ../../../libDaisy/build/libdaisy.a(stm32h7xx_hal_sai.o)
 .text.SAI_DMARxHalfCplt
                0x000000000800afdc        0xc ../../../libDaisy/build/libdaisy.a(stm32h7xx_hal_sai.o)
 .text.HAL_SAI_ErrorCallback
                0x000000000800afe8        0x4 ../../../libDaisy/build/libdaisy.a(stm32h7xx_hal_sai.o)
                0x000000000800afe8                HAL_SAI_ErrorCallback
 .text.SAI_DMAError
                0x000000000800afec       0x6c ../../../libDaisy/build/libdaisy.a(stm32h7xx_hal_sai.o)
 .text.HAL_SDRAM_Init
                0x000000000800b058       0x54 ../../../libDaisy/build/libdaisy.a(stm32h7xx_hal_sdram.o)
                0x000000000800b058                HAL_SDRAM_Init
 .text.HAL_SDRAM_SendCommand
                0x000000000800b0ac       0x40 ../../../libDaisy/build/libdaisy.a(stm32h7xx_hal_sdram.o)
                0x000000000800b0ac                HAL_SDRAM_SendCommand
 .text.HAL_SDRAM_ProgramRefreshRate
                0x000000000800b0ec       0x30 ../../../libDaisy/build/libdaisy.a(stm32h7xx_hal_sdram.o)
                0x000000000800b0ec                HAL_SDRAM_ProgramRefreshRate
 .text.FMC_SDRAM_Init
                0x000000000800b11c       0x7c ../../../libDaisy/build/libdaisy.a(stm32h7xx_ll_fmc.o)
                0x000000000800b11c                FMC_SDRAM_Init
 .text.FMC_SDRAM_Timing_Init
                0x000000000800b198       0x98 ../../../libDaisy/build/libdaisy.a(stm32h7xx_ll_fmc.o)
                0x000000000800b198                FMC_SDRAM_Timing_Init
 .text.FMC_SDRAM_SendCommand
                0x000000000800b230       0x28 ../../../libDaisy/build/libdaisy.a(stm32h7xx_ll_fmc.o)
                0x000000000800b230                FMC_SDRAM_SendCommand
 .text.FMC_SDRAM_ProgramRefreshRate
                0x000000000800b258       0x1c ../../../libDaisy/build/libdaisy.a(stm32h7xx_ll_fmc.o)
                0x000000000800b258                FMC_SDRAM_ProgramRefreshRate
 .text.USB_SetTurnaroundTime
                0x000000000800b274      0x104 ../../../libDaisy/build/libdaisy.a(stm32h7xx_ll_usb.o)
                0x000000000800b274                USB_SetTurnaroundTime
 .text.USB_FlushTxFifo
                0x000000000800b378       0x34 ../../../libDaisy/build/libdaisy.a(stm32h7xx_ll_usb.o)
                0x000000000800b378                USB_FlushTxFifo
 .text.USB_GetDevSpeed
                0x000000000800b3ac       0x24 ../../../libDaisy/build/libdaisy.a(stm32h7xx_ll_usb.o)
                0x000000000800b3ac                USB_GetDevSpeed
 .text.USB_ActivateEndpoint
                0x000000000800b3d0       0x90 ../../../libDaisy/build/libdaisy.a(stm32h7xx_ll_usb.o)
                0x000000000800b3d0                USB_ActivateEndpoint
 .text.USB_EPStartXfer
                0x000000000800b460      0x230 ../../../libDaisy/build/libdaisy.a(stm32h7xx_ll_usb.o)
                0x000000000800b460                USB_EPStartXfer
 .text.USB_EP0StartXfer
                0x000000000800b690      0x174 ../../../libDaisy/build/libdaisy.a(stm32h7xx_ll_usb.o)
                0x000000000800b690                USB_EP0StartXfer
 .text.USB_WritePacket
                0x000000000800b804       0x2c ../../../libDaisy/build/libdaisy.a(stm32h7xx_ll_usb.o)
                0x000000000800b804                USB_WritePacket
 .text.USB_ReadPacket
                0x000000000800b830       0x20 ../../../libDaisy/build/libdaisy.a(stm32h7xx_ll_usb.o)
                0x000000000800b830                USB_ReadPacket
 .text.USB_EPSetStall
                0x000000000800b850       0x68 ../../../libDaisy/build/libdaisy.a(stm32h7xx_ll_usb.o)
                0x000000000800b850                USB_EPSetStall
 .text.USB_EPClearStall
                0x000000000800b8b8       0x58 ../../../libDaisy/build/libdaisy.a(stm32h7xx_ll_usb.o)
                0x000000000800b8b8                USB_EPClearStall
 .text.USB_SetDevAddress
                0x000000000800b910       0x24 ../../../libDaisy/build/libdaisy.a(stm32h7xx_ll_usb.o)
                0x000000000800b910                USB_SetDevAddress
 .text.USB_ReadInterrupts
                0x000000000800b934       0x14 ../../../libDaisy/build/libdaisy.a(stm32h7xx_ll_usb.o)
                0x000000000800b934                USB_ReadInterrupts
 .text.USB_ReadDevAllOutEpInterrupt
                0x000000000800b948       0x1c ../../../libDaisy/build/libdaisy.a(stm32h7xx_ll_usb.o)
                0x000000000800b948                USB_ReadDevAllOutEpInterrupt
 .text.USB_ReadDevAllInEpInterrupt
                0x000000000800b964       0x1c ../../../libDaisy/build/libdaisy.a(stm32h7xx_ll_usb.o)
                0x000000000800b964                USB_ReadDevAllInEpInterrupt
 .text.USB_ReadDevOutEPInterrupt
                0x000000000800b980       0x1c ../../../libDaisy/build/libdaisy.a(stm32h7xx_ll_usb.o)
                0x000000000800b980                USB_ReadDevOutEPInterrupt
 .text.USB_ReadDevInEPInterrupt
                0x000000000800b99c       0x38 ../../../libDaisy/build/libdaisy.a(stm32h7xx_ll_usb.o)
                0x000000000800b99c                USB_ReadDevInEPInterrupt
 .text.USB_GetMode
                0x000000000800b9d4        0x8 ../../../libDaisy/build/libdaisy.a(stm32h7xx_ll_usb.o)
                0x000000000800b9d4                USB_GetMode
 .text.USB_ActivateSetup
                0x000000000800b9dc       0x38 ../../../libDaisy/build/libdaisy.a(stm32h7xx_ll_usb.o)
                0x000000000800b9dc                USB_ActivateSetup
 .text.USB_EP0_OutStart
                0x000000000800ba14       0x58 ../../../libDaisy/build/libdaisy.a(stm32h7xx_ll_usb.o)
                0x000000000800ba14                USB_EP0_OutStart
 .text.USB_InitFSLSPClkSel
                0x000000000800ba6c       0x44 ../../../libDaisy/build/libdaisy.a(stm32h7xx_ll_usb.o)
                0x000000000800ba6c                USB_InitFSLSPClkSel
 .text.USB_HC_ReadInterrupt
                0x000000000800bab0        0x8 ../../../libDaisy/build/libdaisy.a(stm32h7xx_ll_usb.o)
                0x000000000800bab0                USB_HC_ReadInterrupt
 .text.USB_HC_Halt
                0x000000000800bab8       0xc0 ../../../libDaisy/build/libdaisy.a(stm32h7xx_ll_usb.o)
                0x000000000800bab8                USB_HC_Halt
 .text.USB_StopHost
                0x000000000800bb78      0x2ec ../../../libDaisy/build/libdaisy.a(stm32h7xx_ll_usb.o)
                0x000000000800bb78                USB_StopHost
 .text.USBD_SetClassConfig
                0x000000000800be64       0x14 ../../../libDaisy/build/libdaisy.a(usbd_core.o)
                0x000000000800be64                USBD_SetClassConfig
 .text.USBD_ClrClassConfig
                0x000000000800be78       0x10 ../../../libDaisy/build/libdaisy.a(usbd_core.o)
                0x000000000800be78                USBD_ClrClassConfig
 .text.USBD_LL_SetupStage
                0x000000000800be88       0x5c ../../../libDaisy/build/libdaisy.a(usbd_core.o)
                0x000000000800be88                USBD_LL_SetupStage
 .text.USBD_LL_DataOutStage
                0x000000000800bee4       0x7c ../../../libDaisy/build/libdaisy.a(usbd_core.o)
                0x000000000800bee4                USBD_LL_DataOutStage
 .text.USBD_LL_DataInStage
                0x000000000800bf60       0xcc ../../../libDaisy/build/libdaisy.a(usbd_core.o)
                0x000000000800bf60                USBD_LL_DataInStage
 .text.USBD_LL_Reset
                0x000000000800c02c       0x50 ../../../libDaisy/build/libdaisy.a(usbd_core.o)
                0x000000000800c02c                USBD_LL_Reset
 .text.USBD_LL_SetSpeed
                0x000000000800c07c        0x8 ../../../libDaisy/build/libdaisy.a(usbd_core.o)
                0x000000000800c07c                USBD_LL_SetSpeed
 .text.USBD_LL_Suspend
                0x000000000800c084       0x14 ../../../libDaisy/build/libdaisy.a(usbd_core.o)
                0x000000000800c084                USBD_LL_Suspend
 .text.USBD_LL_Resume
                0x000000000800c098       0x10 ../../../libDaisy/build/libdaisy.a(usbd_core.o)
                0x000000000800c098                USBD_LL_Resume
 .text.USBD_LL_SOF
                0x000000000800c0a8       0x1c ../../../libDaisy/build/libdaisy.a(usbd_core.o)
                0x000000000800c0a8                USBD_LL_SOF
 .text.USBD_LL_IsoINIncomplete
                0x000000000800c0c4        0x4 ../../../libDaisy/build/libdaisy.a(usbd_core.o)
                0x000000000800c0c4                USBD_LL_IsoINIncomplete
 .text.USBD_LL_IsoOUTIncomplete
                0x000000000800c0c8        0x4 ../../../libDaisy/build/libdaisy.a(usbd_core.o)
                0x000000000800c0c8                USBD_LL_IsoOUTIncomplete
 .text.USBD_LL_DevConnected
                0x000000000800c0cc        0x4 ../../../libDaisy/build/libdaisy.a(usbd_core.o)
                0x000000000800c0cc                USBD_LL_DevConnected
 .text.USBD_LL_DevDisconnected
                0x000000000800c0d0       0x18 ../../../libDaisy/build/libdaisy.a(usbd_core.o)
                0x000000000800c0d0                USBD_LL_DevDisconnected
 .text.USBD_StdDevReq
                0x000000000800c0e8      0x304 ../../../libDaisy/build/libdaisy.a(usbd_ctlreq.o)
                0x000000000800c0e8                USBD_StdDevReq
 .text.USBD_StdItfReq
                0x000000000800c3ec       0x68 ../../../libDaisy/build/libdaisy.a(usbd_ctlreq.o)
                0x000000000800c3ec                USBD_StdItfReq
 .text.USBD_StdEPReq
                0x000000000800c454      0x13c ../../../libDaisy/build/libdaisy.a(usbd_ctlreq.o)
                0x000000000800c454                USBD_StdEPReq
 .text.USBD_ParseSetupRequest
                0x000000000800c590       0x28 ../../../libDaisy/build/libdaisy.a(usbd_ctlreq.o)
                0x000000000800c590                USBD_ParseSetupRequest
 .text.USBD_CtlSendData
                0x000000000800c5b8       0x1c ../../../libDaisy/build/libdaisy.a(usbd_ioreq.o)
                0x000000000800c5b8                USBD_CtlSendData
 .text.USBD_CtlContinueSendData
                0x000000000800c5d4       0x14 ../../../libDaisy/build/libdaisy.a(usbd_ioreq.o)
                0x000000000800c5d4                USBD_CtlContinueSendData
 .text.USBD_CtlContinueRx
                0x000000000800c5e8       0x14 ../../../libDaisy/build/libdaisy.a(usbd_ioreq.o)
                0x000000000800c5e8                USBD_CtlContinueRx
 .text.USBD_CtlSendStatus
                0x000000000800c5fc       0x18 ../../../libDaisy/build/libdaisy.a(usbd_ioreq.o)
                0x000000000800c5fc                USBD_CtlSendStatus
 .text.USBD_CtlReceiveStatus
                0x000000000800c614       0x18 ../../../libDaisy/build/libdaisy.a(usbd_ioreq.o)
                0x000000000800c614                USBD_CtlReceiveStatus
 .text.USBH_LL_IncTimer
                0x000000000800c62c       0x20 ../../../libDaisy/build/libdaisy.a(usbh_core.o)
                0x000000000800c62c                USBH_LL_IncTimer
 .text.USBH_LL_PortEnabled
                0x000000000800c64c        0x8 ../../../libDaisy/build/libdaisy.a(usbh_core.o)
                0x000000000800c64c                USBH_LL_PortEnabled
 .text.USBH_LL_PortDisabled
                0x000000000800c654        0x8 ../../../libDaisy/build/libdaisy.a(usbh_core.o)
                0x000000000800c654                USBH_LL_PortDisabled
 .text.USBH_LL_Connect
                0x000000000800c65c       0x18 ../../../libDaisy/build/libdaisy.a(usbh_core.o)
                0x000000000800c65c                USBH_LL_Connect
 .text.USBH_LL_Disconnect
                0x000000000800c674       0x2c ../../../libDaisy/build/libdaisy.a(usbh_core.o)
                0x000000000800c674                USBH_LL_Disconnect
 .text.USBH_FreePipe
                0x000000000800c6a0       0x18 ../../../libDaisy/build/libdaisy.a(usbh_pipes.o)
                0x000000000800c6a0                USBH_FreePipe
 .text._ZN5daisy6Random4InitEv
                0x000000000800c6b8       0x3c ../../../libDaisy/build/libdaisy.a(rng.o)
                0x000000000800c6b8                daisy::Random::Init()
 .text._ZN5daisy9SpiHandle4Impl7InitDmaEv
                0x000000000800c6f4       0xec ../../../libDaisy/build/libdaisy.a(spi.o)
                0x000000000800c6f4                daisy::SpiHandle::Impl::InitDma()
 .text._ZN5daisy9SpiHandle4Impl10StartDmaTxEPhjPFvPvEPFvS3_NS0_6ResultEES3_
                0x000000000800c7e0       0xc8 ../../../libDaisy/build/libdaisy.a(spi.o)
                0x000000000800c7e0                daisy::SpiHandle::Impl::StartDmaTx(unsigned char*, unsigned int, void (*)(void*), void (*)(void*, daisy::SpiHandle::Result), void*)
 .text._ZN5daisy9SpiHandle4Impl10StartDmaRxEPhjPFvPvEPFvS3_NS0_6ResultEES3_
                0x000000000800c8a8       0xc8 ../../../libDaisy/build/libdaisy.a(spi.o)
                0x000000000800c8a8                daisy::SpiHandle::Impl::StartDmaRx(unsigned char*, unsigned int, void (*)(void*), void (*)(void*, daisy::SpiHandle::Result), void*)
 .text._ZN5daisy9SpiHandle4Impl12StartDmaRxTxEPhS2_jPFvPvEPFvS3_NS0_6ResultEES3_
                0x000000000800c970       0xcc ../../../libDaisy/build/libdaisy.a(spi.o)
                0x000000000800c970                daisy::SpiHandle::Impl::StartDmaRxTx(unsigned char*, unsigned char*, unsigned int, void (*)(void*), void (*)(void*, daisy::SpiHandle::Result), void*)
 .text._ZN5daisy9SpiHandle4Impl8InitPinsEv
                0x000000000800ca3c      0x274 ../../../libDaisy/build/libdaisy.a(spi.o)
                0x000000000800ca3c                daisy::SpiHandle::Impl::InitPins()
 .text.HAL_SPI_MspInit
                0x000000000800ccb0      0x1a8 ../../../libDaisy/build/libdaisy.a(spi.o)
                0x000000000800ccb0                HAL_SPI_MspInit
 .text.dsy_spi_global_init
                0x000000000800ce58       0x80 ../../../libDaisy/build/libdaisy.a(spi.o)
                0x000000000800ce58                dsy_spi_global_init
 .text.SPI1_IRQHandler
                0x000000000800ced8        0xc ../../../libDaisy/build/libdaisy.a(spi.o)
                0x000000000800ced8                SPI1_IRQHandler
 .text.SPI2_IRQHandler
                0x000000000800cee4        0xc ../../../libDaisy/build/libdaisy.a(spi.o)
                0x000000000800cee4                SPI2_IRQHandler
 .text.SPI3_IRQHandler
                0x000000000800cef0        0xc ../../../libDaisy/build/libdaisy.a(spi.o)
                0x000000000800cef0                SPI3_IRQHandler
 .text.SPI4_IRQHandler
                0x000000000800cefc        0xc ../../../libDaisy/build/libdaisy.a(spi.o)
                0x000000000800cefc                SPI4_IRQHandler
 .text.SPI5_IRQHandler
                0x000000000800cf08        0xc ../../../libDaisy/build/libdaisy.a(spi.o)
                0x000000000800cf08                SPI5_IRQHandler
 .text.DMA2_Stream2_IRQHandler
                0x000000000800cf14       0x34 ../../../libDaisy/build/libdaisy.a(spi.o)
                0x000000000800cf14                DMA2_Stream2_IRQHandler
 .text.DMA2_Stream3_IRQHandler
                0x000000000800cf48       0x38 ../../../libDaisy/build/libdaisy.a(spi.o)
                0x000000000800cf48                DMA2_Stream3_IRQHandler
 .text.HAL_SPI_TxCpltCallback
                0x000000000800cf80       0xc4 ../../../libDaisy/build/libdaisy.a(spi.o)
                0x000000000800cf80                HAL_SPI_TxCpltCallback
 .text.HAL_SPI_RxCpltCallback
                0x000000000800d044       0xc4 ../../../libDaisy/build/libdaisy.a(spi.o)
                0x000000000800d044                HAL_SPI_RxCpltCallback
 .text.HAL_SPI_TxRxCpltCallback
                0x000000000800d108       0xc4 ../../../libDaisy/build/libdaisy.a(spi.o)
                0x000000000800d108                HAL_SPI_TxRxCpltCallback
 .text.HAL_SPI_ErrorCallback
                0x000000000800d1cc       0xc8 ../../../libDaisy/build/libdaisy.a(spi.o)
                0x000000000800d1cc                HAL_SPI_ErrorCallback
 .text.startup._GLOBAL__sub_I__Z19MapInstanceToHandleP11SPI_TypeDef
                0x000000000800d294      0x1b0 ../../../libDaisy/build/libdaisy.a(spi.o)
 .text.HAL_TIM_Base_MspInit
                0x000000000800d444      0x1e0 ../../../libDaisy/build/libdaisy.a(tim.o)
                0x000000000800d444                HAL_TIM_Base_MspInit
 .text.HAL_TIM_PeriodElapsedCallback
                0x000000000800d624       0x44 ../../../libDaisy/build/libdaisy.a(tim.o)
                0x000000000800d624                HAL_TIM_PeriodElapsedCallback
 .text.TIM2_IRQHandler
                0x000000000800d668        0xc ../../../libDaisy/build/libdaisy.a(tim.o)
                0x000000000800d668                TIM2_IRQHandler
 .text.TIM3_IRQHandler
                0x000000000800d674        0xc ../../../libDaisy/build/libdaisy.a(tim.o)
                0x000000000800d674                TIM3_IRQHandler
 .text.TIM4_IRQHandler
                0x000000000800d680        0xc ../../../libDaisy/build/libdaisy.a(tim.o)
                0x000000000800d680                TIM4_IRQHandler
 .text.TIM5_IRQHandler
                0x000000000800d68c        0xc ../../../libDaisy/build/libdaisy.a(tim.o)
                0x000000000800d68c                TIM5_IRQHandler
 .text._ZN5daisy11TimerHandle4InitERKNS0_6ConfigE
                0x000000000800d698       0xd0 ../../../libDaisy/build/libdaisy.a(tim.o)
                0x000000000800d698                daisy::TimerHandle::Init(daisy::TimerHandle::Config const&)
 .text._ZN5daisy11TimerHandle5StartEv
                0x000000000800d768       0x24 ../../../libDaisy/build/libdaisy.a(tim.o)
                0x000000000800d768                daisy::TimerHandle::Start()
 .text.startup._GLOBAL__sub_I__ZN5daisy11TimerHandle4Impl4InitERKNS0_6ConfigE
                0x000000000800d78c       0x38 ../../../libDaisy/build/libdaisy.a(tim.o)
 .text._ZL20UART_CheckRxListenerPN5daisy11UartHandler4ImplE
                0x000000000800d7c4       0x84 ../../../libDaisy/build/libdaisy.a(uart.o)
 .text._ZN5daisy11UartHandler4Impl10StartDmaTxEPhjPFvPvEPFvS3_NS0_6ResultEES3_
                0x000000000800d848      0x184 ../../../libDaisy/build/libdaisy.a(uart.o)
                0x000000000800d848                daisy::UartHandler::Impl::StartDmaTx(unsigned char*, unsigned int, void (*)(void*), void (*)(void*, daisy::UartHandler::Result), void*)
 .text._ZN5daisy11UartHandler4Impl10StartDmaRxEPhjPFvPvEPFvS3_NS0_6ResultEES3_
                0x000000000800d9cc      0x184 ../../../libDaisy/build/libdaisy.a(uart.o)
                0x000000000800d9cc                daisy::UartHandler::Impl::StartDmaRx(unsigned char*, unsigned int, void (*)(void*), void (*)(void*, daisy::UartHandler::Result), void*)
 .text._ZN5daisy11UartHandler4Impl19DmaTransferFinishedEP20__UART_HandleTypeDefNS0_6ResultE
                0x000000000800db50       0xc0 ../../../libDaisy/build/libdaisy.a(uart.o)
                0x000000000800db50                daisy::UartHandler::Impl::DmaTransferFinished(__UART_HandleTypeDef*, daisy::UartHandler::Result)
 .text._ZN5daisy11UartHandler4Impl8InitPinsEv
                0x000000000800dc10      0x154 ../../../libDaisy/build/libdaisy.a(uart.o)
                0x000000000800dc10                daisy::UartHandler::Impl::InitPins()
 .text.HAL_UART_MspInit
                0x000000000800dd64      0x210 ../../../libDaisy/build/libdaisy.a(uart.o)
                0x000000000800dd64                HAL_UART_MspInit
 .text.dsy_uart_global_init
                0x000000000800df74      0x110 ../../../libDaisy/build/libdaisy.a(uart.o)
                0x000000000800df74                dsy_uart_global_init
 .text.USART1_IRQHandler
                0x000000000800e084       0x2c ../../../libDaisy/build/libdaisy.a(uart.o)
                0x000000000800e084                USART1_IRQHandler
 .text.USART2_IRQHandler
                0x000000000800e0b0       0x34 ../../../libDaisy/build/libdaisy.a(uart.o)
                0x000000000800e0b0                USART2_IRQHandler
 .text.USART3_IRQHandler
                0x000000000800e0e4       0x34 ../../../libDaisy/build/libdaisy.a(uart.o)
                0x000000000800e0e4                USART3_IRQHandler
 .text.UART4_IRQHandler
                0x000000000800e118       0x34 ../../../libDaisy/build/libdaisy.a(uart.o)
                0x000000000800e118                UART4_IRQHandler
 .text.UART5_IRQHandler
                0x000000000800e14c       0x34 ../../../libDaisy/build/libdaisy.a(uart.o)
                0x000000000800e14c                UART5_IRQHandler
 .text.USART6_IRQHandler
                0x000000000800e180       0x34 ../../../libDaisy/build/libdaisy.a(uart.o)
                0x000000000800e180                USART6_IRQHandler
 .text.UART7_IRQHandler
                0x000000000800e1b4       0x34 ../../../libDaisy/build/libdaisy.a(uart.o)
                0x000000000800e1b4                UART7_IRQHandler
 .text.UART8_IRQHandler
                0x000000000800e1e8       0x34 ../../../libDaisy/build/libdaisy.a(uart.o)
                0x000000000800e1e8                UART8_IRQHandler
 .text.LPUART1_IRQHandler
                0x000000000800e21c       0x34 ../../../libDaisy/build/libdaisy.a(uart.o)
                0x000000000800e21c                LPUART1_IRQHandler
 .text.DMA1_Stream5_IRQHandler
                0x000000000800e250       0x34 ../../../libDaisy/build/libdaisy.a(uart.o)
                0x000000000800e250                DMA1_Stream5_IRQHandler
 .text.DMA2_Stream4_IRQHandler
                0x000000000800e284       0x38 ../../../libDaisy/build/libdaisy.a(uart.o)
                0x000000000800e284                DMA2_Stream4_IRQHandler
 .text.HAL_UART_TxCpltCallback
                0x000000000800e2bc        0x8 ../../../libDaisy/build/libdaisy.a(uart.o)
                0x000000000800e2bc                HAL_UART_TxCpltCallback
 .text.HAL_UART_RxCpltCallback
                0x000000000800e2c4       0x94 ../../../libDaisy/build/libdaisy.a(uart.o)
                0x000000000800e2c4                HAL_UART_RxCpltCallback
 .text.HAL_UART_RxHalfCpltCallback
                0x000000000800e358       0x90 ../../../libDaisy/build/libdaisy.a(uart.o)
                0x000000000800e358                HAL_UART_RxHalfCpltCallback
 .text.HAL_UART_ErrorCallback
                0x000000000800e3e8        0x8 ../../../libDaisy/build/libdaisy.a(uart.o)
                0x000000000800e3e8                HAL_UART_ErrorCallback
 .text.startup._GLOBAL__sub_I__Z19MapInstanceToHandleP13USART_TypeDef
                0x000000000800e3f0      0x194 ../../../libDaisy/build/libdaisy.a(uart.o)
 .text.dsy_dma_init
                0x000000000800e584      0x100 ../../../libDaisy/build/libdaisy.a(dma.o)
                0x000000000800e584                dsy_dma_init
 .text.dsy_dma_invalidate_cache_for_buffer
                0x000000000800e684       0x2c ../../../libDaisy/build/libdaisy.a(dma.o)
                0x000000000800e684                dsy_dma_invalidate_cache_for_buffer
 .text.HAL_MDMA_Abort_IT
                0x000000000800e6b0       0x2c ../../../libDaisy/build/libdaisy.a(stm32h7xx_hal_mdma.o)
                0x000000000800e6b0                HAL_MDMA_Abort_IT
 .text.SPI_CloseTransfer
                0x000000000800e6dc       0xb8 ../../../libDaisy/build/libdaisy.a(stm32h7xx_hal_spi.o)
 .text.HAL_SPI_Init
                0x000000000800e794      0x15c ../../../libDaisy/build/libdaisy.a(stm32h7xx_hal_spi.o)
                0x000000000800e794                HAL_SPI_Init
 .text.HAL_SPI_Transmit_DMA
                0x000000000800e8f0      0x170 ../../../libDaisy/build/libdaisy.a(stm32h7xx_hal_spi.o)
                0x000000000800e8f0                HAL_SPI_Transmit_DMA
 .text.HAL_SPI_TransmitReceive_DMA
                0x000000000800ea60      0x218 ../../../libDaisy/build/libdaisy.a(stm32h7xx_hal_spi.o)
                0x000000000800ea60                HAL_SPI_TransmitReceive_DMA
 .text.HAL_SPI_Receive_DMA
                0x000000000800ec78      0x1b4 ../../../libDaisy/build/libdaisy.a(stm32h7xx_hal_spi.o)
                0x000000000800ec78                HAL_SPI_Receive_DMA
 .text.SPI_DMATransmitCplt
                0x000000000800ee2c       0x28 ../../../libDaisy/build/libdaisy.a(stm32h7xx_hal_spi.o)
 .text.SPI_DMAReceiveCplt
                0x000000000800ee54       0x28 ../../../libDaisy/build/libdaisy.a(stm32h7xx_hal_spi.o)
 .text.SPI_DMATransmitReceiveCplt
                0x000000000800ee7c       0x28 ../../../libDaisy/build/libdaisy.a(stm32h7xx_hal_spi.o)
 .text.HAL_SPI_TxHalfCpltCallback
                0x000000000800eea4        0x4 ../../../libDaisy/build/libdaisy.a(stm32h7xx_hal_spi.o)
                0x000000000800eea4                HAL_SPI_TxHalfCpltCallback
 .text.SPI_DMAHalfTransmitCplt
                0x000000000800eea8        0xc ../../../libDaisy/build/libdaisy.a(stm32h7xx_hal_spi.o)
 .text.HAL_SPI_RxHalfCpltCallback
                0x000000000800eeb4        0x4 ../../../libDaisy/build/libdaisy.a(stm32h7xx_hal_spi.o)
                0x000000000800eeb4                HAL_SPI_RxHalfCpltCallback
 .text.SPI_DMAHalfReceiveCplt
                0x000000000800eeb8        0xc ../../../libDaisy/build/libdaisy.a(stm32h7xx_hal_spi.o)
 .text.HAL_SPI_TxRxHalfCpltCallback
                0x000000000800eec4        0x4 ../../../libDaisy/build/libdaisy.a(stm32h7xx_hal_spi.o)
                0x000000000800eec4                HAL_SPI_TxRxHalfCpltCallback
 .text.SPI_DMAHalfTransmitReceiveCplt
                0x000000000800eec8        0xc ../../../libDaisy/build/libdaisy.a(stm32h7xx_hal_spi.o)
 .text.SPI_DMAError
                0x000000000800eed4       0xd8 ../../../libDaisy/build/libdaisy.a(stm32h7xx_hal_spi.o)
 .text.HAL_SPI_IRQHandler
                0x000000000800efac      0x23c ../../../libDaisy/build/libdaisy.a(stm32h7xx_hal_spi.o)
                0x000000000800efac                HAL_SPI_IRQHandler
 .text.SPI_DMAAbortOnError
                0x000000000800f1e8       0x1c ../../../libDaisy/build/libdaisy.a(stm32h7xx_hal_spi.o)
 .text.HAL_SPI_GetState
                0x000000000800f204        0x8 ../../../libDaisy/build/libdaisy.a(stm32h7xx_hal_spi.o)
                0x000000000800f204                HAL_SPI_GetState
 .text.HAL_TIM_Base_Init
                0x000000000800f20c      0x140 ../../../libDaisy/build/libdaisy.a(stm32h7xx_hal_tim.o)
                0x000000000800f20c                HAL_TIM_Base_Init
 .text.HAL_TIM_Base_Start
                0x000000000800f34c       0x34 ../../../libDaisy/build/libdaisy.a(stm32h7xx_hal_tim.o)
                0x000000000800f34c                HAL_TIM_Base_Start
 .text.HAL_TIM_Base_Start_IT
                0x000000000800f380       0x2c ../../../libDaisy/build/libdaisy.a(stm32h7xx_hal_tim.o)
                0x000000000800f380                HAL_TIM_Base_Start_IT
 .text.HAL_TIM_ConfigClockSource
                0x000000000800f3ac      0x17c ../../../libDaisy/build/libdaisy.a(stm32h7xx_hal_tim.o)
                0x000000000800f3ac                HAL_TIM_ConfigClockSource
 .text.HAL_TIM_OC_DelayElapsedCallback
                0x000000000800f528        0x4 ../../../libDaisy/build/libdaisy.a(stm32h7xx_hal_tim.o)
                0x000000000800f528                HAL_TIM_OC_DelayElapsedCallback
 .text.HAL_TIM_IC_CaptureCallback
                0x000000000800f52c        0x4 ../../../libDaisy/build/libdaisy.a(stm32h7xx_hal_tim.o)
                0x000000000800f52c                HAL_TIM_IC_CaptureCallback
 .text.HAL_TIM_PWM_PulseFinishedCallback
                0x000000000800f530        0x4 ../../../libDaisy/build/libdaisy.a(stm32h7xx_hal_tim.o)
                0x000000000800f530                HAL_TIM_PWM_PulseFinishedCallback
 .text.HAL_TIM_TriggerCallback
                0x000000000800f534        0x4 ../../../libDaisy/build/libdaisy.a(stm32h7xx_hal_tim.o)
                0x000000000800f534                HAL_TIM_TriggerCallback
 .text.HAL_TIM_IRQHandler
                0x000000000800f538      0x170 ../../../libDaisy/build/libdaisy.a(stm32h7xx_hal_tim.o)
                0x000000000800f538                HAL_TIM_IRQHandler
 .text.HAL_TIMEx_MasterConfigSynchronization
                0x000000000800f6a8       0x64 ../../../libDaisy/build/libdaisy.a(stm32h7xx_hal_tim_ex.o)
                0x000000000800f6a8                HAL_TIMEx_MasterConfigSynchronization
 .text.HAL_TIMEx_CommutCallback
                0x000000000800f70c        0x4 ../../../libDaisy/build/libdaisy.a(stm32h7xx_hal_tim_ex.o)
                0x000000000800f70c                HAL_TIMEx_CommutCallback
 .text.HAL_TIMEx_BreakCallback
                0x000000000800f710        0x4 ../../../libDaisy/build/libdaisy.a(stm32h7xx_hal_tim_ex.o)
                0x000000000800f710                HAL_TIMEx_BreakCallback
 .text.HAL_TIMEx_Break2Callback
                0x000000000800f714        0x4 ../../../libDaisy/build/libdaisy.a(stm32h7xx_hal_tim_ex.o)
                0x000000000800f714                HAL_TIMEx_Break2Callback
 .text.HAL_UART_Transmit_DMA
                0x000000000800f718       0xa4 ../../../libDaisy/build/libdaisy.a(stm32h7xx_hal_uart.o)
                0x000000000800f718                HAL_UART_Transmit_DMA
 .text.HAL_UART_Receive_DMA
                0x000000000800f7bc       0xac ../../../libDaisy/build/libdaisy.a(stm32h7xx_hal_uart.o)
                0x000000000800f7bc                HAL_UART_Receive_DMA
 .text.UART_DMATransmitCplt
                0x000000000800f868       0x2c ../../../libDaisy/build/libdaisy.a(stm32h7xx_hal_uart.o)
 .text.HAL_UART_TxHalfCpltCallback
                0x000000000800f894        0x4 ../../../libDaisy/build/libdaisy.a(stm32h7xx_hal_uart.o)
                0x000000000800f894                HAL_UART_TxHalfCpltCallback
 .text.UART_DMATxHalfCplt
                0x000000000800f898        0xc ../../../libDaisy/build/libdaisy.a(stm32h7xx_hal_uart.o)
 .text.UART_DMAReceiveCplt
                0x000000000800f8a4       0x38 ../../../libDaisy/build/libdaisy.a(stm32h7xx_hal_uart.o)
 .text.UART_DMARxHalfCplt
                0x000000000800f8dc        0xc ../../../libDaisy/build/libdaisy.a(stm32h7xx_hal_uart.o)
 .text.UART_DMAError
                0x000000000800f8e8       0x78 ../../../libDaisy/build/libdaisy.a(stm32h7xx_hal_uart.o)
 .text.HAL_UART_IRQHandler
                0x000000000800f960      0x1d0 ../../../libDaisy/build/libdaisy.a(stm32h7xx_hal_uart.o)
                0x000000000800f960                HAL_UART_IRQHandler
 .text.UART_DMAAbortOnError
                0x000000000800fb30       0x14 ../../../libDaisy/build/libdaisy.a(stm32h7xx_hal_uart.o)
 .text.HAL_UART_GetState
                0x000000000800fb44        0xc ../../../libDaisy/build/libdaisy.a(stm32h7xx_hal_uart.o)
                0x000000000800fb44                HAL_UART_GetState
 .text.UART_SetConfig
                0x000000000800fb50     0x14b8 ../../../libDaisy/build/libdaisy.a(stm32h7xx_hal_uart.o)
                0x000000000800fb50                UART_SetConfig
 .text.UART_AdvFeatureConfig
                0x0000000008011008       0xb0 ../../../libDaisy/build/libdaisy.a(stm32h7xx_hal_uart.o)
                0x0000000008011008                UART_AdvFeatureConfig
 .text.UART_CheckIdleState
                0x00000000080110b8       0x84 ../../../libDaisy/build/libdaisy.a(stm32h7xx_hal_uart.o)
                0x00000000080110b8                UART_CheckIdleState
 .text.HAL_UART_Init
                0x000000000801113c       0x68 ../../../libDaisy/build/libdaisy.a(stm32h7xx_hal_uart.o)
                0x000000000801113c                HAL_UART_Init
 .text.HAL_UARTEx_WakeupCallback
                0x00000000080111a4        0x4 ../../../libDaisy/build/libdaisy.a(stm32h7xx_hal_uart_ex.o)
                0x00000000080111a4                HAL_UARTEx_WakeupCallback
 .text.HAL_UARTEx_RxFifoFullCallback
                0x00000000080111a8        0x4 ../../../libDaisy/build/libdaisy.a(stm32h7xx_hal_uart_ex.o)
                0x00000000080111a8                HAL_UARTEx_RxFifoFullCallback
 .text.HAL_UARTEx_TxFifoEmptyCallback
                0x00000000080111ac        0x4 ../../../libDaisy/build/libdaisy.a(stm32h7xx_hal_uart_ex.o)
                0x00000000080111ac                HAL_UARTEx_TxFifoEmptyCallback
 .text._ZN7daisysp10Oscillator7ProcessEv
                0x00000000080111b0      0x374 ../../../DaisySP/build/libdaisysp.a(oscillator.o)
                0x00000000080111b0                daisysp::Oscillator::Process()
 .text._ZN7daisysp10Oscillator12CalcPhaseIncEf
                0x0000000008011524        0xc ../../../DaisySP/build/libdaisysp.a(oscillator.o)
                0x0000000008011524                daisysp::Oscillator::CalcPhaseInc(float)
 .text.__aeabi_atexit
                0x0000000008011530        0xa /home/erzire/Developer/gcc-arm-none-eabi-10-2020-q4-major/bin/../lib/gcc/arm-none-eabi/10.2.1/../../../../arm-none-eabi/lib/thumb/v7e-m+dp/hard/libstdc++_nano.a(atexit_arm.o)
                0x0000000008011530                __aeabi_atexit
 *fill*         0x000000000801153a        0x6 
 .text.powf     0x0000000008011540      0x328 /home/erzire/Developer/gcc-arm-none-eabi-10-2020-q4-major/bin/../lib/gcc/arm-none-eabi/10.2.1/../../../../arm-none-eabi/lib/thumb/v7e-m+dp/hard/libm.a(lib_a-sf_pow.o)
                0x0000000008011540                powf
 .text.sinf     0x0000000008011868      0x20c /home/erzire/Developer/gcc-arm-none-eabi-10-2020-q4-major/bin/../lib/gcc/arm-none-eabi/10.2.1/../../../../arm-none-eabi/lib/thumb/v7e-m+dp/hard/libm.a(lib_a-sinf.o)
                0x0000000008011868                sinf
 .text.with_errnof
                0x0000000008011a74       0x18 /home/erzire/Developer/gcc-arm-none-eabi-10-2020-q4-major/bin/../lib/gcc/arm-none-eabi/10.2.1/../../../../arm-none-eabi/lib/thumb/v7e-m+dp/hard/libm.a(lib_a-math_errf.o)
 .text.xflowf   0x0000000008011a8c       0x20 /home/erzire/Developer/gcc-arm-none-eabi-10-2020-q4-major/bin/../lib/gcc/arm-none-eabi/10.2.1/../../../../arm-none-eabi/lib/thumb/v7e-m+dp/hard/libm.a(lib_a-math_errf.o)
 .text.__math_uflowf
                0x0000000008011aac        0xc /home/erzire/Developer/gcc-arm-none-eabi-10-2020-q4-major/bin/../lib/gcc/arm-none-eabi/10.2.1/../../../../arm-none-eabi/lib/thumb/v7e-m+dp/hard/libm.a(lib_a-math_errf.o)
                0x0000000008011aac                __math_uflowf
 .text.__math_may_uflowf
                0x0000000008011ab8        0xc /home/erzire/Developer/gcc-arm-none-eabi-10-2020-q4-major/bin/../lib/gcc/arm-none-eabi/10.2.1/../../../../arm-none-eabi/lib/thumb/v7e-m+dp/hard/libm.a(lib_a-math_errf.o)
                0x0000000008011ab8                __math_may_uflowf
 .text.__math_oflowf
                0x0000000008011ac4        0xc /home/erzire/Developer/gcc-arm-none-eabi-10-2020-q4-major/bin/../lib/gcc/arm-none-eabi/10.2.1/../../../../arm-none-eabi/lib/thumb/v7e-m+dp/hard/libm.a(lib_a-math_errf.o)
                0x0000000008011ac4                __math_oflowf
 .text.__math_divzerof
                0x0000000008011ad0       0x24 /home/erzire/Developer/gcc-arm-none-eabi-10-2020-q4-major/bin/../lib/gcc/arm-none-eabi/10.2.1/../../../../arm-none-eabi/lib/thumb/v7e-m+dp/hard/libm.a(lib_a-math_errf.o)
                0x0000000008011ad0                __math_divzerof
 .text.__math_invalidf
                0x0000000008011af4       0x20 /home/erzire/Developer/gcc-arm-none-eabi-10-2020-q4-major/bin/../lib/gcc/arm-none-eabi/10.2.1/../../../../arm-none-eabi/lib/thumb/v7e-m+dp/hard/libm.a(lib_a-math_errf.o)
                0x0000000008011af4                __math_invalidf
 .text.__cxa_atexit
                0x0000000008011b14       0x1c /home/erzire/Developer/gcc-arm-none-eabi-10-2020-q4-major/bin/../lib/gcc/arm-none-eabi/10.2.1/../../../../arm-none-eabi/lib/thumb/v7e-m+dp/hard/libc_nano.a(lib_a-cxa_atexit.o)
                0x0000000008011b14                __cxa_atexit
 .text.__errno  0x0000000008011b30        0xc /home/erzire/Developer/gcc-arm-none-eabi-10-2020-q4-major/bin/../lib/gcc/arm-none-eabi/10.2.1/../../../../arm-none-eabi/lib/thumb/v7e-m+dp/hard/libc_nano.a(lib_a-errno.o)
                0x0000000008011b30                __errno
 .text.__libc_init_array
                0x0000000008011b3c       0x48 /home/erzire/Developer/gcc-arm-none-eabi-10-2020-q4-major/bin/../lib/gcc/arm-none-eabi/10.2.1/../../../../arm-none-eabi/lib/thumb/v7e-m+dp/hard/libc_nano.a(lib_a-init.o)
                0x0000000008011b3c                __libc_init_array
 .text.memcpy   0x0000000008011b84       0x1c /home/erzire/Developer/gcc-arm-none-eabi-10-2020-q4-major/bin/../lib/gcc/arm-none-eabi/10.2.1/../../../../arm-none-eabi/lib/thumb/v7e-m+dp/hard/libc_nano.a(lib_a-memcpy-stub.o)
                0x0000000008011b84                memcpy
 .text.memset   0x0000000008011ba0       0x10 /home/erzire/Developer/gcc-arm-none-eabi-10-2020-q4-major/bin/../lib/gcc/arm-none-eabi/10.2.1/../../../../arm-none-eabi/lib/thumb/v7e-m+dp/hard/libc_nano.a(lib_a-memset.o)
                0x0000000008011ba0                memset
 *(.rodata)